../../../../../../../Drivers/STM32WBxx_HAL_Driver/Inc/stm32wbxx_ll_bus.h:539:22:LL_AHB2_GRP1_EnableClock	24	static
../../../../../../../Drivers/STM32WBxx_HAL_Driver/Inc/stm32wbxx_ll_bus.h:1274:22:LL_APB2_GRP1_EnableClock	24	static
C:/Users/Jaeho Park/Downloads/STM32CubeWB-master_new/STM32CubeWB-master/Drivers/BSP/P-NUCLEO-WB55.Nucleo/stm32wbxx_nucleo.c:133:10:BSP_GetVersion	4	static
C:/Users/Jaeho Park/Downloads/STM32CubeWB-master_new/STM32CubeWB-master/Drivers/BSP/P-NUCLEO-WB55.Nucleo/stm32wbxx_nucleo.c:151:6:BSP_LED_Init	40	static
C:/Users/Jaeho Park/Downloads/STM32CubeWB-master_new/STM32CubeWB-master/Drivers/BSP/P-NUCLEO-WB55.Nucleo/stm32wbxx_nucleo.c:179:6:BSP_LED_DeInit	40	static
C:/Users/Jaeho Park/Downloads/STM32CubeWB-master_new/STM32CubeWB-master/Drivers/BSP/P-NUCLEO-WB55.Nucleo/stm32wbxx_nucleo.c:199:6:BSP_LED_On	16	static
C:/Users/Jaeho Park/Downloads/STM32CubeWB-master_new/STM32CubeWB-master/Drivers/BSP/P-NUCLEO-WB55.Nucleo/stm32wbxx_nucleo.c:213:6:BSP_LED_Off	16	static
C:/Users/Jaeho Park/Downloads/STM32CubeWB-master_new/STM32CubeWB-master/Drivers/BSP/P-NUCLEO-WB55.Nucleo/stm32wbxx_nucleo.c:227:6:BSP_LED_Toggle	16	static
C:/Users/Jaeho Park/Downloads/STM32CubeWB-master_new/STM32CubeWB-master/Drivers/BSP/P-NUCLEO-WB55.Nucleo/stm32wbxx_nucleo.c:254:6:BSP_PB_Init	40	static
C:/Users/Jaeho Park/Downloads/STM32CubeWB-master_new/STM32CubeWB-master/Drivers/BSP/P-NUCLEO-WB55.Nucleo/stm32wbxx_nucleo.c:298:6:BSP_PB_DeInit	40	static
C:/Users/Jaeho Park/Downloads/STM32CubeWB-master_new/STM32CubeWB-master/Drivers/BSP/P-NUCLEO-WB55.Nucleo/stm32wbxx_nucleo.c:316:10:BSP_PB_GetState	16	static
C:/Users/Jaeho Park/Downloads/STM32CubeWB-master_new/STM32CubeWB-master/Drivers/BSP/P-NUCLEO-WB55.Nucleo/stm32wbxx_nucleo.c:336:9:BSP_JOY_Init	8	static
C:/Users/Jaeho Park/Downloads/STM32CubeWB-master_new/STM32CubeWB-master/Drivers/BSP/P-NUCLEO-WB55.Nucleo/stm32wbxx_nucleo.c:366:18:BSP_JOY_GetState	16	static
C:/Users/Jaeho Park/Downloads/STM32CubeWB-master_new/STM32CubeWB-master/Drivers/BSP/P-NUCLEO-WB55.Nucleo/stm32wbxx_nucleo.c:435:13:SPIx_MspInit	32	static
C:/Users/Jaeho Park/Downloads/STM32CubeWB-master_new/STM32CubeWB-master/Drivers/BSP/P-NUCLEO-WB55.Nucleo/stm32wbxx_nucleo.c:470:13:SPIx_Init	8	static
C:/Users/Jaeho Park/Downloads/STM32CubeWB-master_new/STM32CubeWB-master/Drivers/BSP/P-NUCLEO-WB55.Nucleo/stm32wbxx_nucleo.c:510:13:SPIx_WriteReadData	40	static
C:/Users/Jaeho Park/Downloads/STM32CubeWB-master_new/STM32CubeWB-master/Drivers/BSP/P-NUCLEO-WB55.Nucleo/stm32wbxx_nucleo.c:528:13:SPIx_Write	32	static
C:/Users/Jaeho Park/Downloads/STM32CubeWB-master_new/STM32CubeWB-master/Drivers/BSP/P-NUCLEO-WB55.Nucleo/stm32wbxx_nucleo.c:547:13:SPIx_Error	8	static
C:/Users/Jaeho Park/Downloads/STM32CubeWB-master_new/STM32CubeWB-master/Drivers/BSP/P-NUCLEO-WB55.Nucleo/stm32wbxx_nucleo.c:566:6:SD_IO_Init	32	static
C:/Users/Jaeho Park/Downloads/STM32CubeWB-master_new/STM32CubeWB-master/Drivers/BSP/P-NUCLEO-WB55.Nucleo/stm32wbxx_nucleo.c:610:6:SD_IO_CSState	16	static
C:/Users/Jaeho Park/Downloads/STM32CubeWB-master_new/STM32CubeWB-master/Drivers/BSP/P-NUCLEO-WB55.Nucleo/stm32wbxx_nucleo.c:629:6:SD_IO_WriteReadData	24	static
C:/Users/Jaeho Park/Downloads/STM32CubeWB-master_new/STM32CubeWB-master/Drivers/BSP/P-NUCLEO-WB55.Nucleo/stm32wbxx_nucleo.c:640:9:SD_IO_WriteByte	24	static
C:/Users/Jaeho Park/Downloads/STM32CubeWB-master_new/STM32CubeWB-master/Drivers/BSP/P-NUCLEO-WB55.Nucleo/stm32wbxx_nucleo.c:654:6:LCD_IO_Init	32	static
C:/Users/Jaeho Park/Downloads/STM32CubeWB-master_new/STM32CubeWB-master/Drivers/BSP/P-NUCLEO-WB55.Nucleo/stm32wbxx_nucleo.c:685:6:LCD_IO_WriteReg	16	static
C:/Users/Jaeho Park/Downloads/STM32CubeWB-master_new/STM32CubeWB-master/Drivers/BSP/P-NUCLEO-WB55.Nucleo/stm32wbxx_nucleo.c:706:6:LCD_IO_WriteMultipleData	24	static
C:/Users/Jaeho Park/Downloads/STM32CubeWB-master_new/STM32CubeWB-master/Drivers/BSP/P-NUCLEO-WB55.Nucleo/stm32wbxx_nucleo.c:762:6:LCD_Delay	16	static
C:/Users/Jaeho Park/Downloads/STM32CubeWB-master_new/STM32CubeWB-master/Drivers/BSP/P-NUCLEO-WB55.Nucleo/stm32wbxx_nucleo.c:775:13:ADCx_MspInit	120	static
C:/Users/Jaeho Park/Downloads/STM32CubeWB-master_new/STM32CubeWB-master/Drivers/BSP/P-NUCLEO-WB55.Nucleo/stm32wbxx_nucleo.c:805:26:ADCx_Init	8	static
