C:/Users/Jaeho Park/Downloads/STM32CubeWB-master_new/STM32CubeWB-master/Projects/P-NUCLEO-WB55.USBDongle/Applications/BLE/BLE_p2pClient/STM32_WPAN/App/p2p_client_app.c:178:6:P2PC_APP_Init	16	static
C:/Users/Jaeho Park/Downloads/STM32CubeWB-master_new/STM32CubeWB-master/Projects/P-NUCLEO-WB55.USBDongle/Applications/BLE/BLE_p2pClient/STM32_WPAN/App/p2p_client_app.c:216:6:P2PC_APP_Notification	24	static
C:/Users/Jaeho Park/Downloads/STM32CubeWB-master_new/STM32CubeWB-master/Projects/P-NUCLEO-WB55.USBDongle/Applications/BLE/BLE_p2pClient/STM32_WPAN/App/p2p_client_app.c:264:6:P2PC_APP_SW1_Button_Action	8	static
C:/Users/Jaeho Park/Downloads/STM32CubeWB-master_new/STM32CubeWB-master/Projects/P-NUCLEO-WB55.USBDongle/Applications/BLE/BLE_p2pClient/STM32_WPAN/App/p2p_client_app.c:283:30:Event_Handler	88	static
C:/Users/Jaeho Park/Downloads/STM32CubeWB-master_new/STM32CubeWB-master/Projects/P-NUCLEO-WB55.USBDongle/Applications/BLE/BLE_p2pClient/STM32_WPAN/App/p2p_client_app.c:570:6:Gatt_Notification	16	static
C:/Users/Jaeho Park/Downloads/STM32CubeWB-master_new/STM32CubeWB-master/Projects/P-NUCLEO-WB55.USBDongle/Applications/BLE/BLE_p2pClient/STM32_WPAN/App/p2p_client_app.c:624:9:P2P_Client_APP_Get_State	4	static
C:/Users/Jaeho Park/Downloads/STM32CubeWB-master_new/STM32CubeWB-master/Projects/P-NUCLEO-WB55.USBDongle/Applications/BLE/BLE_p2pClient/STM32_WPAN/App/p2p_client_app.c:633:12:Write_Char	24	static
C:/Users/Jaeho Park/Downloads/STM32CubeWB-master_new/STM32CubeWB-master/Projects/P-NUCLEO-WB55.USBDongle/Applications/BLE/BLE_p2pClient/STM32_WPAN/App/p2p_client_app.c:663:6:Button_Trigger_Received	8	static
C:/Users/Jaeho Park/Downloads/STM32CubeWB-master_new/STM32CubeWB-master/Projects/P-NUCLEO-WB55.USBDongle/Applications/BLE/BLE_p2pClient/STM32_WPAN/App/p2p_client_app.c:680:6:Update_Service	16	static
