C:/Users/Jaeho Park/Downloads/STM32CubeWB-master_new/STM32CubeWB-master/Projects/P-NUCLEO-WB55.Nucleo/Applications/BLE/BLE_p2pClient/STM32_WPAN/App/p2p_client_app.c:179:6:P2PC_APP_Init	16	static
C:/Users/Jaeho Park/Downloads/STM32CubeWB-master_new/STM32CubeWB-master/Projects/P-NUCLEO-WB55.Nucleo/Applications/BLE/BLE_p2pClient/STM32_WPAN/App/p2p_client_app.c:217:6:P2PC_APP_Notification	24	static
C:/Users/Jaeho Park/Downloads/STM32CubeWB-master_new/STM32CubeWB-master/Projects/P-NUCLEO-WB55.Nucleo/Applications/BLE/BLE_p2pClient/STM32_WPAN/App/p2p_client_app.c:265:6:P2PC_APP_SW1_Button_Action	8	static
C:/Users/Jaeho Park/Downloads/STM32CubeWB-master_new/STM32CubeWB-master/Projects/P-NUCLEO-WB55.Nucleo/Applications/BLE/BLE_p2pClient/STM32_WPAN/App/p2p_client_app.c:284:30:Event_Handler	88	static
C:/Users/Jaeho Park/Downloads/STM32CubeWB-master_new/STM32CubeWB-master/Projects/P-NUCLEO-WB55.Nucleo/Applications/BLE/BLE_p2pClient/STM32_WPAN/App/p2p_client_app.c:571:6:Gatt_Notification	16	static
C:/Users/Jaeho Park/Downloads/STM32CubeWB-master_new/STM32CubeWB-master/Projects/P-NUCLEO-WB55.Nucleo/Applications/BLE/BLE_p2pClient/STM32_WPAN/App/p2p_client_app.c:624:9:P2P_Client_APP_Get_State	4	static
C:/Users/Jaeho Park/Downloads/STM32CubeWB-master_new/STM32CubeWB-master/Projects/P-NUCLEO-WB55.Nucleo/Applications/BLE/BLE_p2pClient/STM32_WPAN/App/p2p_client_app.c:633:12:Write_Char	24	static
C:/Users/Jaeho Park/Downloads/STM32CubeWB-master_new/STM32CubeWB-master/Projects/P-NUCLEO-WB55.Nucleo/Applications/BLE/BLE_p2pClient/STM32_WPAN/App/p2p_client_app.c:659:6:Button_Trigger_Received	8	static
C:/Users/Jaeho Park/Downloads/STM32CubeWB-master_new/STM32CubeWB-master/Projects/P-NUCLEO-WB55.Nucleo/Applications/BLE/BLE_p2pClient/STM32_WPAN/App/p2p_client_app.c:677:6:Update_Service	16	static
