../../../../../../../Drivers/CMSIS/Include/core_cm4.h:1933:34:__NVIC_SystemReset	4	static,ignoring_inline_asm
../../../../../../../Drivers/STM32WBxx_HAL_Driver/Inc/stm32wbxx_ll_system.h:2221:26:LL_FLASH_GetUDN	4	static
../../../../../../../Drivers/STM32WBxx_HAL_Driver/Inc/stm32wbxx_ll_system.h:2233:26:LL_FLASH_GetDeviceID	4	static
../../../../../../../Drivers/STM32WBxx_HAL_Driver/Inc/stm32wbxx_ll_system.h:2245:26:LL_FLASH_GetSTCompanyID	4	static
C:/Users/Jaeho Park/Downloads/STM32CubeWB-master_new/STM32CubeWB-master/Projects/P-NUCLEO-WB55.Nucleo/Applications/BLE/BLE_Beacon/STM32_WPAN/App/app_ble.c:133:6:APP_BLE_Init	80	static
C:/Users/Jaeho Park/Downloads/STM32CubeWB-master_new/STM32CubeWB-master/Projects/P-NUCLEO-WB55.Nucleo/Applications/BLE/BLE_Beacon/STM32_WPAN/App/app_ble.c:250:28:SVCCTL_App_Notification	32	static
C:/Users/Jaeho Park/Downloads/STM32CubeWB-master_new/STM32CubeWB-master/Projects/P-NUCLEO-WB55.Nucleo/Applications/BLE/BLE_Beacon/STM32_WPAN/App/app_ble.c:333:6:APP_BLE_Key_Button1_Action	4	static
C:/Users/Jaeho Park/Downloads/STM32CubeWB-master_new/STM32CubeWB-master/Projects/P-NUCLEO-WB55.Nucleo/Applications/BLE/BLE_Beacon/STM32_WPAN/App/app_ble.c:338:6:APP_BLE_Key_Button2_Action	4	static
C:/Users/Jaeho Park/Downloads/STM32CubeWB-master_new/STM32CubeWB-master/Projects/P-NUCLEO-WB55.Nucleo/Applications/BLE/BLE_Beacon/STM32_WPAN/App/app_ble.c:343:6:APP_BLE_Key_Button3_Action	4	static
C:/Users/Jaeho Park/Downloads/STM32CubeWB-master_new/STM32CubeWB-master/Projects/P-NUCLEO-WB55.Nucleo/Applications/BLE/BLE_Beacon/STM32_WPAN/App/app_ble.c:355:13:Ble_Tl_Init	16	static
C:/Users/Jaeho Park/Downloads/STM32CubeWB-master_new/STM32CubeWB-master/Projects/P-NUCLEO-WB55.Nucleo/Applications/BLE/BLE_Beacon/STM32_WPAN/App/app_ble.c:366:13:Ble_Hci_Gap_Gatt_Init	56	static
C:/Users/Jaeho Park/Downloads/STM32CubeWB-master_new/STM32CubeWB-master/Projects/P-NUCLEO-WB55.Nucleo/Applications/BLE/BLE_Beacon/STM32_WPAN/App/app_ble.c:518:13:Beacon_Update	24	static
C:/Users/Jaeho Park/Downloads/STM32CubeWB-master_new/STM32CubeWB-master/Projects/P-NUCLEO-WB55.Nucleo/Applications/BLE/BLE_Beacon/STM32_WPAN/App/app_ble.c:553:16:BleGetBdAddress	32	static
C:/Users/Jaeho Park/Downloads/STM32CubeWB-master_new/STM32CubeWB-master/Projects/P-NUCLEO-WB55.Nucleo/Applications/BLE/BLE_Beacon/STM32_WPAN/App/app_ble.c:613:6:hci_notify_asynch_evt	16	static
C:/Users/Jaeho Park/Downloads/STM32CubeWB-master_new/STM32CubeWB-master/Projects/P-NUCLEO-WB55.Nucleo/Applications/BLE/BLE_Beacon/STM32_WPAN/App/app_ble.c:620:6:hci_cmd_resp_release	16	static
C:/Users/Jaeho Park/Downloads/STM32CubeWB-master_new/STM32CubeWB-master/Projects/P-NUCLEO-WB55.Nucleo/Applications/BLE/BLE_Beacon/STM32_WPAN/App/app_ble.c:627:6:hci_cmd_resp_wait	16	static
C:/Users/Jaeho Park/Downloads/STM32CubeWB-master_new/STM32CubeWB-master/Projects/P-NUCLEO-WB55.Nucleo/Applications/BLE/BLE_Beacon/STM32_WPAN/App/app_ble.c:634:13:BLE_UserEvtRx	24	static
C:/Users/Jaeho Park/Downloads/STM32CubeWB-master_new/STM32CubeWB-master/Projects/P-NUCLEO-WB55.Nucleo/Applications/BLE/BLE_Beacon/STM32_WPAN/App/app_ble.c:654:13:BLE_StatusNot	24	static
C:/Users/Jaeho Park/Downloads/STM32CubeWB-master_new/STM32CubeWB-master/Projects/P-NUCLEO-WB55.Nucleo/Applications/BLE/BLE_Beacon/STM32_WPAN/App/app_ble.c:693:6:SVCCTL_ResumeUserEventFlow	8	static
