../../../../../../../Drivers/STM32WBxx_HAL_Driver/Inc/stm32wbxx_ll_bus.h:539:22:LL_AHB2_GRP1_EnableClock	24	static
C:/Users/Jaeho Park/Downloads/STM32CubeWB-master_new/STM32CubeWB-master/Projects/P-NUCLEO-WB55.Nucleo/Examples/I2C/I2C_WakeUpFromStop/Src/main.c:77:5:main	8	static
C:/Users/Jaeho Park/Downloads/STM32CubeWB-master_new/STM32CubeWB-master/Projects/P-NUCLEO-WB55.Nucleo/Examples/I2C/I2C_WakeUpFromStop/Src/main.c:285:6:SystemClock_Config	112	static
C:/Users/Jaeho Park/Downloads/STM32CubeWB-master_new/STM32CubeWB-master/Projects/P-NUCLEO-WB55.Nucleo/Examples/I2C/I2C_WakeUpFromStop/Src/main.c:326:6:PeriphCommonClock_Config	88	static
C:/Users/Jaeho Park/Downloads/STM32CubeWB-master_new/STM32CubeWB-master/Projects/P-NUCLEO-WB55.Nucleo/Examples/I2C/I2C_WakeUpFromStop/Src/main.c:350:13:MX_I2C1_Init	8	static
C:/Users/Jaeho Park/Downloads/STM32CubeWB-master_new/STM32CubeWB-master/Projects/P-NUCLEO-WB55.Nucleo/Examples/I2C/I2C_WakeUpFromStop/Src/main.c:399:13:MX_GPIO_Init	8	static
C:/Users/Jaeho Park/Downloads/STM32CubeWB-master_new/STM32CubeWB-master/Projects/P-NUCLEO-WB55.Nucleo/Examples/I2C/I2C_WakeUpFromStop/Src/main.c:416:6:HAL_I2C_MasterTxCpltCallback	16	static
C:/Users/Jaeho Park/Downloads/STM32CubeWB-master_new/STM32CubeWB-master/Projects/P-NUCLEO-WB55.Nucleo/Examples/I2C/I2C_WakeUpFromStop/Src/main.c:447:6:HAL_I2C_MasterRxCpltCallback	16	static
C:/Users/Jaeho Park/Downloads/STM32CubeWB-master_new/STM32CubeWB-master/Projects/P-NUCLEO-WB55.Nucleo/Examples/I2C/I2C_WakeUpFromStop/Src/main.c:479:6:HAL_I2C_ErrorCallback	16	static
C:/Users/Jaeho Park/Downloads/STM32CubeWB-master_new/STM32CubeWB-master/Projects/P-NUCLEO-WB55.Nucleo/Examples/I2C/I2C_WakeUpFromStop/Src/main.c:516:17:Buffercmp	24	static
C:/Users/Jaeho Park/Downloads/STM32CubeWB-master_new/STM32CubeWB-master/Projects/P-NUCLEO-WB55.Nucleo/Examples/I2C/I2C_WakeUpFromStop/Src/main.c:536:6:Error_Handler	8	static
