C:/Users/Jaeho Park/Downloads/STM32CubeWB-master_new/STM32CubeWB-master/Projects/P-NUCLEO-WB55.Nucleo/Examples/I2C/I2C_WakeUpFromStop/Src/stm32wbxx_it.c:72:6:SVC_Handler	4	static
C:/Users/Jaeho Park/Downloads/STM32CubeWB-master_new/STM32CubeWB-master/Projects/P-NUCLEO-WB55.Nucleo/Examples/I2C/I2C_WakeUpFromStop/Src/stm32wbxx_it.c:85:6:PendSV_Handler	4	static
C:/Users/Jaeho Park/Downloads/STM32CubeWB-master_new/STM32CubeWB-master/Projects/P-NUCLEO-WB55.Nucleo/Examples/I2C/I2C_WakeUpFromStop/Src/stm32wbxx_it.c:98:6:SysTick_Handler	8	static
C:/Users/Jaeho Park/Downloads/STM32CubeWB-master_new/STM32CubeWB-master/Projects/P-NUCLEO-WB55.Nucleo/Examples/I2C/I2C_WakeUpFromStop/Src/stm32wbxx_it.c:119:6:I2C1_EV_IRQHandler	8	static
C:/Users/Jaeho Park/Downloads/STM32CubeWB-master_new/STM32CubeWB-master/Projects/P-NUCLEO-WB55.Nucleo/Examples/I2C/I2C_WakeUpFromStop/Src/stm32wbxx_it.c:133:6:I2C1_ER_IRQHandler	8	static
