../../../../../../../Drivers/STM32WBxx_HAL_Driver/Inc/stm32wbxx_ll_pwr.h:1663:22:LL_C2_PWR_SetPowerMode	16	static
../../../../../../../Drivers/STM32WBxx_HAL_Driver/Inc/stm32wbxx_ll_exti.h:391:22:LL_EXTI_EnableIT_32_63	16	static
../../../../../../../Drivers/STM32WBxx_HAL_Driver/Inc/stm32wbxx_ll_rcc.h:1355:22:LL_RCC_HSE_SetCapacitorTuning	16	static
../../../../../../../Drivers/STM32WBxx_HAL_Driver/Inc/stm32wbxx_ll_rcc.h:2345:22:LL_RCC_SetClkAfterWakeFromStop	16	static
../../../../../../../Drivers/STM32WBxx_HAL_Driver/Inc/stm32wbxx_ll_rcc.h:2909:22:LL_RCC_ForceBackupDomainReset	4	static
../../../../../../../Drivers/STM32WBxx_HAL_Driver/Inc/stm32wbxx_ll_rcc.h:2919:22:LL_RCC_ReleaseBackupDomainReset	4	static
../../../../../../../Drivers/STM32WBxx_HAL_Driver/Inc/stm32wbxx_ll_rcc.h:4134:26:LL_RCC_IsActiveFlag_PINRST	4	static
../../../../../../../Drivers/STM32WBxx_HAL_Driver/Inc/stm32wbxx_ll_rcc.h:4144:26:LL_RCC_IsActiveFlag_SFTRST	4	static
../../../../../../../Drivers/STM32WBxx_HAL_Driver/Inc/stm32wbxx_ll_bus.h:744:22:LL_AHB3_GRP1_EnableClock	24	static
../../../../../../../Drivers/STM32WBxx_HAL_Driver/Inc/stm32wbxx_ll_system.h:1522:26:LL_DBGMCU_GetRevisionID	4	static
../../../../../../../Drivers/STM32WBxx_HAL_Driver/Inc/stm32wbxx_ll_ipcc.h:312:22:LL_C1_IPCC_DisableTransmitChannel	16	static
../../../../../../../Drivers/STM32WBxx_HAL_Driver/Inc/stm32wbxx_ll_ipcc.h:381:22:LL_C1_IPCC_DisableReceiveChannel	16	static
../../../../../../../Drivers/STM32WBxx_HAL_Driver/Inc/stm32wbxx_ll_ipcc.h:450:22:LL_C2_IPCC_DisableTransmitChannel	16	static
../../../../../../../Drivers/STM32WBxx_HAL_Driver/Inc/stm32wbxx_ll_ipcc.h:519:22:LL_C2_IPCC_DisableReceiveChannel	16	static
../../../../../../../Drivers/STM32WBxx_HAL_Driver/Inc/stm32wbxx_ll_ipcc.h:574:22:LL_C1_IPCC_ClearFlag_CHx	16	static
../../../../../../../Drivers/STM32WBxx_HAL_Driver/Inc/stm32wbxx_ll_ipcc.h:645:22:LL_C2_IPCC_ClearFlag_CHx	16	static
../../../../../../../Drivers/STM32WBxx_HAL_Driver/Inc/stm32wbxx_ll_cortex.h:311:22:LL_LPM_EnableSleep	4	static
../../../../../../../Drivers/STM32WBxx_HAL_Driver/Inc/stm32wbxx_ll_rtc.h:1033:22:LL_RTC_EnableWriteProtection	16	static
../../../../../../../Drivers/STM32WBxx_HAL_Driver/Inc/stm32wbxx_ll_rtc.h:1044:22:LL_RTC_DisableWriteProtection	16	static
../../../../../../../Drivers/STM32WBxx_HAL_Driver/Inc/stm32wbxx_ll_rtc.h:3008:22:LL_RTC_WAKEUP_SetClock	16	static
C:/Users/Jaeho Park/Downloads/STM32CubeWB-master_new/STM32CubeWB-master/Projects/P-NUCLEO-WB55.USBDongle/Applications/BLE/BLE_p2pClient/Core/Src/app_entry.c:91:6:MX_APPE_Config	8	static
C:/Users/Jaeho Park/Downloads/STM32CubeWB-master_new/STM32CubeWB-master/Projects/P-NUCLEO-WB55.USBDongle/Applications/BLE/BLE_p2pClient/Core/Src/app_entry.c:111:6:MX_APPE_Init	8	static
C:/Users/Jaeho Park/Downloads/STM32CubeWB-master_new/STM32CubeWB-master/Projects/P-NUCLEO-WB55.USBDongle/Applications/BLE/BLE_p2pClient/Core/Src/app_entry.c:145:6:Init_Smps	4	static
C:/Users/Jaeho Park/Downloads/STM32CubeWB-master_new/STM32CubeWB-master/Projects/P-NUCLEO-WB55.USBDongle/Applications/BLE/BLE_p2pClient/Core/Src/app_entry.c:163:6:Init_Exti	8	static
C:/Users/Jaeho Park/Downloads/STM32CubeWB-master_new/STM32CubeWB-master/Projects/P-NUCLEO-WB55.USBDongle/Applications/BLE/BLE_p2pClient/Core/Src/app_entry.c:180:13:Reset_Device	8	static
C:/Users/Jaeho Park/Downloads/STM32CubeWB-master_new/STM32CubeWB-master/Projects/P-NUCLEO-WB55.USBDongle/Applications/BLE/BLE_p2pClient/Core/Src/app_entry.c:192:13:Reset_BackupDomain	8	static
C:/Users/Jaeho Park/Downloads/STM32CubeWB-master_new/STM32CubeWB-master/Projects/P-NUCLEO-WB55.USBDongle/Applications/BLE/BLE_p2pClient/Core/Src/app_entry.c:211:13:Reset_IPCC	8	static
C:/Users/Jaeho Park/Downloads/STM32CubeWB-master_new/STM32CubeWB-master/Projects/P-NUCLEO-WB55.USBDongle/Applications/BLE/BLE_p2pClient/Core/Src/app_entry.c:249:13:Config_HSE	16	static
C:/Users/Jaeho Park/Downloads/STM32CubeWB-master_new/STM32CubeWB-master/Projects/P-NUCLEO-WB55.USBDongle/Applications/BLE/BLE_p2pClient/Core/Src/app_entry.c:265:13:System_Init	8	static
C:/Users/Jaeho Park/Downloads/STM32CubeWB-master_new/STM32CubeWB-master/Projects/P-NUCLEO-WB55.USBDongle/Applications/BLE/BLE_p2pClient/Core/Src/app_entry.c:276:13:Init_Rtc	8	static
C:/Users/Jaeho Park/Downloads/STM32CubeWB-master_new/STM32CubeWB-master/Projects/P-NUCLEO-WB55.USBDongle/Applications/BLE/BLE_p2pClient/Core/Src/app_entry.c:297:13:SystemPower_Config	8	static
C:/Users/Jaeho Park/Downloads/STM32CubeWB-master_new/STM32CubeWB-master/Projects/P-NUCLEO-WB55.USBDongle/Applications/BLE/BLE_p2pClient/Core/Src/app_entry.c:319:13:appe_Tl_Init	40	static
C:/Users/Jaeho Park/Downloads/STM32CubeWB-master_new/STM32CubeWB-master/Projects/P-NUCLEO-WB55.USBDongle/Applications/BLE/BLE_p2pClient/Core/Src/app_entry.c:344:13:APPE_SysStatusNot	16	static
C:/Users/Jaeho Park/Downloads/STM32CubeWB-master_new/STM32CubeWB-master/Projects/P-NUCLEO-WB55.USBDongle/Applications/BLE/BLE_p2pClient/Core/Src/app_entry.c:359:13:APPE_SysUserEvtRx	40	static
C:/Users/Jaeho Park/Downloads/STM32CubeWB-master_new/STM32CubeWB-master/Projects/P-NUCLEO-WB55.USBDongle/Applications/BLE/BLE_p2pClient/Core/Src/app_entry.c:422:13:APPE_SysEvtError	24	static
C:/Users/Jaeho Park/Downloads/STM32CubeWB-master_new/STM32CubeWB-master/Projects/P-NUCLEO-WB55.USBDongle/Applications/BLE/BLE_p2pClient/Core/Src/app_entry.c:444:13:APPE_SysEvtReadyProcessing	48	static
C:/Users/Jaeho Park/Downloads/STM32CubeWB-master_new/STM32CubeWB-master/Projects/P-NUCLEO-WB55.USBDongle/Applications/BLE/BLE_p2pClient/Core/Src/app_entry.c:512:13:Led_Init	8	static
C:/Users/Jaeho Park/Downloads/STM32CubeWB-master_new/STM32CubeWB-master/Projects/P-NUCLEO-WB55.USBDongle/Applications/BLE/BLE_p2pClient/Core/Src/app_entry.c:529:13:Button_Init	8	static
C:/Users/Jaeho Park/Downloads/STM32CubeWB-master_new/STM32CubeWB-master/Projects/P-NUCLEO-WB55.USBDongle/Applications/BLE/BLE_p2pClient/Core/Src/app_entry.c:549:6:HAL_Delay	24	static,ignoring_inline_asm
C:/Users/Jaeho Park/Downloads/STM32CubeWB-master_new/STM32CubeWB-master/Projects/P-NUCLEO-WB55.USBDongle/Applications/BLE/BLE_p2pClient/Core/Src/app_entry.c:578:6:MX_APPE_Process	8	static
C:/Users/Jaeho Park/Downloads/STM32CubeWB-master_new/STM32CubeWB-master/Projects/P-NUCLEO-WB55.USBDongle/Applications/BLE/BLE_p2pClient/Core/Src/app_entry.c:589:6:UTIL_SEQ_Idle	4	static
C:/Users/Jaeho Park/Downloads/STM32CubeWB-master_new/STM32CubeWB-master/Projects/P-NUCLEO-WB55.USBDongle/Applications/BLE/BLE_p2pClient/Core/Src/app_entry.c:604:6:UTIL_SEQ_EvtIdle	16	static
C:/Users/Jaeho Park/Downloads/STM32CubeWB-master_new/STM32CubeWB-master/Projects/P-NUCLEO-WB55.USBDongle/Applications/BLE/BLE_p2pClient/Core/Src/app_entry.c:611:6:shci_notify_asynch_evt	16	static
C:/Users/Jaeho Park/Downloads/STM32CubeWB-master_new/STM32CubeWB-master/Projects/P-NUCLEO-WB55.USBDongle/Applications/BLE/BLE_p2pClient/Core/Src/app_entry.c:617:6:shci_cmd_resp_release	16	static
C:/Users/Jaeho Park/Downloads/STM32CubeWB-master_new/STM32CubeWB-master/Projects/P-NUCLEO-WB55.USBDongle/Applications/BLE/BLE_p2pClient/Core/Src/app_entry.c:623:6:shci_cmd_resp_wait	16	static
C:/Users/Jaeho Park/Downloads/STM32CubeWB-master_new/STM32CubeWB-master/Projects/P-NUCLEO-WB55.USBDongle/Applications/BLE/BLE_p2pClient/Core/Src/app_entry.c:630:6:HAL_GPIO_EXTI_Callback	16	static
