../../../../../../../Drivers/STM32WBxx_HAL_Driver/Inc/stm32wbxx_ll_rcc.h:1570:22:LL_RCC_HSI48_Enable	4	static
../../../../../../../Drivers/STM32WBxx_HAL_Driver/Inc/stm32wbxx_ll_rcc.h:1590:26:LL_RCC_HSI48_IsReady	4	static
../../../../../../../Drivers/STM32WBxx_HAL_Driver/Inc/stm32wbxx_ll_rcc.h:1675:22:LL_RCC_LSE_SetDriveCapability	16	static
../../../../../../../Drivers/STM32WBxx_HAL_Driver/Inc/stm32wbxx_ll_bus.h:364:22:LL_AHB1_GRP1_EnableClock	24	static
../../../../../../../Drivers/STM32WBxx_HAL_Driver/Inc/stm32wbxx_ll_bus.h:539:22:LL_AHB2_GRP1_EnableClock	24	static
../../../../../../../Drivers/STM32WBxx_HAL_Driver/Inc/stm32wbxx_ll_bus.h:939:22:LL_APB1_GRP1_EnableClock	24	static
../../../../../../../Drivers/STM32WBxx_HAL_Driver/Inc/stm32wbxx_ll_hsem.h:233:26:LL_HSEM_1StepLock	16	static
C:/Users/Jaeho Park/Downloads/STM32CubeWB-master_new/STM32CubeWB-master/Projects/P-NUCLEO-WB55.USBDongle/Applications/BLE/BLE_p2pClient/Core/Src/main.c:105:5:main	8	static
C:/Users/Jaeho Park/Downloads/STM32CubeWB-master_new/STM32CubeWB-master/Projects/P-NUCLEO-WB55.USBDongle/Applications/BLE/BLE_p2pClient/Core/Src/main.c:164:6:SystemClock_Config	112	static
C:/Users/Jaeho Park/Downloads/STM32CubeWB-master_new/STM32CubeWB-master/Projects/P-NUCLEO-WB55.USBDongle/Applications/BLE/BLE_p2pClient/Core/Src/main.c:214:6:PeriphCommonClock_Config	88	static
C:/Users/Jaeho Park/Downloads/STM32CubeWB-master_new/STM32CubeWB-master/Projects/P-NUCLEO-WB55.USBDongle/Applications/BLE/BLE_p2pClient/Core/Src/main.c:244:13:MX_IPCC_Init	8	static
C:/Users/Jaeho Park/Downloads/STM32CubeWB-master_new/STM32CubeWB-master/Projects/P-NUCLEO-WB55.USBDongle/Applications/BLE/BLE_p2pClient/Core/Src/main.c:270:6:MX_LPUART1_UART_Init	8	static
C:/Users/Jaeho Park/Downloads/STM32CubeWB-master_new/STM32CubeWB-master/Projects/P-NUCLEO-WB55.USBDongle/Applications/BLE/BLE_p2pClient/Core/Src/main.c:318:6:MX_USART1_UART_Init	8	static
C:/Users/Jaeho Park/Downloads/STM32CubeWB-master_new/STM32CubeWB-master/Projects/P-NUCLEO-WB55.USBDongle/Applications/BLE/BLE_p2pClient/Core/Src/main.c:366:13:MX_RF_Init	4	static
C:/Users/Jaeho Park/Downloads/STM32CubeWB-master_new/STM32CubeWB-master/Projects/P-NUCLEO-WB55.USBDongle/Applications/BLE/BLE_p2pClient/Core/Src/main.c:387:13:MX_RNG_Init	8	static
C:/Users/Jaeho Park/Downloads/STM32CubeWB-master_new/STM32CubeWB-master/Projects/P-NUCLEO-WB55.USBDongle/Applications/BLE/BLE_p2pClient/Core/Src/main.c:414:13:MX_RTC_Init	8	static
C:/Users/Jaeho Park/Downloads/STM32CubeWB-master_new/STM32CubeWB-master/Projects/P-NUCLEO-WB55.USBDongle/Applications/BLE/BLE_p2pClient/Core/Src/main.c:455:13:MX_DMA_Init	8	static
C:/Users/Jaeho Park/Downloads/STM32CubeWB-master_new/STM32CubeWB-master/Projects/P-NUCLEO-WB55.USBDongle/Applications/BLE/BLE_p2pClient/Core/Src/main.c:478:13:MX_GPIO_Init	8	static
C:/Users/Jaeho Park/Downloads/STM32CubeWB-master_new/STM32CubeWB-master/Projects/P-NUCLEO-WB55.USBDongle/Applications/BLE/BLE_p2pClient/Core/Src/main.c:490:6:PeriphUsbClock_Config	112	static
C:/Users/Jaeho Park/Downloads/STM32CubeWB-master_new/STM32CubeWB-master/Projects/P-NUCLEO-WB55.USBDongle/Applications/BLE/BLE_p2pClient/Core/Src/main.c:543:6:Error_Handler	4	static
