C:/Users/Jaeho Park/Downloads/STM32CubeWB-master_new/STM32CubeWB-master/Projects/P-NUCLEO-WB55.USBDongle/Applications/BLE/BLE_p2pClient/Core/Src/stm32wbxx_it.c:78:6:NMI_Handler	4	static
C:/Users/Jaeho Park/Downloads/STM32CubeWB-master_new/STM32CubeWB-master/Projects/P-NUCLEO-WB55.USBDongle/Applications/BLE/BLE_p2pClient/Core/Src/stm32wbxx_it.c:91:6:HardFault_Handler	4	static
C:/Users/Jaeho Park/Downloads/STM32CubeWB-master_new/STM32CubeWB-master/Projects/P-NUCLEO-WB55.USBDongle/Applications/BLE/BLE_p2pClient/Core/Src/stm32wbxx_it.c:106:6:MemManage_Handler	4	static
C:/Users/Jaeho Park/Downloads/STM32CubeWB-master_new/STM32CubeWB-master/Projects/P-NUCLEO-WB55.USBDongle/Applications/BLE/BLE_p2pClient/Core/Src/stm32wbxx_it.c:121:6:BusFault_Handler	4	static
C:/Users/Jaeho Park/Downloads/STM32CubeWB-master_new/STM32CubeWB-master/Projects/P-NUCLEO-WB55.USBDongle/Applications/BLE/BLE_p2pClient/Core/Src/stm32wbxx_it.c:136:6:UsageFault_Handler	4	static
C:/Users/Jaeho Park/Downloads/STM32CubeWB-master_new/STM32CubeWB-master/Projects/P-NUCLEO-WB55.USBDongle/Applications/BLE/BLE_p2pClient/Core/Src/stm32wbxx_it.c:151:6:SVC_Handler	4	static
C:/Users/Jaeho Park/Downloads/STM32CubeWB-master_new/STM32CubeWB-master/Projects/P-NUCLEO-WB55.USBDongle/Applications/BLE/BLE_p2pClient/Core/Src/stm32wbxx_it.c:164:6:DebugMon_Handler	4	static
C:/Users/Jaeho Park/Downloads/STM32CubeWB-master_new/STM32CubeWB-master/Projects/P-NUCLEO-WB55.USBDongle/Applications/BLE/BLE_p2pClient/Core/Src/stm32wbxx_it.c:177:6:PendSV_Handler	4	static
C:/Users/Jaeho Park/Downloads/STM32CubeWB-master_new/STM32CubeWB-master/Projects/P-NUCLEO-WB55.USBDongle/Applications/BLE/BLE_p2pClient/Core/Src/stm32wbxx_it.c:190:6:SysTick_Handler	8	static
C:/Users/Jaeho Park/Downloads/STM32CubeWB-master_new/STM32CubeWB-master/Projects/P-NUCLEO-WB55.USBDongle/Applications/BLE/BLE_p2pClient/Core/Src/stm32wbxx_it.c:213:6:USB_LP_IRQHandler	8	static
C:/Users/Jaeho Park/Downloads/STM32CubeWB-master_new/STM32CubeWB-master/Projects/P-NUCLEO-WB55.USBDongle/Applications/BLE/BLE_p2pClient/Core/Src/stm32wbxx_it.c:223:6:USB_HP_IRQHandler	8	static
C:/Users/Jaeho Park/Downloads/STM32CubeWB-master_new/STM32CubeWB-master/Projects/P-NUCLEO-WB55.USBDongle/Applications/BLE/BLE_p2pClient/Core/Src/stm32wbxx_it.c:233:6:USB_FS_WKUP_IRQHandler	8	static
C:/Users/Jaeho Park/Downloads/STM32CubeWB-master_new/STM32CubeWB-master/Projects/P-NUCLEO-WB55.USBDongle/Applications/BLE/BLE_p2pClient/Core/Src/stm32wbxx_it.c:242:6:DMA1_Channel4_IRQHandler	8	static
C:/Users/Jaeho Park/Downloads/STM32CubeWB-master_new/STM32CubeWB-master/Projects/P-NUCLEO-WB55.USBDongle/Applications/BLE/BLE_p2pClient/Core/Src/stm32wbxx_it.c:256:6:USART1_IRQHandler	8	static
C:/Users/Jaeho Park/Downloads/STM32CubeWB-master_new/STM32CubeWB-master/Projects/P-NUCLEO-WB55.USBDongle/Applications/BLE/BLE_p2pClient/Core/Src/stm32wbxx_it.c:270:6:LPUART1_IRQHandler	8	static
C:/Users/Jaeho Park/Downloads/STM32CubeWB-master_new/STM32CubeWB-master/Projects/P-NUCLEO-WB55.USBDongle/Applications/BLE/BLE_p2pClient/Core/Src/stm32wbxx_it.c:284:6:IPCC_C1_RX_IRQHandler	8	static
C:/Users/Jaeho Park/Downloads/STM32CubeWB-master_new/STM32CubeWB-master/Projects/P-NUCLEO-WB55.USBDongle/Applications/BLE/BLE_p2pClient/Core/Src/stm32wbxx_it.c:298:6:IPCC_C1_TX_IRQHandler	8	static
C:/Users/Jaeho Park/Downloads/STM32CubeWB-master_new/STM32CubeWB-master/Projects/P-NUCLEO-WB55.USBDongle/Applications/BLE/BLE_p2pClient/Core/Src/stm32wbxx_it.c:312:6:HSEM_IRQHandler	8	static
C:/Users/Jaeho Park/Downloads/STM32CubeWB-master_new/STM32CubeWB-master/Projects/P-NUCLEO-WB55.USBDongle/Applications/BLE/BLE_p2pClient/Core/Src/stm32wbxx_it.c:326:6:DMA2_Channel4_IRQHandler	8	static
C:/Users/Jaeho Park/Downloads/STM32CubeWB-master_new/STM32CubeWB-master/Projects/P-NUCLEO-WB55.USBDongle/Applications/BLE/BLE_p2pClient/Core/Src/stm32wbxx_it.c:344:6:EXTI15_10_IRQHandler	8	static
C:/Users/Jaeho Park/Downloads/STM32CubeWB-master_new/STM32CubeWB-master/Projects/P-NUCLEO-WB55.USBDongle/Applications/BLE/BLE_p2pClient/Core/Src/stm32wbxx_it.c:349:6:RTC_WKUP_IRQHandler	8	static
