../../../../../../../Drivers/STM32WBxx_HAL_Driver/Inc/stm32wbxx_ll_system.h:2221:26:LL_FLASH_GetUDN	4	static
../../../../../../../Drivers/STM32WBxx_HAL_Driver/Inc/stm32wbxx_ll_system.h:2233:26:LL_FLASH_GetDeviceID	4	static
../../../../../../../Drivers/STM32WBxx_HAL_Driver/Inc/stm32wbxx_ll_system.h:2245:26:LL_FLASH_GetSTCompanyID	4	static
C:/Users/Jaeho Park/Documents/GitHub/STM32WB_Projects_OFET-module/Projects/P-NUCLEO-WB55.Nucleo/Applications/BLE/BLE_p2pServer/STM32_WPAN/App/app_ble.c:384:6:APP_BLE_Init	80	static
C:/Users/Jaeho Park/Documents/GitHub/STM32WB_Projects_OFET-module/Projects/P-NUCLEO-WB55.Nucleo/Applications/BLE/BLE_p2pServer/STM32_WPAN/App/app_ble.c:543:28:SVCCTL_App_Notification	80	static
C:/Users/Jaeho Park/Documents/GitHub/STM32WB_Projects_OFET-module/Projects/P-NUCLEO-WB55.Nucleo/Applications/BLE/BLE_p2pServer/STM32_WPAN/App/app_ble.c:860:22:APP_BLE_Get_Server_Connection_Status	4	static
C:/Users/Jaeho Park/Documents/GitHub/STM32WB_Projects_OFET-module/Projects/P-NUCLEO-WB55.Nucleo/Applications/BLE/BLE_p2pServer/STM32_WPAN/App/app_ble.c:866:6:APP_BLE_Key_Button1_Action	8	static
C:/Users/Jaeho Park/Documents/GitHub/STM32WB_Projects_OFET-module/Projects/P-NUCLEO-WB55.Nucleo/Applications/BLE/BLE_p2pServer/STM32_WPAN/App/app_ble.c:871:6:APP_BLE_Key_Button2_Action	8	static
C:/Users/Jaeho Park/Documents/GitHub/STM32WB_Projects_OFET-module/Projects/P-NUCLEO-WB55.Nucleo/Applications/BLE/BLE_p2pServer/STM32_WPAN/App/app_ble.c:880:6:APP_BLE_Key_Button3_Action	4	static
C:/Users/Jaeho Park/Documents/GitHub/STM32WB_Projects_OFET-module/Projects/P-NUCLEO-WB55.Nucleo/Applications/BLE/BLE_p2pServer/STM32_WPAN/App/app_ble.c:891:13:Ble_Tl_Init	16	static
C:/Users/Jaeho Park/Documents/GitHub/STM32WB_Projects_OFET-module/Projects/P-NUCLEO-WB55.Nucleo/Applications/BLE/BLE_p2pServer/STM32_WPAN/App/app_ble.c:902:13:Ble_Hci_Gap_Gatt_Init	72	static
C:/Users/Jaeho Park/Documents/GitHub/STM32WB_Projects_OFET-module/Projects/P-NUCLEO-WB55.Nucleo/Applications/BLE/BLE_p2pServer/STM32_WPAN/App/app_ble.c:1213:13:Adv_Request	56	static
C:/Users/Jaeho Park/Documents/GitHub/STM32WB_Projects_OFET-module/Projects/P-NUCLEO-WB55.Nucleo/Applications/BLE/BLE_p2pServer/STM32_WPAN/App/app_ble.c:1303:16:BleGetBdAddress	32	static
C:/Users/Jaeho Park/Documents/GitHub/STM32WB_Projects_OFET-module/Projects/P-NUCLEO-WB55.Nucleo/Applications/BLE/BLE_p2pServer/STM32_WPAN/App/app_ble.c:1360:13:Adv_Cancel	16	static
C:/Users/Jaeho Park/Documents/GitHub/STM32WB_Projects_OFET-module/Projects/P-NUCLEO-WB55.Nucleo/Applications/BLE/BLE_p2pServer/STM32_WPAN/App/app_ble.c:1391:13:Adv_Cancel_Req	8	static
C:/Users/Jaeho Park/Documents/GitHub/STM32WB_Projects_OFET-module/Projects/P-NUCLEO-WB55.Nucleo/Applications/BLE/BLE_p2pServer/STM32_WPAN/App/app_ble.c:1406:13:Switch_OFF_GPIO	8	static
C:/Users/Jaeho Park/Documents/GitHub/STM32WB_Projects_OFET-module/Projects/P-NUCLEO-WB55.Nucleo/Applications/BLE/BLE_p2pServer/STM32_WPAN/App/app_ble.c:1414:6:BLE_SVC_L2CAP_Conn_Update	48	static
C:/Users/Jaeho Park/Documents/GitHub/STM32WB_Projects_OFET-module/Projects/P-NUCLEO-WB55.Nucleo/Applications/BLE/BLE_p2pServer/STM32_WPAN/App/app_ble.c:1452:13:Connection_Interval_Update_Req	8	static
C:/Users/Jaeho Park/Documents/GitHub/STM32WB_Projects_OFET-module/Projects/P-NUCLEO-WB55.Nucleo/Applications/BLE/BLE_p2pServer/STM32_WPAN/App/app_ble.c:1471:6:hci_notify_asynch_evt	16	static
C:/Users/Jaeho Park/Documents/GitHub/STM32WB_Projects_OFET-module/Projects/P-NUCLEO-WB55.Nucleo/Applications/BLE/BLE_p2pServer/STM32_WPAN/App/app_ble.c:1478:6:hci_cmd_resp_release	16	static
C:/Users/Jaeho Park/Documents/GitHub/STM32WB_Projects_OFET-module/Projects/P-NUCLEO-WB55.Nucleo/Applications/BLE/BLE_p2pServer/STM32_WPAN/App/app_ble.c:1485:6:hci_cmd_resp_wait	16	static
C:/Users/Jaeho Park/Documents/GitHub/STM32WB_Projects_OFET-module/Projects/P-NUCLEO-WB55.Nucleo/Applications/BLE/BLE_p2pServer/STM32_WPAN/App/app_ble.c:1492:13:BLE_UserEvtRx	24	static
C:/Users/Jaeho Park/Documents/GitHub/STM32WB_Projects_OFET-module/Projects/P-NUCLEO-WB55.Nucleo/Applications/BLE/BLE_p2pServer/STM32_WPAN/App/app_ble.c:1512:13:BLE_StatusNot	24	static
C:/Users/Jaeho Park/Documents/GitHub/STM32WB_Projects_OFET-module/Projects/P-NUCLEO-WB55.Nucleo/Applications/BLE/BLE_p2pServer/STM32_WPAN/App/app_ble.c:1551:6:SVCCTL_ResumeUserEventFlow	8	static
