C:/Users/Jaeho Park/Documents/GitHub/STM32WB_Projects_OFET-module/Projects/P-NUCLEO-WB55.Nucleo/Applications/BLE/BLE_p2pServer/STM32_WPAN/App/p2p_server_app.c:130:6:P2PS_STM_App_Notification	16	static
C:/Users/Jaeho Park/Documents/GitHub/STM32WB_Projects_OFET-module/Projects/P-NUCLEO-WB55.Nucleo/Applications/BLE/BLE_p2pServer/STM32_WPAN/App/p2p_server_app.c:306:6:P2PS_APP_Notification	16	static
C:/Users/Jaeho Park/Documents/GitHub/STM32WB_Projects_OFET-module/Projects/P-NUCLEO-WB55.Nucleo/Applications/BLE/BLE_p2pServer/STM32_WPAN/App/p2p_server_app.c:340:6:P2PS_APP_Init	8	static
C:/Users/Jaeho Park/Documents/GitHub/STM32WB_Projects_OFET-module/Projects/P-NUCLEO-WB55.Nucleo/Applications/BLE/BLE_p2pServer/STM32_WPAN/App/p2p_server_app.c:355:6:P2PS_APP_LED_BUTTON_context_Init	8	static
C:/Users/Jaeho Park/Documents/GitHub/STM32WB_Projects_OFET-module/Projects/P-NUCLEO-WB55.Nucleo/Applications/BLE/BLE_p2pServer/STM32_WPAN/App/p2p_server_app.c:397:6:P2PS_APP_SW1_Button_Action	8	static
C:/Users/Jaeho Park/Documents/GitHub/STM32WB_Projects_OFET-module/Projects/P-NUCLEO-WB55.Nucleo/Applications/BLE/BLE_p2pServer/STM32_WPAN/App/p2p_server_app.c:404:6:P2PS_APP_FETdata_Transmit	40	static
C:/Users/Jaeho Park/Documents/GitHub/STM32WB_Projects_OFET-module/Projects/P-NUCLEO-WB55.Nucleo/Applications/BLE/BLE_p2pServer/STM32_WPAN/App/p2p_server_app.c:458:6:Response	8	static
C:/Users/Jaeho Park/Documents/GitHub/STM32WB_Projects_OFET-module/Projects/P-NUCLEO-WB55.Nucleo/Applications/BLE/BLE_p2pServer/STM32_WPAN/App/p2p_server_app.c:462:6:HAL_SYSTICK_Callback	136	static
C:/Users/Jaeho Park/Documents/GitHub/STM32WB_Projects_OFET-module/Projects/P-NUCLEO-WB55.Nucleo/Applications/BLE/BLE_p2pServer/STM32_WPAN/App/p2p_server_app.c:538:6:HAL_ADC_ConvCpltCallback	16	static
C:/Users/Jaeho Park/Documents/GitHub/STM32WB_Projects_OFET-module/Projects/P-NUCLEO-WB55.Nucleo/Applications/BLE/BLE_p2pServer/STM32_WPAN/App/p2p_server_app.c:562:8:ival_Calibration	72	static
C:/Users/Jaeho Park/Documents/GitHub/STM32WB_Projects_OFET-module/Projects/P-NUCLEO-WB55.Nucleo/Applications/BLE/BLE_p2pServer/STM32_WPAN/App/p2p_server_app.c:582:6:P2PS_Send_Notification	8	static
