C:/Users/Jaeho Park/Documents/GitHub/STM32WB_Projects_OFET-module/Projects/P-NUCLEO-WB55.Nucleo/Applications/BLE/BLE_p2pServer/STM32_WPAN/App/p2p_server_app.c:131:6:P2PS_STM_App_Notification	16	static
C:/Users/Jaeho Park/Documents/GitHub/STM32WB_Projects_OFET-module/Projects/P-NUCLEO-WB55.Nucleo/Applications/BLE/BLE_p2pServer/STM32_WPAN/App/p2p_server_app.c:307:6:P2PS_APP_Notification	16	static
C:/Users/Jaeho Park/Documents/GitHub/STM32WB_Projects_OFET-module/Projects/P-NUCLEO-WB55.Nucleo/Applications/BLE/BLE_p2pServer/STM32_WPAN/App/p2p_server_app.c:341:6:P2PS_APP_Init	8	static
C:/Users/Jaeho Park/Documents/GitHub/STM32WB_Projects_OFET-module/Projects/P-NUCLEO-WB55.Nucleo/Applications/BLE/BLE_p2pServer/STM32_WPAN/App/p2p_server_app.c:356:6:P2PS_APP_LED_BUTTON_context_Init	8	static
C:/Users/Jaeho Park/Documents/GitHub/STM32WB_Projects_OFET-module/Projects/P-NUCLEO-WB55.Nucleo/Applications/BLE/BLE_p2pServer/STM32_WPAN/App/p2p_server_app.c:398:6:P2PS_APP_SW1_Button_Action	8	static
C:/Users/Jaeho Park/Documents/GitHub/STM32WB_Projects_OFET-module/Projects/P-NUCLEO-WB55.Nucleo/Applications/BLE/BLE_p2pServer/STM32_WPAN/App/p2p_server_app.c:405:6:P2PS_APP_FETdata_Transmit	40	static
C:/Users/Jaeho Park/Documents/GitHub/STM32WB_Projects_OFET-module/Projects/P-NUCLEO-WB55.Nucleo/Applications/BLE/BLE_p2pServer/STM32_WPAN/App/p2p_server_app.c:459:6:Response	8	static
C:/Users/Jaeho Park/Documents/GitHub/STM32WB_Projects_OFET-module/Projects/P-NUCLEO-WB55.Nucleo/Applications/BLE/BLE_p2pServer/STM32_WPAN/App/p2p_server_app.c:463:6:HAL_SYSTICK_Callback	136	static
C:/Users/Jaeho Park/Documents/GitHub/STM32WB_Projects_OFET-module/Projects/P-NUCLEO-WB55.Nucleo/Applications/BLE/BLE_p2pServer/STM32_WPAN/App/p2p_server_app.c:542:6:HAL_ADC_ConvCpltCallback	16	static
C:/Users/Jaeho Park/Documents/GitHub/STM32WB_Projects_OFET-module/Projects/P-NUCLEO-WB55.Nucleo/Applications/BLE/BLE_p2pServer/STM32_WPAN/App/p2p_server_app.c:566:8:ival_Calibration	72	static
C:/Users/Jaeho Park/Documents/GitHub/STM32WB_Projects_OFET-module/Projects/P-NUCLEO-WB55.Nucleo/Applications/BLE/BLE_p2pServer/STM32_WPAN/App/p2p_server_app.c:586:6:P2PS_Send_Notification	8	static
