Archive member included to satisfy reference by file (symbol)

c:/st/stm32cubeide_1.4.0/stm32cubeide/plugins/com.st.stm32cube.ide.mcu.externaltools.gnu-tools-for-stm32.10.3-2021.10.win32_1.0.0.202111181127/tools/bin/../lib/gcc/arm-none-eabi/10.3.1/../../../../arm-none-eabi/lib/thumb/v7e-m+fp/hard\libc_nano.a(lib_a-errno.o)
                              ./Application/User/syscalls.o (__errno)
c:/st/stm32cubeide_1.4.0/stm32cubeide/plugins/com.st.stm32cube.ide.mcu.externaltools.gnu-tools-for-stm32.10.3-2021.10.win32_1.0.0.202111181127/tools/bin/../lib/gcc/arm-none-eabi/10.3.1/../../../../arm-none-eabi/lib/thumb/v7e-m+fp/hard\libc_nano.a(lib_a-exit.o)
                              c:/st/stm32cubeide_1.4.0/stm32cubeide/plugins/com.st.stm32cube.ide.mcu.externaltools.gnu-tools-for-stm32.10.3-2021.10.win32_1.0.0.202111181127/tools/bin/../lib/gcc/arm-none-eabi/10.3.1/../../../../arm-none-eabi/lib/thumb/v7e-m+fp/hard/crt0.o (exit)
c:/st/stm32cubeide_1.4.0/stm32cubeide/plugins/com.st.stm32cube.ide.mcu.externaltools.gnu-tools-for-stm32.10.3-2021.10.win32_1.0.0.202111181127/tools/bin/../lib/gcc/arm-none-eabi/10.3.1/../../../../arm-none-eabi/lib/thumb/v7e-m+fp/hard\libc_nano.a(lib_a-impure.o)
                              c:/st/stm32cubeide_1.4.0/stm32cubeide/plugins/com.st.stm32cube.ide.mcu.externaltools.gnu-tools-for-stm32.10.3-2021.10.win32_1.0.0.202111181127/tools/bin/../lib/gcc/arm-none-eabi/10.3.1/../../../../arm-none-eabi/lib/thumb/v7e-m+fp/hard\libc_nano.a(lib_a-exit.o) (_global_impure_ptr)
c:/st/stm32cubeide_1.4.0/stm32cubeide/plugins/com.st.stm32cube.ide.mcu.externaltools.gnu-tools-for-stm32.10.3-2021.10.win32_1.0.0.202111181127/tools/bin/../lib/gcc/arm-none-eabi/10.3.1/../../../../arm-none-eabi/lib/thumb/v7e-m+fp/hard\libc_nano.a(lib_a-init.o)
                              c:/st/stm32cubeide_1.4.0/stm32cubeide/plugins/com.st.stm32cube.ide.mcu.externaltools.gnu-tools-for-stm32.10.3-2021.10.win32_1.0.0.202111181127/tools/bin/../lib/gcc/arm-none-eabi/10.3.1/../../../../arm-none-eabi/lib/thumb/v7e-m+fp/hard/crt0.o (__libc_init_array)
c:/st/stm32cubeide_1.4.0/stm32cubeide/plugins/com.st.stm32cube.ide.mcu.externaltools.gnu-tools-for-stm32.10.3-2021.10.win32_1.0.0.202111181127/tools/bin/../lib/gcc/arm-none-eabi/10.3.1/../../../../arm-none-eabi/lib/thumb/v7e-m+fp/hard\libc_nano.a(lib_a-memset.o)
                              c:/st/stm32cubeide_1.4.0/stm32cubeide/plugins/com.st.stm32cube.ide.mcu.externaltools.gnu-tools-for-stm32.10.3-2021.10.win32_1.0.0.202111181127/tools/bin/../lib/gcc/arm-none-eabi/10.3.1/../../../../arm-none-eabi/lib/thumb/v7e-m+fp/hard/crt0.o (memset)

Discarded input sections

 .text          0x0000000000000000        0x0 c:/st/stm32cubeide_1.4.0/stm32cubeide/plugins/com.st.stm32cube.ide.mcu.externaltools.gnu-tools-for-stm32.10.3-2021.10.win32_1.0.0.202111181127/tools/bin/../lib/gcc/arm-none-eabi/10.3.1/thumb/v7e-m+fp/hard/crti.o
 .data          0x0000000000000000        0x0 c:/st/stm32cubeide_1.4.0/stm32cubeide/plugins/com.st.stm32cube.ide.mcu.externaltools.gnu-tools-for-stm32.10.3-2021.10.win32_1.0.0.202111181127/tools/bin/../lib/gcc/arm-none-eabi/10.3.1/thumb/v7e-m+fp/hard/crti.o
 .bss           0x0000000000000000        0x0 c:/st/stm32cubeide_1.4.0/stm32cubeide/plugins/com.st.stm32cube.ide.mcu.externaltools.gnu-tools-for-stm32.10.3-2021.10.win32_1.0.0.202111181127/tools/bin/../lib/gcc/arm-none-eabi/10.3.1/thumb/v7e-m+fp/hard/crti.o
 .data          0x0000000000000000        0x4 c:/st/stm32cubeide_1.4.0/stm32cubeide/plugins/com.st.stm32cube.ide.mcu.externaltools.gnu-tools-for-stm32.10.3-2021.10.win32_1.0.0.202111181127/tools/bin/../lib/gcc/arm-none-eabi/10.3.1/thumb/v7e-m+fp/hard/crtbegin.o
 .rodata        0x0000000000000000       0x24 c:/st/stm32cubeide_1.4.0/stm32cubeide/plugins/com.st.stm32cube.ide.mcu.externaltools.gnu-tools-for-stm32.10.3-2021.10.win32_1.0.0.202111181127/tools/bin/../lib/gcc/arm-none-eabi/10.3.1/thumb/v7e-m+fp/hard/crtbegin.o
 .text          0x0000000000000000       0x7c c:/st/stm32cubeide_1.4.0/stm32cubeide/plugins/com.st.stm32cube.ide.mcu.externaltools.gnu-tools-for-stm32.10.3-2021.10.win32_1.0.0.202111181127/tools/bin/../lib/gcc/arm-none-eabi/10.3.1/../../../../arm-none-eabi/lib/thumb/v7e-m+fp/hard/crt0.o
 .data          0x0000000000000000        0x0 c:/st/stm32cubeide_1.4.0/stm32cubeide/plugins/com.st.stm32cube.ide.mcu.externaltools.gnu-tools-for-stm32.10.3-2021.10.win32_1.0.0.202111181127/tools/bin/../lib/gcc/arm-none-eabi/10.3.1/../../../../arm-none-eabi/lib/thumb/v7e-m+fp/hard/crt0.o
 .bss           0x0000000000000000        0x0 c:/st/stm32cubeide_1.4.0/stm32cubeide/plugins/com.st.stm32cube.ide.mcu.externaltools.gnu-tools-for-stm32.10.3-2021.10.win32_1.0.0.202111181127/tools/bin/../lib/gcc/arm-none-eabi/10.3.1/../../../../arm-none-eabi/lib/thumb/v7e-m+fp/hard/crt0.o
[...]
Memory Configuration

Name             Origin             Length             Attributes
FLASH            0x0000000008000000 0x0000000000080000 xr
RAM1             0x0000000020000008 0x000000000002fff8 xrw
RAM_SHARED       0x0000000020030000 0x0000000000002800 xrw
*default*        0x0000000000000000 0xffffffffffffffff

Linker script and memory map

LOAD c:/st/stm32cubeide_1.4.0/stm32cubeide/plugins/com.st.stm32cube.ide.mcu.externaltools.gnu-tools-for-stm32.10.3-2021.10.win32_1.0.0.202111181127/tools/bin/../lib/gcc/arm-none-eabi/10.3.1/thumb/v7e-m+fp/hard/crti.o
LOAD c:/st/stm32cubeide_1.4.0/stm32cubeide/plugins/com.st.stm32cube.ide.mcu.externaltools.gnu-tools-for-stm32.10.3-2021.10.win32_1.0.0.202111181127/tools/bin/../lib/gcc/arm-none-eabi/10.3.1/thumb/v7e-m+fp/hard/crtbegin.o
LOAD c:/st/stm32cubeide_1.4.0/stm32cubeide/plugins/com.st.stm32cube.ide.mcu.externaltools.gnu-tools-for-stm32.10.3-2021.10.win32_1.0.0.202111181127/tools/bin/../lib/gcc/arm-none-eabi/10.3.1/../../../../arm-none-eabi/lib/thumb/v7e-m+fp/hard/crt0.o
LOAD ./Application/Startup/startup_stm32wb55rgvx.o
LOAD ./Application/User/main.o
LOAD ./Application/User/stm32wbxx_hal_msp.o
LOAD ./Application/User/stm32wbxx_it.o
LOAD ./Application/User/syscalls.o
LOAD ./Application/User/sysmem.o
LOAD ./Drivers/BSP/P-NUCLEO-WB55.Nucleo/stm32wbxx_nucleo.o
LOAD ./Drivers/CMSIS/system_stm32wbxx.o
LOAD ./Drivers/STM32WBxx_HAL_Driver/stm32wbxx_hal.o
LOAD ./Drivers/STM32WBxx_HAL_Driver/stm32wbxx_hal_cortex.o
LOAD ./Drivers/STM32WBxx_HAL_Driver/stm32wbxx_hal_dma.o
LOAD ./Drivers/STM32WBxx_HAL_Driver/stm32wbxx_hal_dma_ex.o
LOAD ./Drivers/STM32WBxx_HAL_Driver/stm32wbxx_hal_exti.o
LOAD ./Drivers/STM32WBxx_HAL_Driver/stm32wbxx_hal_flash.o
LOAD ./Drivers/STM32WBxx_HAL_Driver/stm32wbxx_hal_flash_ex.o
LOAD ./Drivers/STM32WBxx_HAL_Driver/stm32wbxx_hal_gpio.o
LOAD ./Drivers/STM32WBxx_HAL_Driver/stm32wbxx_hal_hsem.o
LOAD ./Drivers/STM32WBxx_HAL_Driver/stm32wbxx_hal_i2c.o
LOAD ./Drivers/STM32WBxx_HAL_Driver/stm32wbxx_hal_i2c_ex.o
LOAD ./Drivers/STM32WBxx_HAL_Driver/stm32wbxx_hal_pwr.o
LOAD ./Drivers/STM32WBxx_HAL_Driver/stm32wbxx_hal_pwr_ex.o
LOAD ./Drivers/STM32WBxx_HAL_Driver/stm32wbxx_hal_rcc.o
LOAD ./Drivers/STM32WBxx_HAL_Driver/stm32wbxx_hal_rcc_ex.o
LOAD ./Drivers/STM32WBxx_HAL_Driver/stm32wbxx_hal_tim.o
LOAD ./Drivers/STM32WBxx_HAL_Driver/stm32wbxx_hal_tim_ex.o
START GROUP
LOAD c:/st/stm32cubeide_1.4.0/stm32cubeide/plugins/com.st.stm32cube.ide.mcu.externaltools.gnu-tools-for-stm32.10.3-2021.10.win32_1.0.0.202111181127/tools/bin/../lib/gcc/arm-none-eabi/10.3.1/../../../../arm-none-eabi/lib/thumb/v7e-m+fp/hard\libc_nano.a
LOAD c:/st/stm32cubeide_1.4.0/stm32cubeide/plugins/com.st.stm32cube.ide.mcu.externaltools.gnu-tools-for-stm32.10.3-2021.10.win32_1.0.0.202111181127/tools/bin/../lib/gcc/arm-none-eabi/10.3.1/../../../../arm-none-eabi/lib/thumb/v7e-m+fp/hard\libm.a
END GROUP
START GROUP
LOAD c:/st/stm32cubeide_1.4.0/stm32cubeide/plugins/com.st.stm32cube.ide.mcu.externaltools.gnu-tools-for-stm32.10.3-2021.10.win32_1.0.0.202111181127/tools/bin/../lib/gcc/arm-none-eabi/10.3.1/thumb/v7e-m+fp/hard\libgcc.a
LOAD c:/st/stm32cubeide_1.4.0/stm32cubeide/plugins/com.st.stm32cube.ide.mcu.externaltools.gnu-tools-for-stm32.10.3-2021.10.win32_1.0.0.202111181127/tools/bin/../lib/gcc/arm-none-eabi/10.3.1/../../../../arm-none-eabi/lib/thumb/v7e-m+fp/hard\libc_nano.a
END GROUP
START GROUP
LOAD c:/st/stm32cubeide_1.4.0/stm32cubeide/plugins/com.st.stm32cube.ide.mcu.externaltools.gnu-tools-for-stm32.10.3-2021.10.win32_1.0.0.202111181127/tools/bin/../lib/gcc/arm-none-eabi/10.3.1/thumb/v7e-m+fp/hard\libgcc.a
LOAD c:/st/stm32cubeide_1.4.0/stm32cubeide/plugins/com.st.stm32cube.ide.mcu.externaltools.gnu-tools-for-stm32.10.3-2021.10.win32_1.0.0.202111181127/tools/bin/../lib/gcc/arm-none-eabi/10.3.1/../../../../arm-none-eabi/lib/thumb/v7e-m+fp/hard\libc_nano.a
LOAD c:/st/stm32cubeide_1.4.0/stm32cubeide/plugins/com.st.stm32cube.ide.mcu.externaltools.gnu-tools-for-stm32.10.3-2021.10.win32_1.0.0.202111181127/tools/bin/../lib/gcc/arm-none-eabi/10.3.1/../../../../arm-none-eabi/lib/thumb/v7e-m+fp/hard\libnosys.a
END GROUP
START GROUP
LOAD c:/st/stm32cubeide_1.4.0/stm32cubeide/plugins/com.st.stm32cube.ide.mcu.externaltools.gnu-tools-for-stm32.10.3-2021.10.win32_1.0.0.202111181127/tools/bin/../lib/gcc/arm-none-eabi/10.3.1/thumb/v7e-m+fp/hard\libgcc.a
LOAD c:/st/stm32cubeide_1.4.0/stm32cubeide/plugins/com.st.stm32cube.ide.mcu.externaltools.gnu-tools-for-stm32.10.3-2021.10.win32_1.0.0.202111181127/tools/bin/../lib/gcc/arm-none-eabi/10.3.1/../../../../arm-none-eabi/lib/thumb/v7e-m+fp/hard\libc_nano.a
LOAD c:/st/stm32cubeide_1.4.0/stm32cubeide/plugins/com.st.stm32cube.ide.mcu.externaltools.gnu-tools-for-stm32.10.3-2021.10.win32_1.0.0.202111181127/tools/bin/../lib/gcc/arm-none-eabi/10.3.1/../../../../arm-none-eabi/lib/thumb/v7e-m+fp/hard\libnosys.a
END GROUP
LOAD c:/st/stm32cubeide_1.4.0/stm32cubeide/plugins/com.st.stm32cube.ide.mcu.externaltools.gnu-tools-for-stm32.10.3-2021.10.win32_1.0.0.202111181127/tools/bin/../lib/gcc/arm-none-eabi/10.3.1/thumb/v7e-m+fp/hard/crtend.o
LOAD c:/st/stm32cubeide_1.4.0/stm32cubeide/plugins/com.st.stm32cube.ide.mcu.externaltools.gnu-tools-for-stm32.10.3-2021.10.win32_1.0.0.202111181127/tools/bin/../lib/gcc/arm-none-eabi/10.3.1/thumb/v7e-m+fp/hard/crtn.o
                0x0000000020030000                _estack = 0x20030000
                0x0000000000000200                _Min_Heap_Size = 0x200
                0x0000000000000400                _Min_Stack_Size = 0x400

.isr_vector     0x0000000008000000      0x13c
                0x0000000008000000                . = ALIGN (0x4)
 *(.isr_vector)
 .isr_vector    0x0000000008000000      0x13c ./Application/Startup/startup_stm32wb55rgvx.o
                0x0000000008000000                g_pfnVectors
                0x000000000800013c                . = ALIGN (0x4)

.text           0x000000000800013c     0x44b0
                0x000000000800013c                . = ALIGN (0x4)
 *(.text)
 .text          0x000000000800013c       0x40 c:/st/stm32cubeide_1.4.0/stm32cubeide/plugins/com.st.stm32cube.ide.mcu.externaltools.gnu-tools-for-stm32.10.3-2021.10.win32_1.0.0.202111181127/tools/bin/../lib/gcc/arm-none-eabi/10.3.1/thumb/v7e-m+fp/hard/crtbegin.o
 *(.text*)
 .text.data_initializers
                0x000000000800017c       0x18 ./Application/Startup/startup_stm32wb55rgvx.o
 .text.Reset_Handler
                0x0000000008000194       0x54 ./Application/Startup/startup_stm32wb55rgvx.o
                0x0000000008000194                Reset_Handler
 .text.Default_Handler
                0x00000000080001e8        0x2 ./Application/Startup/startup_stm32wb55rgvx.o
                0x00000000080001e8                RTC_Alarm_IRQHandler
                0x00000000080001e8                EXTI2_IRQHandler
                0x00000000080001e8                DebugMon_Handler
                0x00000000080001e8                TIM1_CC_IRQHandler
                0x00000000080001e8                TSC_IRQHandler
                0x00000000080001e8                HardFault_Handler
                0x00000000080001e8                USB_HP_IRQHandler
                0x00000000080001e8                NMI_Handler
                0x00000000080001e8                EXTI3_IRQHandler
                0x00000000080001e8                LPTIM2_IRQHandler
                0x00000000080001e8                I2C3_ER_IRQHandler
                0x00000000080001e8                EXTI0_IRQHandler
                0x00000000080001e8                FPU_IRQHandler
                0x00000000080001e8                TIM1_UP_TIM16_IRQHandler
                0x00000000080001e8                UsageFault_Handler
                0x00000000080001e8                AES1_IRQHandler
                0x00000000080001e8                SPI1_IRQHandler
                0x00000000080001e8                PWR_SOTF_BLEACT_802ACT_RFPHASE_IRQHandler
                0x00000000080001e8                DMA2_Channel2_IRQHandler
                0x00000000080001e8                DMA1_Channel4_IRQHandler
                0x00000000080001e8                ADC1_IRQHandler
                0x00000000080001e8                PKA_IRQHandler
                0x00000000080001e8                DMA1_Channel7_IRQHandler
                0x00000000080001e8                LCD_IRQHandler
                0x00000000080001e8                IPCC_C1_TX_IRQHandler
                0x00000000080001e8                DMA2_Channel1_IRQHandler
                0x00000000080001e8                QUADSPI_IRQHandler
                0x00000000080001e8                DMAMUX1_OVR_IRQHandler
                0x00000000080001e8                DMA1_Channel6_IRQHandler
                0x00000000080001e8                DMA2_Channel4_IRQHandler
                0x00000000080001e8                RCC_IRQHandler
                0x00000000080001e8                DMA1_Channel1_IRQHandler
                0x00000000080001e8                Default_Handler
                0x00000000080001e8                DMA2_Channel7_IRQHandler
                0x00000000080001e8                EXTI15_10_IRQHandler
                0x00000000080001e8                IPCC_C1_RX_IRQHandler
                0x00000000080001e8                C2SEV_PWR_C2H_IRQHandler
                0x00000000080001e8                AES2_IRQHandler
                0x00000000080001e8                I2C3_EV_IRQHandler
                0x00000000080001e8                EXTI9_5_IRQHandler
                0x00000000080001e8                RTC_WKUP_IRQHandler
                0x00000000080001e8                PVD_PVM_IRQHandler
                0x00000000080001e8                SPI2_IRQHandler
                0x00000000080001e8                MemManage_Handler
                0x00000000080001e8                DMA2_Channel5_IRQHandler
                0x00000000080001e8                CRS_IRQHandler
                0x00000000080001e8                DMA1_Channel5_IRQHandler
                0x00000000080001e8                USB_LP_IRQHandler
                0x00000000080001e8                EXTI4_IRQHandler
                0x00000000080001e8                RNG_IRQHandler
                0x00000000080001e8                TIM1_TRG_COM_TIM17_IRQHandler
                0x00000000080001e8                TAMP_STAMP_LSECSS_IRQHandler
                0x00000000080001e8                DMA1_Channel3_IRQHandler
                0x00000000080001e8                COMP_IRQHandler
                0x00000000080001e8                HSEM_IRQHandler
                0x00000000080001e8                WWDG_IRQHandler
                0x00000000080001e8                LPUART1_IRQHandler
                0x00000000080001e8                DMA2_Channel6_IRQHandler
                0x00000000080001e8                TIM2_IRQHandler
                0x00000000080001e8                TIM1_BRK_IRQHandler
                0x00000000080001e8                EXTI1_IRQHandler
                0x00000000080001e8                DMA1_Channel2_IRQHandler
                0x00000000080001e8                FLASH_IRQHandler
                0x00000000080001e8                BusFault_Handler
                0x00000000080001e8                USART1_IRQHandler
                0x00000000080001e8                LPTIM1_IRQHandler
                0x00000000080001e8                SAI1_IRQHandler
                0x00000000080001e8                DMA2_Channel3_IRQHandler
 .text.LL_AHB2_GRP1_EnableClock
                0x00000000080001ea       0x32 ./Application/User/main.o
 .text.main     0x000000000800021c       0xfc ./Application/User/main.o
                0x000000000800021c                main
 .text.SystemClock_Config
                0x0000000008000318       0xa4 ./Application/User/main.o
                0x0000000008000318                SystemClock_Config
 .text.PeriphCommonClock_Config
                0x00000000080003bc       0x3a ./Application/User/main.o
                0x00000000080003bc                PeriphCommonClock_Config
 *fill*         0x00000000080003f6        0x2 
 .text.MX_I2C1_Init
                0x00000000080003f8       0x84 ./Application/User/main.o
 .text.MX_GPIO_Init
                0x000000000800047c        0xe ./Application/User/main.o
 .text.HAL_I2C_MasterTxCpltCallback
                0x000000000800048a       0x16 ./Application/User/main.o
                0x000000000800048a                HAL_I2C_MasterTxCpltCallback
 .text.HAL_I2C_MasterRxCpltCallback
                0x00000000080004a0       0x16 ./Application/User/main.o
                0x00000000080004a0                HAL_I2C_MasterRxCpltCallback
 .text.HAL_I2C_ErrorCallback
                0x00000000080004b6       0x16 ./Application/User/main.o
                0x00000000080004b6                HAL_I2C_ErrorCallback
 .text.Buffercmp
                0x00000000080004cc       0x44 ./Application/User/main.o
 .text.Error_Handler
                0x0000000008000510        0xc ./Application/User/main.o
                0x0000000008000510                Error_Handler
 .text.LL_AHB2_GRP1_EnableClock
                0x000000000800051c       0x32 ./Application/User/stm32wbxx_hal_msp.o
 .text.LL_APB1_GRP1_EnableClock
                0x000000000800054e       0x32 ./Application/User/stm32wbxx_hal_msp.o
 .text.HAL_MspInit
                0x0000000008000580        0xe ./Application/User/stm32wbxx_hal_msp.o
                0x0000000008000580                HAL_MspInit
 *fill*         0x000000000800058e        0x2 
 .text.HAL_I2C_MspInit
                0x0000000008000590      0x110 ./Application/User/stm32wbxx_hal_msp.o
                0x0000000008000590                HAL_I2C_MspInit
 .text.SVC_Handler
                0x00000000080006a0        0xe ./Application/User/stm32wbxx_it.o
                0x00000000080006a0                SVC_Handler
 .text.PendSV_Handler
                0x00000000080006ae        0xe ./Application/User/stm32wbxx_it.o
                0x00000000080006ae                PendSV_Handler
 .text.SysTick_Handler
                0x00000000080006bc        0xc ./Application/User/stm32wbxx_it.o
                0x00000000080006bc                SysTick_Handler
 .text.I2C1_EV_IRQHandler
                0x00000000080006c8       0x14 ./Application/User/stm32wbxx_it.o
                0x00000000080006c8                I2C1_EV_IRQHandler
 .text.I2C1_ER_IRQHandler
                0x00000000080006dc       0x14 ./Application/User/stm32wbxx_it.o
                0x00000000080006dc                I2C1_ER_IRQHandler
 .text.LL_AHB2_GRP1_EnableClock
                0x00000000080006f0       0x32 ./Drivers/BSP/P-NUCLEO-WB55.Nucleo/stm32wbxx_nucleo.o
 *fill*         0x0000000008000722        0x2 
 .text.BSP_LED_Init
                0x0000000008000724       0x74 ./Drivers/BSP/P-NUCLEO-WB55.Nucleo/stm32wbxx_nucleo.o
                0x0000000008000724                BSP_LED_Init
 .text.BSP_LED_On
                0x0000000008000798       0x34 ./Drivers/BSP/P-NUCLEO-WB55.Nucleo/stm32wbxx_nucleo.o
                0x0000000008000798                BSP_LED_On
 .text.BSP_LED_Toggle
                0x00000000080007cc       0x34 ./Drivers/BSP/P-NUCLEO-WB55.Nucleo/stm32wbxx_nucleo.o
                0x00000000080007cc                BSP_LED_Toggle
 .text.BSP_PB_Init
                0x0000000008000800       0xe0 ./Drivers/BSP/P-NUCLEO-WB55.Nucleo/stm32wbxx_nucleo.o
                0x0000000008000800                BSP_PB_Init
 .text.BSP_PB_GetState
                0x00000000080008e0       0x34 ./Drivers/BSP/P-NUCLEO-WB55.Nucleo/stm32wbxx_nucleo.o
                0x00000000080008e0                BSP_PB_GetState
 .text.SystemInit
                0x0000000008000914       0xac ./Drivers/CMSIS/system_stm32wbxx.o
                0x0000000008000914                SystemInit
 .text.HAL_Init
                0x00000000080009c0       0x40 ./Drivers/STM32WBxx_HAL_Driver/stm32wbxx_hal.o
                0x00000000080009c0                HAL_Init
 .text.HAL_InitTick
                0x0000000008000a00       0x74 ./Drivers/STM32WBxx_HAL_Driver/stm32wbxx_hal.o
                0x0000000008000a00                HAL_InitTick
 .text.HAL_IncTick
                0x0000000008000a74       0x28 ./Drivers/STM32WBxx_HAL_Driver/stm32wbxx_hal.o
                0x0000000008000a74                HAL_IncTick
 .text.HAL_GetTick
                0x0000000008000a9c       0x18 ./Drivers/STM32WBxx_HAL_Driver/stm32wbxx_hal.o
                0x0000000008000a9c                HAL_GetTick
 .text.HAL_GetTickPrio
                0x0000000008000ab4       0x18 ./Drivers/STM32WBxx_HAL_Driver/stm32wbxx_hal.o
                0x0000000008000ab4                HAL_GetTickPrio
 .text.HAL_Delay
                0x0000000008000acc       0x48 ./Drivers/STM32WBxx_HAL_Driver/stm32wbxx_hal.o
                0x0000000008000acc                HAL_Delay
 .text.__NVIC_SetPriorityGrouping
                0x0000000008000b14       0x48 ./Drivers/STM32WBxx_HAL_Driver/stm32wbxx_hal_cortex.o
 .text.__NVIC_GetPriorityGrouping
                0x0000000008000b5c       0x1c ./Drivers/STM32WBxx_HAL_Driver/stm32wbxx_hal_cortex.o
 .text.__NVIC_EnableIRQ
                0x0000000008000b78       0x3c ./Drivers/STM32WBxx_HAL_Driver/stm32wbxx_hal_cortex.o
 .text.__NVIC_SetPriority
                0x0000000008000bb4       0x54 ./Drivers/STM32WBxx_HAL_Driver/stm32wbxx_hal_cortex.o
 .text.NVIC_EncodePriority
                0x0000000008000c08       0x66 ./Drivers/STM32WBxx_HAL_Driver/stm32wbxx_hal_cortex.o
 *fill*         0x0000000008000c6e        0x2 
 .text.SysTick_Config
                0x0000000008000c70       0x44 ./Drivers/STM32WBxx_HAL_Driver/stm32wbxx_hal_cortex.o
 .text.HAL_NVIC_SetPriorityGrouping
                0x0000000008000cb4       0x16 ./Drivers/STM32WBxx_HAL_Driver/stm32wbxx_hal_cortex.o
                0x0000000008000cb4                HAL_NVIC_SetPriorityGrouping
 .text.HAL_NVIC_SetPriority
                0x0000000008000cca       0x34 ./Drivers/STM32WBxx_HAL_Driver/stm32wbxx_hal_cortex.o
                0x0000000008000cca                HAL_NVIC_SetPriority
 .text.HAL_NVIC_EnableIRQ
                0x0000000008000cfe       0x1c ./Drivers/STM32WBxx_HAL_Driver/stm32wbxx_hal_cortex.o
                0x0000000008000cfe                HAL_NVIC_EnableIRQ
 .text.HAL_SYSTICK_Config
                0x0000000008000d1a       0x18 ./Drivers/STM32WBxx_HAL_Driver/stm32wbxx_hal_cortex.o
                0x0000000008000d1a                HAL_SYSTICK_Config
 .text.HAL_DMA_Abort_IT
                0x0000000008000d32       0xbe ./Drivers/STM32WBxx_HAL_Driver/stm32wbxx_hal_dma.o
                0x0000000008000d32                HAL_DMA_Abort_IT
 .text.HAL_DMA_GetState
                0x0000000008000df0       0x1c ./Drivers/STM32WBxx_HAL_Driver/stm32wbxx_hal_dma.o
                0x0000000008000df0                HAL_DMA_GetState
 .text.HAL_GPIO_Init
                0x0000000008000e0c      0x2e0 ./Drivers/STM32WBxx_HAL_Driver/stm32wbxx_hal_gpio.o
                0x0000000008000e0c                HAL_GPIO_Init
 .text.HAL_GPIO_ReadPin
                0x00000000080010ec       0x30 ./Drivers/STM32WBxx_HAL_Driver/stm32wbxx_hal_gpio.o
                0x00000000080010ec                HAL_GPIO_ReadPin
 .text.HAL_GPIO_WritePin
                0x000000000800111c       0x30 ./Drivers/STM32WBxx_HAL_Driver/stm32wbxx_hal_gpio.o
                0x000000000800111c                HAL_GPIO_WritePin
 .text.HAL_GPIO_TogglePin
                0x000000000800114c       0x34 ./Drivers/STM32WBxx_HAL_Driver/stm32wbxx_hal_gpio.o
                0x000000000800114c                HAL_GPIO_TogglePin
 .text.HAL_I2C_Init
                0x0000000008001180      0x11e ./Drivers/STM32WBxx_HAL_Driver/stm32wbxx_hal_i2c.o
                0x0000000008001180                HAL_I2C_Init
 *fill*         0x000000000800129e        0x2 
 .text.HAL_I2C_Master_Transmit_IT
                0x00000000080012a0       0xe0 ./Drivers/STM32WBxx_HAL_Driver/stm32wbxx_hal_i2c.o
                0x00000000080012a0                HAL_I2C_Master_Transmit_IT
 .text.HAL_I2C_Master_Receive_IT
                0x0000000008001380       0xe0 ./Drivers/STM32WBxx_HAL_Driver/stm32wbxx_hal_i2c.o
                0x0000000008001380                HAL_I2C_Master_Receive_IT
 .text.HAL_I2C_EV_IRQHandler
                0x0000000008001460       0x34 ./Drivers/STM32WBxx_HAL_Driver/stm32wbxx_hal_i2c.o
                0x0000000008001460                HAL_I2C_EV_IRQHandler
 .text.HAL_I2C_ER_IRQHandler
                0x0000000008001494       0xc2 ./Drivers/STM32WBxx_HAL_Driver/stm32wbxx_hal_i2c.o
                0x0000000008001494                HAL_I2C_ER_IRQHandler
 .text.HAL_I2C_SlaveTxCpltCallback
                0x0000000008001556       0x14 ./Drivers/STM32WBxx_HAL_Driver/stm32wbxx_hal_i2c.o
                0x0000000008001556                HAL_I2C_SlaveTxCpltCallback
 .text.HAL_I2C_SlaveRxCpltCallback
                0x000000000800156a       0x14 ./Drivers/STM32WBxx_HAL_Driver/stm32wbxx_hal_i2c.o
                0x000000000800156a                HAL_I2C_SlaveRxCpltCallback
 .text.HAL_I2C_AddrCallback
                0x000000000800157e       0x1c ./Drivers/STM32WBxx_HAL_Driver/stm32wbxx_hal_i2c.o
                0x000000000800157e                HAL_I2C_AddrCallback
 .text.HAL_I2C_ListenCpltCallback
                0x000000000800159a       0x14 ./Drivers/STM32WBxx_HAL_Driver/stm32wbxx_hal_i2c.o
                0x000000000800159a                HAL_I2C_ListenCpltCallback
 .text.HAL_I2C_MemTxCpltCallback
                0x00000000080015ae       0x14 ./Drivers/STM32WBxx_HAL_Driver/stm32wbxx_hal_i2c.o
                0x00000000080015ae                HAL_I2C_MemTxCpltCallback
 .text.HAL_I2C_MemRxCpltCallback
                0x00000000080015c2       0x14 ./Drivers/STM32WBxx_HAL_Driver/stm32wbxx_hal_i2c.o
                0x00000000080015c2                HAL_I2C_MemRxCpltCallback
 .text.HAL_I2C_AbortCpltCallback
                0x00000000080015d6       0x14 ./Drivers/STM32WBxx_HAL_Driver/stm32wbxx_hal_i2c.o
                0x00000000080015d6                HAL_I2C_AbortCpltCallback
 .text.HAL_I2C_GetState
                0x00000000080015ea       0x1c ./Drivers/STM32WBxx_HAL_Driver/stm32wbxx_hal_i2c.o
                0x00000000080015ea                HAL_I2C_GetState
 .text.HAL_I2C_GetError
                0x0000000008001606       0x18 ./Drivers/STM32WBxx_HAL_Driver/stm32wbxx_hal_i2c.o
                0x0000000008001606                HAL_I2C_GetError
 .text.I2C_Master_ISR_IT
                0x000000000800161e      0x250 ./Drivers/STM32WBxx_HAL_Driver/stm32wbxx_hal_i2c.o
 .text.I2C_Slave_ISR_IT
                0x000000000800186e      0x206 ./Drivers/STM32WBxx_HAL_Driver/stm32wbxx_hal_i2c.o
 .text.I2C_Master_ISR_DMA
                0x0000000008001a74      0x1e6 ./Drivers/STM32WBxx_HAL_Driver/stm32wbxx_hal_i2c.o
 .text.I2C_Slave_ISR_DMA
                0x0000000008001c5a      0x1c0 ./Drivers/STM32WBxx_HAL_Driver/stm32wbxx_hal_i2c.o
 .text.I2C_ITAddrCplt
                0x0000000008001e1a      0x108 ./Drivers/STM32WBxx_HAL_Driver/stm32wbxx_hal_i2c.o
 .text.I2C_ITMasterSeqCplt
                0x0000000008001f22       0x7a ./Drivers/STM32WBxx_HAL_Driver/stm32wbxx_hal_i2c.o
 .text.I2C_ITSlaveSeqCplt
                0x0000000008001f9c       0xbc ./Drivers/STM32WBxx_HAL_Driver/stm32wbxx_hal_i2c.o
 .text.I2C_ITMasterCplt
                0x0000000008002058      0x194 ./Drivers/STM32WBxx_HAL_Driver/stm32wbxx_hal_i2c.o
 .text.I2C_ITSlaveCplt
                0x00000000080021ec      0x214 ./Drivers/STM32WBxx_HAL_Driver/stm32wbxx_hal_i2c.o
 .text.I2C_ITListenCplt
                0x0000000008002400       0xac ./Drivers/STM32WBxx_HAL_Driver/stm32wbxx_hal_i2c.o
 .text.I2C_ITError
                0x00000000080024ac      0x1a0 ./Drivers/STM32WBxx_HAL_Driver/stm32wbxx_hal_i2c.o
 .text.I2C_TreatErrorCallback
                0x000000000800264c       0x4e ./Drivers/STM32WBxx_HAL_Driver/stm32wbxx_hal_i2c.o
 .text.I2C_Flush_TXDR
                0x000000000800269a       0x48 ./Drivers/STM32WBxx_HAL_Driver/stm32wbxx_hal_i2c.o
 .text.I2C_DMAAbort
                0x00000000080026e2       0x3c ./Drivers/STM32WBxx_HAL_Driver/stm32wbxx_hal_i2c.o
 *fill*         0x000000000800271e        0x2 
 .text.I2C_TransferConfig
                0x0000000008002720       0x64 ./Drivers/STM32WBxx_HAL_Driver/stm32wbxx_hal_i2c.o
 .text.I2C_Enable_IRQ
                0x0000000008002784       0xd4 ./Drivers/STM32WBxx_HAL_Driver/stm32wbxx_hal_i2c.o
 .text.I2C_Disable_IRQ
                0x0000000008002858       0xbc ./Drivers/STM32WBxx_HAL_Driver/stm32wbxx_hal_i2c.o
 .text.HAL_I2CEx_ConfigAnalogFilter
                0x0000000008002914       0x96 ./Drivers/STM32WBxx_HAL_Driver/stm32wbxx_hal_i2c_ex.o
                0x0000000008002914                HAL_I2CEx_ConfigAnalogFilter
 .text.HAL_I2CEx_ConfigDigitalFilter
                0x00000000080029aa       0x98 ./Drivers/STM32WBxx_HAL_Driver/stm32wbxx_hal_i2c_ex.o
                0x00000000080029aa                HAL_I2CEx_ConfigDigitalFilter
 *fill*         0x0000000008002a42        0x2 
 .text.HAL_I2CEx_EnableFastModePlus
                0x0000000008002a44       0x24 ./Drivers/STM32WBxx_HAL_Driver/stm32wbxx_hal_i2c_ex.o
                0x0000000008002a44                HAL_I2CEx_EnableFastModePlus
 .text.HAL_PWR_EnableBkUpAccess
                0x0000000008002a68       0x20 ./Drivers/STM32WBxx_HAL_Driver/stm32wbxx_hal_pwr.o
                0x0000000008002a68                HAL_PWR_EnableBkUpAccess
 .text.HAL_PWREx_GetVoltageRange
                0x0000000008002a88       0x1c ./Drivers/STM32WBxx_HAL_Driver/stm32wbxx_hal_pwr_ex.o
                0x0000000008002a88                HAL_PWREx_GetVoltageRange
 .text.LL_RCC_HSE_IsEnabledDiv2
                0x0000000008002aa4       0x24 ./Drivers/STM32WBxx_HAL_Driver/stm32wbxx_hal_rcc.o
 .text.LL_RCC_HSE_Enable
                0x0000000008002ac8       0x1e ./Drivers/STM32WBxx_HAL_Driver/stm32wbxx_hal_rcc.o
 .text.LL_RCC_HSE_Disable
                0x0000000008002ae6       0x1e ./Drivers/STM32WBxx_HAL_Driver/stm32wbxx_hal_rcc.o
 .text.LL_RCC_HSE_IsReady
                0x0000000008002b04       0x24 ./Drivers/STM32WBxx_HAL_Driver/stm32wbxx_hal_rcc.o
 .text.LL_RCC_HSI_Enable
                0x0000000008002b28       0x1e ./Drivers/STM32WBxx_HAL_Driver/stm32wbxx_hal_rcc.o
 .text.LL_RCC_HSI_Disable
                0x0000000008002b46       0x1e ./Drivers/STM32WBxx_HAL_Driver/stm32wbxx_hal_rcc.o
 .text.LL_RCC_HSI_IsReady
                0x0000000008002b64       0x24 ./Drivers/STM32WBxx_HAL_Driver/stm32wbxx_hal_rcc.o
 .text.LL_RCC_HSI_SetCalibTrimming
                0x0000000008002b88       0x2a ./Drivers/STM32WBxx_HAL_Driver/stm32wbxx_hal_rcc.o
 .text.LL_RCC_HSI48_Enable
                0x0000000008002bb2       0x22 ./Drivers/STM32WBxx_HAL_Driver/stm32wbxx_hal_rcc.o
 .text.LL_RCC_HSI48_Disable
                0x0000000008002bd4       0x22 ./Drivers/STM32WBxx_HAL_Driver/stm32wbxx_hal_rcc.o
 .text.LL_RCC_HSI48_IsReady
                0x0000000008002bf6       0x24 ./Drivers/STM32WBxx_HAL_Driver/stm32wbxx_hal_rcc.o
 .text.LL_RCC_LSE_Enable
                0x0000000008002c1a       0x22 ./Drivers/STM32WBxx_HAL_Driver/stm32wbxx_hal_rcc.o
 .text.LL_RCC_LSE_Disable
                0x0000000008002c3c       0x22 ./Drivers/STM32WBxx_HAL_Driver/stm32wbxx_hal_rcc.o
 .text.LL_RCC_LSE_EnableBypass
                0x0000000008002c5e       0x22 ./Drivers/STM32WBxx_HAL_Driver/stm32wbxx_hal_rcc.o
 .text.LL_RCC_LSE_DisableBypass
                0x0000000008002c80       0x22 ./Drivers/STM32WBxx_HAL_Driver/stm32wbxx_hal_rcc.o
 .text.LL_RCC_LSE_IsReady
                0x0000000008002ca2       0x24 ./Drivers/STM32WBxx_HAL_Driver/stm32wbxx_hal_rcc.o
 .text.LL_RCC_LSI1_Enable
                0x0000000008002cc6       0x22 ./Drivers/STM32WBxx_HAL_Driver/stm32wbxx_hal_rcc.o
 .text.LL_RCC_LSI1_Disable
                0x0000000008002ce8       0x22 ./Drivers/STM32WBxx_HAL_Driver/stm32wbxx_hal_rcc.o
 .text.LL_RCC_LSI1_IsReady
                0x0000000008002d0a       0x24 ./Drivers/STM32WBxx_HAL_Driver/stm32wbxx_hal_rcc.o
 .text.LL_RCC_LSI2_Enable
                0x0000000008002d2e       0x22 ./Drivers/STM32WBxx_HAL_Driver/stm32wbxx_hal_rcc.o
 .text.LL_RCC_LSI2_Disable
                0x0000000008002d50       0x22 ./Drivers/STM32WBxx_HAL_Driver/stm32wbxx_hal_rcc.o
 .text.LL_RCC_LSI2_IsReady
                0x0000000008002d72       0x24 ./Drivers/STM32WBxx_HAL_Driver/stm32wbxx_hal_rcc.o
 .text.LL_RCC_LSI2_SetTrimming
                0x0000000008002d96       0x2e ./Drivers/STM32WBxx_HAL_Driver/stm32wbxx_hal_rcc.o
 .text.LL_RCC_MSI_Enable
                0x0000000008002dc4       0x1e ./Drivers/STM32WBxx_HAL_Driver/stm32wbxx_hal_rcc.o
 .text.LL_RCC_MSI_Disable
                0x0000000008002de2       0x1e ./Drivers/STM32WBxx_HAL_Driver/stm32wbxx_hal_rcc.o
 .text.LL_RCC_MSI_IsReady
                0x0000000008002e00       0x22 ./Drivers/STM32WBxx_HAL_Driver/stm32wbxx_hal_rcc.o
 .text.LL_RCC_MSI_SetRange
                0x0000000008002e22       0x28 ./Drivers/STM32WBxx_HAL_Driver/stm32wbxx_hal_rcc.o
 .text.LL_RCC_MSI_GetRange
                0x0000000008002e4a       0x2a ./Drivers/STM32WBxx_HAL_Driver/stm32wbxx_hal_rcc.o
 .text.LL_RCC_MSI_SetCalibTrimming
                0x0000000008002e74       0x2a ./Drivers/STM32WBxx_HAL_Driver/stm32wbxx_hal_rcc.o
 .text.LL_RCC_SetSysClkSource
                0x0000000008002e9e       0x28 ./Drivers/STM32WBxx_HAL_Driver/stm32wbxx_hal_rcc.o
 .text.LL_RCC_GetSysClkSource
                0x0000000008002ec6       0x18 ./Drivers/STM32WBxx_HAL_Driver/stm32wbxx_hal_rcc.o
 .text.LL_RCC_SetAHBPrescaler
                0x0000000008002ede       0x28 ./Drivers/STM32WBxx_HAL_Driver/stm32wbxx_hal_rcc.o
 .text.LL_C2_RCC_SetAHBPrescaler
                0x0000000008002f06       0x2c ./Drivers/STM32WBxx_HAL_Driver/stm32wbxx_hal_rcc.o
 .text.LL_RCC_SetAHB4Prescaler
                0x0000000008002f32       0x2e ./Drivers/STM32WBxx_HAL_Driver/stm32wbxx_hal_rcc.o
 .text.LL_RCC_SetAPB1Prescaler
                0x0000000008002f60       0x28 ./Drivers/STM32WBxx_HAL_Driver/stm32wbxx_hal_rcc.o
 .text.LL_RCC_SetAPB2Prescaler
                0x0000000008002f88       0x28 ./Drivers/STM32WBxx_HAL_Driver/stm32wbxx_hal_rcc.o
 .text.LL_RCC_GetAHBPrescaler
                0x0000000008002fb0       0x18 ./Drivers/STM32WBxx_HAL_Driver/stm32wbxx_hal_rcc.o
 .text.LL_RCC_GetAHB4Prescaler
                0x0000000008002fc8       0x1c ./Drivers/STM32WBxx_HAL_Driver/stm32wbxx_hal_rcc.o
 .text.LL_RCC_PLL_Enable
                0x0000000008002fe4       0x1e ./Drivers/STM32WBxx_HAL_Driver/stm32wbxx_hal_rcc.o
 .text.LL_RCC_PLL_Disable
                0x0000000008003002       0x1e ./Drivers/STM32WBxx_HAL_Driver/stm32wbxx_hal_rcc.o
 .text.LL_RCC_PLL_IsReady
                0x0000000008003020       0x24 ./Drivers/STM32WBxx_HAL_Driver/stm32wbxx_hal_rcc.o
 .text.LL_RCC_PLL_GetN
                0x0000000008003044       0x1a ./Drivers/STM32WBxx_HAL_Driver/stm32wbxx_hal_rcc.o
 .text.LL_RCC_PLL_GetR
                0x000000000800305e       0x18 ./Drivers/STM32WBxx_HAL_Driver/stm32wbxx_hal_rcc.o
 .text.LL_RCC_PLL_GetDivider
                0x0000000008003076       0x18 ./Drivers/STM32WBxx_HAL_Driver/stm32wbxx_hal_rcc.o
 .text.LL_RCC_PLL_GetMainSource
                0x000000000800308e       0x18 ./Drivers/STM32WBxx_HAL_Driver/stm32wbxx_hal_rcc.o
 .text.LL_RCC_IsActiveFlag_HPRE
                0x00000000080030a6       0x24 ./Drivers/STM32WBxx_HAL_Driver/stm32wbxx_hal_rcc.o
 .text.LL_RCC_IsActiveFlag_C2HPRE
                0x00000000080030ca       0x26 ./Drivers/STM32WBxx_HAL_Driver/stm32wbxx_hal_rcc.o
 .text.LL_RCC_IsActiveFlag_SHDHPRE
                0x00000000080030f0       0x26 ./Drivers/STM32WBxx_HAL_Driver/stm32wbxx_hal_rcc.o
 .text.LL_RCC_IsActiveFlag_PPRE1
                0x0000000008003116       0x24 ./Drivers/STM32WBxx_HAL_Driver/stm32wbxx_hal_rcc.o
 .text.LL_RCC_IsActiveFlag_PPRE2
                0x000000000800313a       0x24 ./Drivers/STM32WBxx_HAL_Driver/stm32wbxx_hal_rcc.o
 *fill*         0x000000000800315e        0x2 
 .text.HAL_RCC_OscConfig
                0x0000000008003160      0x6e8 ./Drivers/STM32WBxx_HAL_Driver/stm32wbxx_hal_rcc.o
                0x0000000008003160                HAL_RCC_OscConfig
 .text.HAL_RCC_ClockConfig
                0x0000000008003848      0x280 ./Drivers/STM32WBxx_HAL_Driver/stm32wbxx_hal_rcc.o
                0x0000000008003848                HAL_RCC_ClockConfig
 .text.HAL_RCC_GetSysClockFreq
                0x0000000008003ac8       0xdc ./Drivers/STM32WBxx_HAL_Driver/stm32wbxx_hal_rcc.o
                0x0000000008003ac8                HAL_RCC_GetSysClockFreq
 .text.HAL_RCC_GetHCLKFreq
                0x0000000008003ba4       0x28 ./Drivers/STM32WBxx_HAL_Driver/stm32wbxx_hal_rcc.o
                0x0000000008003ba4                HAL_RCC_GetHCLKFreq
 .text.RCC_SetFlashLatencyFromMSIRange
                0x0000000008003bcc       0x70 ./Drivers/STM32WBxx_HAL_Driver/stm32wbxx_hal_rcc.o
 .text.RCC_SetFlashLatency
                0x0000000008003c3c       0xf8 ./Drivers/STM32WBxx_HAL_Driver/stm32wbxx_hal_rcc.o
 .text.LL_RCC_LSE_IsEnabled
                0x0000000008003d34       0x24 ./Drivers/STM32WBxx_HAL_Driver/stm32wbxx_hal_rcc_ex.o
 .text.LL_RCC_LSE_IsReady
                0x0000000008003d58       0x24 ./Drivers/STM32WBxx_HAL_Driver/stm32wbxx_hal_rcc_ex.o
 .text.LL_RCC_SetRFWKPClockSource
                0x0000000008003d7c       0x2c ./Drivers/STM32WBxx_HAL_Driver/stm32wbxx_hal_rcc_ex.o
 .text.LL_RCC_SetSMPSClockSource
                0x0000000008003da8       0x28 ./Drivers/STM32WBxx_HAL_Driver/stm32wbxx_hal_rcc_ex.o
 .text.LL_RCC_SetSMPSPrescaler
                0x0000000008003dd0       0x28 ./Drivers/STM32WBxx_HAL_Driver/stm32wbxx_hal_rcc_ex.o
 .text.LL_RCC_SetUSARTClockSource
                0x0000000008003df8       0x2c ./Drivers/STM32WBxx_HAL_Driver/stm32wbxx_hal_rcc_ex.o
 .text.LL_RCC_SetLPUARTClockSource
                0x0000000008003e24       0x2c ./Drivers/STM32WBxx_HAL_Driver/stm32wbxx_hal_rcc_ex.o
 .text.LL_RCC_SetI2CClockSource
                0x0000000008003e50       0x3a ./Drivers/STM32WBxx_HAL_Driver/stm32wbxx_hal_rcc_ex.o
 .text.LL_RCC_SetLPTIMClockSource
                0x0000000008003e8a       0x34 ./Drivers/STM32WBxx_HAL_Driver/stm32wbxx_hal_rcc_ex.o
 .text.LL_RCC_SetSAIClockSource
                0x0000000008003ebe       0x2c ./Drivers/STM32WBxx_HAL_Driver/stm32wbxx_hal_rcc_ex.o
 .text.LL_RCC_SetRNGClockSource
                0x0000000008003eea       0x2c ./Drivers/STM32WBxx_HAL_Driver/stm32wbxx_hal_rcc_ex.o
 .text.LL_RCC_SetCLK48ClockSource
                0x0000000008003f16       0x2c ./Drivers/STM32WBxx_HAL_Driver/stm32wbxx_hal_rcc_ex.o
 .text.LL_RCC_SetUSBClockSource
                0x0000000008003f42       0x16 ./Drivers/STM32WBxx_HAL_Driver/stm32wbxx_hal_rcc_ex.o
 .text.LL_RCC_SetADCClockSource
                0x0000000008003f58       0x2c ./Drivers/STM32WBxx_HAL_Driver/stm32wbxx_hal_rcc_ex.o
 .text.LL_RCC_SetRTCClockSource
                0x0000000008003f84       0x2c ./Drivers/STM32WBxx_HAL_Driver/stm32wbxx_hal_rcc_ex.o
 .text.LL_RCC_GetRTCClockSource
                0x0000000008003fb0       0x1a ./Drivers/STM32WBxx_HAL_Driver/stm32wbxx_hal_rcc_ex.o
 .text.LL_RCC_ForceBackupDomainReset
                0x0000000008003fca       0x22 ./Drivers/STM32WBxx_HAL_Driver/stm32wbxx_hal_rcc_ex.o
 .text.LL_RCC_ReleaseBackupDomainReset
                0x0000000008003fec       0x22 ./Drivers/STM32WBxx_HAL_Driver/stm32wbxx_hal_rcc_ex.o
 .text.LL_RCC_PLLSAI1_Enable
                0x000000000800400e       0x1e ./Drivers/STM32WBxx_HAL_Driver/stm32wbxx_hal_rcc_ex.o
 .text.LL_RCC_PLLSAI1_Disable
                0x000000000800402c       0x1e ./Drivers/STM32WBxx_HAL_Driver/stm32wbxx_hal_rcc_ex.o
 .text.LL_RCC_PLLSAI1_IsReady
                0x000000000800404a       0x24 ./Drivers/STM32WBxx_HAL_Driver/stm32wbxx_hal_rcc_ex.o
 .text.HAL_RCCEx_PeriphCLKConfig
                0x000000000800406e      0x2ec ./Drivers/STM32WBxx_HAL_Driver/stm32wbxx_hal_rcc_ex.o
                0x000000000800406e                HAL_RCCEx_PeriphCLKConfig
 .text.RCCEx_PLLSAI1_ConfigNP
                0x000000000800435a       0xb6 ./Drivers/STM32WBxx_HAL_Driver/stm32wbxx_hal_rcc_ex.o
 .text.RCCEx_PLLSAI1_ConfigNQ
                0x0000000008004410       0xb6 ./Drivers/STM32WBxx_HAL_Driver/stm32wbxx_hal_rcc_ex.o
 .text.RCCEx_PLLSAI1_ConfigNR
                0x00000000080044c6       0xb6 ./Drivers/STM32WBxx_HAL_Driver/stm32wbxx_hal_rcc_ex.o
 .text.__libc_init_array
                0x000000000800457c       0x48 c:/st/stm32cubeide_1.4.0/stm32cubeide/plugins/com.st.stm32cube.ide.mcu.externaltools.gnu-tools-for-stm32.10.3-2021.10.win32_1.0.0.202111181127/tools/bin/../lib/gcc/arm-none-eabi/10.3.1/../../../../arm-none-eabi/lib/thumb/v7e-m+fp/hard\libc_nano.a(lib_a-init.o)
                0x000000000800457c                __libc_init_array
 .text.memset   0x00000000080045c4       0x10 c:/st/stm32cubeide_1.4.0/stm32cubeide/plugins/com.st.stm32cube.ide.mcu.externaltools.gnu-tools-for-stm32.10.3-2021.10.win32_1.0.0.202111181127/tools/bin/../lib/gcc/arm-none-eabi/10.3.1/../../../../arm-none-eabi/lib/thumb/v7e-m+fp/hard\libc_nano.a(lib_a-memset.o)
                0x00000000080045c4                memset
 *(.glue_7)
 .glue_7        0x00000000080045d4        0x0 linker stubs
 *(.glue_7t)
 .glue_7t       0x00000000080045d4        0x0 linker stubs
 *(.eh_frame)
 .eh_frame      0x00000000080045d4        0x0 c:/st/stm32cubeide_1.4.0/stm32cubeide/plugins/com.st.stm32cube.ide.mcu.externaltools.gnu-tools-for-stm32.10.3-2021.10.win32_1.0.0.202111181127/tools/bin/../lib/gcc/arm-none-eabi/10.3.1/thumb/v7e-m+fp/hard/crtbegin.o
 *(.init)
 .init          0x00000000080045d4        0x4 c:/st/stm32cubeide_1.4.0/stm32cubeide/plugins/com.st.stm32cube.ide.mcu.externaltools.gnu-tools-for-stm32.10.3-2021.10.win32_1.0.0.202111181127/tools/bin/../lib/gcc/arm-none-eabi/10.3.1/thumb/v7e-m+fp/hard/crti.o
                0x00000000080045d4                _init
 .init          0x00000000080045d8        0x8 c:/st/stm32cubeide_1.4.0/stm32cubeide/plugins/com.st.stm32cube.ide.mcu.externaltools.gnu-tools-for-stm32.10.3-2021.10.win32_1.0.0.202111181127/tools/bin/../lib/gcc/arm-none-eabi/10.3.1/thumb/v7e-m+fp/hard/crtn.o
 *(.fini)
 .fini          0x00000000080045e0        0x4 c:/st/stm32cubeide_1.4.0/stm32cubeide/plugins/com.st.stm32cube.ide.mcu.externaltools.gnu-tools-for-stm32.10.3-2021.10.win32_1.0.0.202111181127/tools/bin/../lib/gcc/arm-none-eabi/10.3.1/thumb/v7e-m+fp/hard/crti.o
                0x00000000080045e0                _fini
 .fini          0x00000000080045e4        0x8 c:/st/stm32cubeide_1.4.0/stm32cubeide/plugins/com.st.stm32cube.ide.mcu.externaltools.gnu-tools-for-stm32.10.3-2021.10.win32_1.0.0.202111181127/tools/bin/../lib/gcc/arm-none-eabi/10.3.1/thumb/v7e-m+fp/hard/crtn.o
                0x00000000080045ec                . = ALIGN (0x4)
                0x00000000080045ec                _etext = .

.vfp11_veneer   0x00000000080045ec        0x0
 .vfp11_veneer  0x00000000080045ec        0x0 linker stubs

.v4_bx          0x00000000080045ec        0x0
 .v4_bx         0x00000000080045ec        0x0 linker stubs

.iplt           0x00000000080045ec        0x0
 .iplt          0x00000000080045ec        0x0 c:/st/stm32cubeide_1.4.0/stm32cubeide/plugins/com.st.stm32cube.ide.mcu.externaltools.gnu-tools-for-stm32.10.3-2021.10.win32_1.0.0.202111181127/tools/bin/../lib/gcc/arm-none-eabi/10.3.1/thumb/v7e-m+fp/hard/crtbegin.o

.rodata         0x00000000080045ec       0xc0
                0x00000000080045ec                . = ALIGN (0x4)
 *(.rodata)
 .rodata        0x00000000080045ec       0x2c ./Drivers/STM32WBxx_HAL_Driver/stm32wbxx_hal_rcc.o
 *(.rodata*)
 .rodata.GPIO_PIN
                0x0000000008004618        0x6 ./Drivers/BSP/P-NUCLEO-WB55.Nucleo/stm32wbxx_nucleo.o
                0x0000000008004618                GPIO_PIN
 *fill*         0x000000000800461e        0x2 
 .rodata.BUTTON_PIN
                0x0000000008004620        0x6 ./Drivers/BSP/P-NUCLEO-WB55.Nucleo/stm32wbxx_nucleo.o
                0x0000000008004620                BUTTON_PIN
 *fill*         0x0000000008004626        0x2 
 .rodata.BUTTON_IRQn
                0x0000000008004628        0x3 ./Drivers/BSP/P-NUCLEO-WB55.Nucleo/stm32wbxx_nucleo.o
                0x0000000008004628                BUTTON_IRQn
 *fill*         0x000000000800462b        0x1 
 .rodata.AHBPrescTable
                0x000000000800462c       0x40 ./Drivers/CMSIS/system_stm32wbxx.o
                0x000000000800462c                AHBPrescTable
 .rodata.MSIRangeTable
                0x000000000800466c       0x40 ./Drivers/CMSIS/system_stm32wbxx.o
                0x000000000800466c                MSIRangeTable
                0x00000000080046ac                . = ALIGN (0x4)

.rel.dyn        0x00000000080046ac        0x0
 .rel.iplt      0x00000000080046ac        0x0 c:/st/stm32cubeide_1.4.0/stm32cubeide/plugins/com.st.stm32cube.ide.mcu.externaltools.gnu-tools-for-stm32.10.3-2021.10.win32_1.0.0.202111181127/tools/bin/../lib/gcc/arm-none-eabi/10.3.1/thumb/v7e-m+fp/hard/crtbegin.o

.ARM.extab
 *(.ARM.extab* .gnu.linkonce.armextab.*)

.ARM            0x00000000080046ac        0x0
                0x00000000080046ac                __exidx_start = .
 *(.ARM.exidx*)
                0x00000000080046ac                __exidx_end = .

.preinit_array  0x00000000080046ac        0x0
                0x00000000080046ac                PROVIDE (__preinit_array_start = .)
 *(.preinit_array*)
                0x00000000080046ac                PROVIDE (__preinit_array_end = .)

.init_array     0x00000000080046ac        0x4
                0x00000000080046ac                PROVIDE (__init_array_start = .)
 *(SORT_BY_NAME(.init_array.*))
 *(.init_array*)
 .init_array    0x00000000080046ac        0x4 c:/st/stm32cubeide_1.4.0/stm32cubeide/plugins/com.st.stm32cube.ide.mcu.externaltools.gnu-tools-for-stm32.10.3-2021.10.win32_1.0.0.202111181127/tools/bin/../lib/gcc/arm-none-eabi/10.3.1/thumb/v7e-m+fp/hard/crtbegin.o
                0x00000000080046b0                PROVIDE (__init_array_end = .)

.fini_array     0x00000000080046b0        0x4
                [!provide]                        PROVIDE (__fini_array_start = .)
 *(SORT_BY_NAME(.fini_array.*))
 *(.fini_array*)
 .fini_array    0x00000000080046b0        0x4 c:/st/stm32cubeide_1.4.0/stm32cubeide/plugins/com.st.stm32cube.ide.mcu.externaltools.gnu-tools-for-stm32.10.3-2021.10.win32_1.0.0.202111181127/tools/bin/../lib/gcc/arm-none-eabi/10.3.1/thumb/v7e-m+fp/hard/crtbegin.o
                [!provide]                        PROVIDE (__fini_array_end = .)
                0x00000000080046b4                _sidata = LOADADDR (.data)

.data           0x0000000020000008      0x100 load address 0x00000000080046b4
                0x0000000020000008                . = ALIGN (0x4)
                0x0000000020000008                _sdata = .
 *(.data)
 *(.data*)
 .data.aTxBuffer
                0x0000000020000008       0xd9 ./Application/User/main.o
                0x0000000020000008                aTxBuffer
 *fill*         0x00000000200000e1        0x3 
 .data.GPIO_PORT
                0x00000000200000e4        0xc ./Drivers/BSP/P-NUCLEO-WB55.Nucleo/stm32wbxx_nucleo.o
                0x00000000200000e4                GPIO_PORT
 .data.BUTTON_PORT
                0x00000000200000f0        0xc ./Drivers/BSP/P-NUCLEO-WB55.Nucleo/stm32wbxx_nucleo.o
                0x00000000200000f0                BUTTON_PORT
 .data.SystemCoreClock
                0x00000000200000fc        0x4 ./Drivers/CMSIS/system_stm32wbxx.o
                0x00000000200000fc                SystemCoreClock
 .data.uwTickPrio
                0x0000000020000100        0x4 ./Drivers/STM32WBxx_HAL_Driver/stm32wbxx_hal.o
                0x0000000020000100                uwTickPrio
 .data.uwTickFreq
                0x0000000020000104        0x1 ./Drivers/STM32WBxx_HAL_Driver/stm32wbxx_hal.o
                0x0000000020000104                uwTickFreq
                0x0000000020000108                . = ALIGN (0x4)
 *fill*         0x0000000020000105        0x3 
                0x0000000020000108                _edata = .

.igot.plt       0x0000000020000108        0x0 load address 0x00000000080047b4
 .igot.plt      0x0000000020000108        0x0 c:/st/stm32cubeide_1.4.0/stm32cubeide/plugins/com.st.stm32cube.ide.mcu.externaltools.gnu-tools-for-stm32.10.3-2021.10.win32_1.0.0.202111181127/tools/bin/../lib/gcc/arm-none-eabi/10.3.1/thumb/v7e-m+fp/hard/crtbegin.o
                0x0000000020000108                . = ALIGN (0x4)

.bss            0x0000000020000108      0x14c load address 0x00000000080047b4
                0x0000000020000108                _sbss = .
                0x0000000020000108                __bss_start__ = _sbss
 *(.bss)
 .bss           0x0000000020000108       0x1c c:/st/stm32cubeide_1.4.0/stm32cubeide/plugins/com.st.stm32cube.ide.mcu.externaltools.gnu-tools-for-stm32.10.3-2021.10.win32_1.0.0.202111181127/tools/bin/../lib/gcc/arm-none-eabi/10.3.1/thumb/v7e-m+fp/hard/crtbegin.o
 *(.bss*)
 .bss.hi2c1     0x0000000020000124       0x54 ./Application/User/main.o
                0x0000000020000124                hi2c1
 .bss.aRxBuffer
                0x0000000020000178       0xd8 ./Application/User/main.o
                0x0000000020000178                aRxBuffer
 .bss.uwTick    0x0000000020000250        0x4 ./Drivers/STM32WBxx_HAL_Driver/stm32wbxx_hal.o
                0x0000000020000250                uwTick
 *(COMMON)
                0x0000000020000254                . = ALIGN (0x4)
                0x0000000020000254                _ebss = .
                0x0000000020000254                __bss_end__ = _ebss

._user_heap_stack
                0x0000000020000254      0x604 load address 0x00000000080047b4
                0x0000000020000258                . = ALIGN (0x8)
 *fill*         0x0000000020000254        0x4 
                [!provide]                        PROVIDE (end = .)
                0x0000000020000258                PROVIDE (_end = .)
                0x0000000020000458                . = (. + _Min_Heap_Size)
 *fill*         0x0000000020000258      0x200 
                0x0000000020000858                . = (. + _Min_Stack_Size)
 *fill*         0x0000000020000458      0x400 
                0x0000000020000858                . = ALIGN (0x8)

/DISCARD/
 libc.a(*)
 libm.a(*)
 libgcc.a(*)

.ARM.attributes
                0x0000000000000000       0x30
 *(.ARM.attributes)
 .ARM.attributes
                0x0000000000000000       0x1e c:/st/stm32cubeide_1.4.0/stm32cubeide/plugins/com.st.stm32cube.ide.mcu.externaltools.gnu-tools-for-stm32.10.3-2021.10.win32_1.0.0.202111181127/tools/bin/../lib/gcc/arm-none-eabi/10.3.1/thumb/v7e-m+fp/hard/crti.o
 .ARM.attributes
                0x000000000000001e       0x34 c:/st/stm32cubeide_1.4.0/stm32cubeide/plugins/com.st.stm32cube.ide.mcu.externaltools.gnu-tools-for-stm32.10.3-2021.10.win32_1.0.0.202111181127/tools/bin/../lib/gcc/arm-none-eabi/10.3.1/thumb/v7e-m+fp/hard/crtbegin.o
 .ARM.attributes
                0x0000000000000052       0x21 ./Application/Startup/startup_stm32wb55rgvx.o
 .ARM.attributes
                0x0000000000000073       0x34 ./Application/User/main.o
 .ARM.attributes
                0x00000000000000a7       0x34 ./Application/User/stm32wbxx_hal_msp.o
 .ARM.attributes
                0x00000000000000db       0x34 ./Application/User/stm32wbxx_it.o
 .ARM.attributes
                0x000000000000010f       0x34 ./Drivers/BSP/P-NUCLEO-WB55.Nucleo/stm32wbxx_nucleo.o
 .ARM.attributes
                0x0000000000000143       0x34 ./Drivers/CMSIS/system_stm32wbxx.o
 .ARM.attributes
                0x0000000000000177       0x34 ./Drivers/STM32WBxx_HAL_Driver/stm32wbxx_hal.o
 .ARM.attributes
                0x00000000000001ab       0x34 ./Drivers/STM32WBxx_HAL_Driver/stm32wbxx_hal_cortex.o
 .ARM.attributes
                0x00000000000001df       0x34 ./Drivers/STM32WBxx_HAL_Driver/stm32wbxx_hal_dma.o
 .ARM.attributes
                0x0000000000000213       0x34 ./Drivers/STM32WBxx_HAL_Driver/stm32wbxx_hal_gpio.o
 .ARM.attributes
                0x0000000000000247       0x34 ./Drivers/STM32WBxx_HAL_Driver/stm32wbxx_hal_i2c.o
 .ARM.attributes
                0x000000000000027b       0x34 ./Drivers/STM32WBxx_HAL_Driver/stm32wbxx_hal_i2c_ex.o
 .ARM.attributes
                0x00000000000002af       0x34 ./Drivers/STM32WBxx_HAL_Driver/stm32wbxx_hal_pwr.o
 .ARM.attributes
                0x00000000000002e3       0x34 ./Drivers/STM32WBxx_HAL_Driver/stm32wbxx_hal_pwr_ex.o
 .ARM.attributes
                0x0000000000000317       0x34 ./Drivers/STM32WBxx_HAL_Driver/stm32wbxx_hal_rcc.o
 .ARM.attributes
                0x000000000000034b       0x34 ./Drivers/STM32WBxx_HAL_Driver/stm32wbxx_hal_rcc_ex.o
 .ARM.attributes
                0x000000000000037f       0x34 c:/st/stm32cubeide_1.4.0/stm32cubeide/plugins/com.st.stm32cube.ide.mcu.externaltools.gnu-tools-for-stm32.10.3-2021.10.win32_1.0.0.202111181127/tools/bin/../lib/gcc/arm-none-eabi/10.3.1/../../../../arm-none-eabi/lib/thumb/v7e-m+fp/hard\libc_nano.a(lib_a-init.o)
 .ARM.attributes
                0x00000000000003b3       0x34 c:/st/stm32cubeide_1.4.0/stm32cubeide/plugins/com.st.stm32cube.ide.mcu.externaltools.gnu-tools-for-stm32.10.3-2021.10.win32_1.0.0.202111181127/tools/bin/../lib/gcc/arm-none-eabi/10.3.1/../../../../arm-none-eabi/lib/thumb/v7e-m+fp/hard\libc_nano.a(lib_a-memset.o)
 .ARM.attributes
                0x00000000000003e7       0x1e c:/st/stm32cubeide_1.4.0/stm32cubeide/plugins/com.st.stm32cube.ide.mcu.externaltools.gnu-tools-for-stm32.10.3-2021.10.win32_1.0.0.202111181127/tools/bin/../lib/gcc/arm-none-eabi/10.3.1/thumb/v7e-m+fp/hard/crtn.o

MAPPING_TABLE
 *(MAPPING_TABLE)

MB_MEM1
 *(MB_MEM1)

MB_MEM2         0x0000000020030000        0x0
                0x0000000020030000                _sMB_MEM2 = .
 *(MB_MEM2)
                0x0000000020030000                _eMB_MEM2 = .
OUTPUT(I2C_WakeUpFromStop.elf elf32-littlearm)
LOAD linker stubs
LOAD c:/st/stm32cubeide_1.4.0/stm32cubeide/plugins/com.st.stm32cube.ide.mcu.externaltools.gnu-tools-for-stm32.10.3-2021.10.win32_1.0.0.202111181127/tools/bin/../lib/gcc/arm-none-eabi/10.3.1/../../../../arm-none-eabi/lib/thumb/v7e-m+fp/hard\libc.a
LOAD c:/st/stm32cubeide_1.4.0/stm32cubeide/plugins/com.st.stm32cube.ide.mcu.externaltools.gnu-tools-for-stm32.10.3-2021.10.win32_1.0.0.202111181127/tools/bin/../lib/gcc/arm-none-eabi/10.3.1/../../../../arm-none-eabi/lib/thumb/v7e-m+fp/hard\libm.a
LOAD c:/st/stm32cubeide_1.4.0/stm32cubeide/plugins/com.st.stm32cube.ide.mcu.externaltools.gnu-tools-for-stm32.10.3-2021.10.win32_1.0.0.202111181127/tools/bin/../lib/gcc/arm-none-eabi/10.3.1/thumb/v7e-m+fp/hard\libgcc.a

.debug_line     0x0000000000000000     0xfa04
 .debug_line    0x0000000000000000       0x98 ./Application/Startup/startup_stm32wb55rgvx.o
 .debug_line    0x0000000000000098      0xa8a ./Application/User/main.o
 .debug_line    0x0000000000000b22      0x92b ./Application/User/stm32wbxx_hal_msp.o
 .debug_line    0x000000000000144d      0x8a8 ./Application/User/stm32wbxx_it.o
 .debug_line    0x0000000000001cf5      0x949 ./Drivers/BSP/P-NUCLEO-WB55.Nucleo/stm32wbxx_nucleo.o
 .debug_line    0x000000000000263e      0x8a0 ./Drivers/CMSIS/system_stm32wbxx.o
 .debug_line    0x0000000000002ede     0x1046 ./Drivers/STM32WBxx_HAL_Driver/stm32wbxx_hal.o
 .debug_line    0x0000000000003f24      0xd10 ./Drivers/STM32WBxx_HAL_Driver/stm32wbxx_hal_cortex.o
 .debug_line    0x0000000000004c34      0xf20 ./Drivers/STM32WBxx_HAL_Driver/stm32wbxx_hal_dma.o
 .debug_line    0x0000000000005b54      0xbf1 ./Drivers/STM32WBxx_HAL_Driver/stm32wbxx_hal_gpio.o
 .debug_line    0x0000000000006745     0x3742 ./Drivers/STM32WBxx_HAL_Driver/stm32wbxx_hal_i2c.o
 .debug_line    0x0000000000009e87      0x9dc ./Drivers/STM32WBxx_HAL_Driver/stm32wbxx_hal_i2c_ex.o
 .debug_line    0x000000000000a863      0xa61 ./Drivers/STM32WBxx_HAL_Driver/stm32wbxx_hal_pwr.o
 .debug_line    0x000000000000b2c4     0x1191 ./Drivers/STM32WBxx_HAL_Driver/stm32wbxx_hal_pwr_ex.o
 .debug_line    0x000000000000c455     0x18c7 ./Drivers/STM32WBxx_HAL_Driver/stm32wbxx_hal_rcc.o
 .debug_line    0x000000000000dd1c     0x1ce8 ./Drivers/STM32WBxx_HAL_Driver/stm32wbxx_hal_rcc_ex.o

.debug_info     0x0000000000000000     0xebb2
 .debug_info    0x0000000000000000       0x22 ./Application/Startup/startup_stm32wb55rgvx.o
 .debug_info    0x0000000000000022     0x13f3 ./Application/User/main.o
 .debug_info    0x0000000000001415     0x1248 ./Application/User/stm32wbxx_hal_msp.o
 .debug_info    0x000000000000265d      0x7f3 ./Application/User/stm32wbxx_it.o
 .debug_info    0x0000000000002e50      0xb2d ./Drivers/BSP/P-NUCLEO-WB55.Nucleo/stm32wbxx_nucleo.o
 .debug_info    0x000000000000397d      0x741 ./Drivers/CMSIS/system_stm32wbxx.o
 .debug_info    0x00000000000040be     0x1379 ./Drivers/STM32WBxx_HAL_Driver/stm32wbxx_hal.o
 .debug_info    0x0000000000005437      0xd41 ./Drivers/STM32WBxx_HAL_Driver/stm32wbxx_hal_cortex.o
 .debug_info    0x0000000000006178      0x8cc ./Drivers/STM32WBxx_HAL_Driver/stm32wbxx_hal_dma.o
 .debug_info    0x0000000000006a44      0x747 ./Drivers/STM32WBxx_HAL_Driver/stm32wbxx_hal_gpio.o
 .debug_info    0x000000000000718b     0x235a ./Drivers/STM32WBxx_HAL_Driver/stm32wbxx_hal_i2c.o
 .debug_info    0x00000000000094e5      0x986 ./Drivers/STM32WBxx_HAL_Driver/stm32wbxx_hal_i2c_ex.o
 .debug_info    0x0000000000009e6b      0x939 ./Drivers/STM32WBxx_HAL_Driver/stm32wbxx_hal_pwr.o
 .debug_info    0x000000000000a7a4     0x10e2 ./Drivers/STM32WBxx_HAL_Driver/stm32wbxx_hal_pwr_ex.o
 .debug_info    0x000000000000b886     0x15f0 ./Drivers/STM32WBxx_HAL_Driver/stm32wbxx_hal_rcc.o
 .debug_info    0x000000000000ce76     0x1d3c ./Drivers/STM32WBxx_HAL_Driver/stm32wbxx_hal_rcc_ex.o

.debug_abbrev   0x0000000000000000     0x22f6
 .debug_abbrev  0x0000000000000000       0x12 ./Application/Startup/startup_stm32wb55rgvx.o
 .debug_abbrev  0x0000000000000012      0x276 ./Application/User/main.o
 .debug_abbrev  0x0000000000000288      0x23b ./Application/User/stm32wbxx_hal_msp.o
 .debug_abbrev  0x00000000000004c3      0x16a ./Application/User/stm32wbxx_it.o
 .debug_abbrev  0x000000000000062d      0x240 ./Drivers/BSP/P-NUCLEO-WB55.Nucleo/stm32wbxx_nucleo.o
 .debug_abbrev  0x000000000000086d      0x136 ./Drivers/CMSIS/system_stm32wbxx.o
 .debug_abbrev  0x00000000000009a3      0x356 ./Drivers/STM32WBxx_HAL_Driver/stm32wbxx_hal.o
 .debug_abbrev  0x0000000000000cf9      0x30d ./Drivers/STM32WBxx_HAL_Driver/stm32wbxx_hal_cortex.o
 .debug_abbrev  0x0000000000001006      0x1d7 ./Drivers/STM32WBxx_HAL_Driver/stm32wbxx_hal_dma.o
 .debug_abbrev  0x00000000000011dd      0x1d2 ./Drivers/STM32WBxx_HAL_Driver/stm32wbxx_hal_gpio.o
 .debug_abbrev  0x00000000000013af      0x243 ./Drivers/STM32WBxx_HAL_Driver/stm32wbxx_hal_i2c.o
 .debug_abbrev  0x00000000000015f2      0x1b6 ./Drivers/STM32WBxx_HAL_Driver/stm32wbxx_hal_i2c_ex.o
 .debug_abbrev  0x00000000000017a8      0x1fb ./Drivers/STM32WBxx_HAL_Driver/stm32wbxx_hal_pwr.o
 .debug_abbrev  0x00000000000019a3      0x314 ./Drivers/STM32WBxx_HAL_Driver/stm32wbxx_hal_pwr_ex.o
 .debug_abbrev  0x0000000000001cb7      0x2f5 ./Drivers/STM32WBxx_HAL_Driver/stm32wbxx_hal_rcc.o
 .debug_abbrev  0x0000000000001fac      0x34a ./Drivers/STM32WBxx_HAL_Driver/stm32wbxx_hal_rcc_ex.o

.debug_aranges  0x0000000000000000     0x1290
 .debug_aranges
                0x0000000000000000       0x30 ./Application/Startup/startup_stm32wb55rgvx.o
 .debug_aranges
                0x0000000000000030       0x70 ./Application/User/main.o
 .debug_aranges
                0x00000000000000a0       0x48 ./Application/User/stm32wbxx_hal_msp.o
 .debug_aranges
                0x00000000000000e8       0x40 ./Application/User/stm32wbxx_it.o
 .debug_aranges
                0x0000000000000128       0x68 ./Drivers/BSP/P-NUCLEO-WB55.Nucleo/stm32wbxx_nucleo.o
 .debug_aranges
                0x0000000000000190       0x28 ./Drivers/CMSIS/system_stm32wbxx.o
 .debug_aranges
                0x00000000000001b8      0x280 ./Drivers/STM32WBxx_HAL_Driver/stm32wbxx_hal.o
 .debug_aranges
                0x0000000000000438      0x108 ./Drivers/STM32WBxx_HAL_Driver/stm32wbxx_hal_cortex.o
 .debug_aranges
                0x0000000000000540       0x90 ./Drivers/STM32WBxx_HAL_Driver/stm32wbxx_hal_dma.o
 .debug_aranges
                0x00000000000005d0       0x60 ./Drivers/STM32WBxx_HAL_Driver/stm32wbxx_hal_gpio.o
 .debug_aranges
                0x0000000000000630      0x2a0 ./Drivers/STM32WBxx_HAL_Driver/stm32wbxx_hal_i2c.o
 .debug_aranges
                0x00000000000008d0       0x48 ./Drivers/STM32WBxx_HAL_Driver/stm32wbxx_hal_i2c_ex.o
 .debug_aranges
                0x0000000000000918       0xd0 ./Drivers/STM32WBxx_HAL_Driver/stm32wbxx_hal_pwr.o
 .debug_aranges
                0x00000000000009e8      0x288 ./Drivers/STM32WBxx_HAL_Driver/stm32wbxx_hal_pwr_ex.o
 .debug_aranges
                0x0000000000000c70      0x290 ./Drivers/STM32WBxx_HAL_Driver/stm32wbxx_hal_rcc.o
 .debug_aranges
                0x0000000000000f00      0x390 ./Drivers/STM32WBxx_HAL_Driver/stm32wbxx_hal_rcc_ex.o

.debug_str      0x0000000000000000    0xd01fe
 .debug_str     0x0000000000000000       0xd6 ./Application/Startup/startup_stm32wb55rgvx.o
 .debug_str     0x00000000000000d6    0xcae54 ./Application/User/main.o
                                      0xcbb18 (size before relaxing)
 .debug_str     0x00000000000caf2a      0x5cf ./Application/User/stm32wbxx_hal_msp.o
                                      0xcbccb (size before relaxing)
 .debug_str     0x00000000000cb4f9      0x134 ./Application/User/stm32wbxx_it.o
                                      0xcb313 (size before relaxing)
 .debug_str     0x00000000000cb62d      0x317 ./Drivers/BSP/P-NUCLEO-WB55.Nucleo/stm32wbxx_nucleo.o
                                      0xcb69b (size before relaxing)
 .debug_str     0x00000000000cb944      0x1b9 ./Drivers/CMSIS/system_stm32wbxx.o
                                      0xca12e (size before relaxing)
 .debug_str     0x00000000000cbafd      0xa69 ./Drivers/STM32WBxx_HAL_Driver/stm32wbxx_hal.o
                                      0xcafa5 (size before relaxing)
 .debug_str     0x00000000000cc566      0x34f ./Drivers/STM32WBxx_HAL_Driver/stm32wbxx_hal_cortex.o
                                      0xca725 (size before relaxing)
 .debug_str     0x00000000000cc8b5      0x2f0 ./Drivers/STM32WBxx_HAL_Driver/stm32wbxx_hal_dma.o
                                      0xca387 (size before relaxing)
 .debug_str     0x00000000000ccba5      0x16d ./Drivers/STM32WBxx_HAL_Driver/stm32wbxx_hal_gpio.o
                                      0xca099 (size before relaxing)
 .debug_str     0x00000000000ccd12      0xd19 ./Drivers/STM32WBxx_HAL_Driver/stm32wbxx_hal_i2c.o
                                      0xcb2df (size before relaxing)
 .debug_str     0x00000000000cda2b       0xe0 ./Drivers/STM32WBxx_HAL_Driver/stm32wbxx_hal_i2c_ex.o
                                      0xca4f8 (size before relaxing)
 .debug_str     0x00000000000cdb0b      0x615 ./Drivers/STM32WBxx_HAL_Driver/stm32wbxx_hal_pwr.o
                                      0xca52f (size before relaxing)
 .debug_str     0x00000000000ce120      0x86b ./Drivers/STM32WBxx_HAL_Driver/stm32wbxx_hal_pwr_ex.o
                                      0xcaa30 (size before relaxing)
 .debug_str     0x00000000000ce98b      0xbce ./Drivers/STM32WBxx_HAL_Driver/stm32wbxx_hal_rcc.o
                                      0xcaf67 (size before relaxing)
 .debug_str     0x00000000000cf559      0xca5 ./Drivers/STM32WBxx_HAL_Driver/stm32wbxx_hal_rcc_ex.o
                                      0xcb346 (size before relaxing)

.debug_ranges   0x0000000000000000     0x1198
 .debug_ranges  0x0000000000000000       0x28 ./Application/Startup/startup_stm32wb55rgvx.o
 .debug_ranges  0x0000000000000028       0x60 ./Application/User/main.o
 .debug_ranges  0x0000000000000088       0x38 ./Application/User/stm32wbxx_hal_msp.o
 .debug_ranges  0x00000000000000c0       0x30 ./Application/User/stm32wbxx_it.o
 .debug_ranges  0x00000000000000f0       0x58 ./Drivers/BSP/P-NUCLEO-WB55.Nucleo/stm32wbxx_nucleo.o
 .debug_ranges  0x0000000000000148       0x18 ./Drivers/CMSIS/system_stm32wbxx.o
 .debug_ranges  0x0000000000000160      0x270 ./Drivers/STM32WBxx_HAL_Driver/stm32wbxx_hal.o
 .debug_ranges  0x00000000000003d0       0xf8 ./Drivers/STM32WBxx_HAL_Driver/stm32wbxx_hal_cortex.o
 .debug_ranges  0x00000000000004c8       0x80 ./Drivers/STM32WBxx_HAL_Driver/stm32wbxx_hal_dma.o
 .debug_ranges  0x0000000000000548       0x50 ./Drivers/STM32WBxx_HAL_Driver/stm32wbxx_hal_gpio.o
 .debug_ranges  0x0000000000000598      0x290 ./Drivers/STM32WBxx_HAL_Driver/stm32wbxx_hal_i2c.o
 .debug_ranges  0x0000000000000828       0x38 ./Drivers/STM32WBxx_HAL_Driver/stm32wbxx_hal_i2c_ex.o
 .debug_ranges  0x0000000000000860       0xc0 ./Drivers/STM32WBxx_HAL_Driver/stm32wbxx_hal_pwr.o
 .debug_ranges  0x0000000000000920      0x278 ./Drivers/STM32WBxx_HAL_Driver/stm32wbxx_hal_pwr_ex.o
 .debug_ranges  0x0000000000000b98      0x280 ./Drivers/STM32WBxx_HAL_Driver/stm32wbxx_hal_rcc.o
 .debug_ranges  0x0000000000000e18      0x380 ./Drivers/STM32WBxx_HAL_Driver/stm32wbxx_hal_rcc_ex.o

.debug_macro    0x0000000000000000    0x209a9
 .debug_macro   0x0000000000000000      0x231 ./Application/User/main.o
 .debug_macro   0x0000000000000231      0xa78 ./Application/User/main.o
 .debug_macro   0x0000000000000ca9      0x12a ./Application/User/main.o
 .debug_macro   0x0000000000000dd3       0x2e ./Application/User/main.o
 .debug_macro   0x0000000000000e01       0x2e ./Application/User/main.o
 .debug_macro   0x0000000000000e2f       0x22 ./Application/User/main.o
 .debug_macro   0x0000000000000e51       0x8e ./Application/User/main.o
 .debug_macro   0x0000000000000edf       0x51 ./Application/User/main.o
 .debug_macro   0x0000000000000f30      0x103 ./Application/User/main.o
 .debug_macro   0x0000000000001033       0x6a ./Application/User/main.o
 .debug_macro   0x000000000000109d      0x1df ./Application/User/main.o
 .debug_macro   0x000000000000127c       0x1c ./Application/User/main.o
 .debug_macro   0x0000000000001298       0x22 ./Application/User/main.o
 .debug_macro   0x00000000000012ba       0xfb ./Application/User/main.o
 .debug_macro   0x00000000000013b5     0x1011 ./Application/User/main.o
 .debug_macro   0x00000000000023c6      0x11f ./Application/User/main.o
 .debug_macro   0x00000000000024e5    0x12ae9 ./Application/User/main.o
 .debug_macro   0x0000000000014fce       0x6c ./Application/User/main.o
 .debug_macro   0x000000000001503a     0x34c5 ./Application/User/main.o
 .debug_macro   0x00000000000184ff      0x174 ./Application/User/main.o
 .debug_macro   0x0000000000018673       0x5c ./Application/User/main.o
 .debug_macro   0x00000000000186cf      0x3f5 ./Application/User/main.o
 .debug_macro   0x0000000000018ac4      0x286 ./Application/User/main.o
 .debug_macro   0x0000000000018d4a      0x30d ./Application/User/main.o
 .debug_macro   0x0000000000019057      0x17e ./Application/User/main.o
 .debug_macro   0x00000000000191d5       0x43 ./Application/User/main.o
 .debug_macro   0x0000000000019218      0x236 ./Application/User/main.o
 .debug_macro   0x000000000001944e      0x24a ./Application/User/main.o
 .debug_macro   0x0000000000019698      0x57b ./Application/User/main.o
 .debug_macro   0x0000000000019c13       0x2e ./Application/User/main.o
 .debug_macro   0x0000000000019c41      0x100 ./Application/User/main.o
 .debug_macro   0x0000000000019d41      0x1ba ./Application/User/main.o
 .debug_macro   0x0000000000019efb      0x1cd ./Application/User/main.o
 .debug_macro   0x000000000001a0c8      0x22c ./Application/User/main.o
 .debug_macro   0x000000000001a2f4       0x55 ./Application/User/main.o
 .debug_macro   0x000000000001a349       0xa5 ./Application/User/main.o
 .debug_macro   0x000000000001a3ee      0x381 ./Application/User/main.o
 .debug_macro   0x000000000001a76f      0x13d ./Application/User/main.o
 .debug_macro   0x000000000001a8ac      0x141 ./Application/User/main.o
 .debug_macro   0x000000000001a9ed      0x4ff ./Application/User/main.o
 .debug_macro   0x000000000001aeec      0x874 ./Application/User/main.o
 .debug_macro   0x000000000001b760      0x259 ./Application/User/main.o
 .debug_macro   0x000000000001b9b9     0x1bb1 ./Application/User/main.o
 .debug_macro   0x000000000001d56a       0xe4 ./Application/User/main.o
 .debug_macro   0x000000000001d64e      0x5e7 ./Application/User/main.o
 .debug_macro   0x000000000001dc35      0x557 ./Application/User/main.o
 .debug_macro   0x000000000001e18c      0x433 ./Application/User/main.o
 .debug_macro   0x000000000001e5bf      0x204 ./Application/User/main.o
 .debug_macro   0x000000000001e7c3       0x1c ./Application/User/main.o
 .debug_macro   0x000000000001e7df      0x22b ./Application/User/stm32wbxx_hal_msp.o
 .debug_macro   0x000000000001ea0a      0x235 ./Application/User/stm32wbxx_it.o
 .debug_macro   0x000000000001ec3f      0x24c ./Drivers/BSP/P-NUCLEO-WB55.Nucleo/stm32wbxx_nucleo.o
 .debug_macro   0x000000000001ee8b      0x1fe ./Drivers/BSP/P-NUCLEO-WB55.Nucleo/stm32wbxx_nucleo.o
 .debug_macro   0x000000000001f089      0x220 ./Drivers/CMSIS/system_stm32wbxx.o
 .debug_macro   0x000000000001f2a9      0x237 ./Drivers/STM32WBxx_HAL_Driver/stm32wbxx_hal.o
 .debug_macro   0x000000000001f4e0      0x213 ./Drivers/STM32WBxx_HAL_Driver/stm32wbxx_hal_cortex.o
 .debug_macro   0x000000000001f6f3      0x213 ./Drivers/STM32WBxx_HAL_Driver/stm32wbxx_hal_dma.o
 .debug_macro   0x000000000001f906      0x21a ./Drivers/STM32WBxx_HAL_Driver/stm32wbxx_hal_gpio.o
 .debug_macro   0x000000000001fb20      0x2df ./Drivers/STM32WBxx_HAL_Driver/stm32wbxx_hal_i2c.o
 .debug_macro   0x000000000001fdff      0x213 ./Drivers/STM32WBxx_HAL_Driver/stm32wbxx_hal_i2c_ex.o
 .debug_macro   0x0000000000020012      0x285 ./Drivers/STM32WBxx_HAL_Driver/stm32wbxx_hal_pwr.o
 .debug_macro   0x0000000000020297      0x225 ./Drivers/STM32WBxx_HAL_Driver/stm32wbxx_hal_pwr_ex.o
 .debug_macro   0x00000000000204bc      0x285 ./Drivers/STM32WBxx_HAL_Driver/stm32wbxx_hal_rcc.o
 .debug_macro   0x0000000000020741      0x268 ./Drivers/STM32WBxx_HAL_Driver/stm32wbxx_hal_rcc_ex.o

.comment        0x0000000000000000       0x50
 .comment       0x0000000000000000       0x50 ./Application/User/main.o
                                         0x51 (size before relaxing)
 .comment       0x0000000000000050       0x51 ./Application/User/stm32wbxx_hal_msp.o
 .comment       0x0000000000000050       0x51 ./Application/User/stm32wbxx_it.o
 .comment       0x0000000000000050       0x51 ./Drivers/BSP/P-NUCLEO-WB55.Nucleo/stm32wbxx_nucleo.o
 .comment       0x0000000000000050       0x51 ./Drivers/CMSIS/system_stm32wbxx.o
 .comment       0x0000000000000050       0x51 ./Drivers/STM32WBxx_HAL_Driver/stm32wbxx_hal.o
 .comment       0x0000000000000050       0x51 ./Drivers/STM32WBxx_HAL_Driver/stm32wbxx_hal_cortex.o
 .comment       0x0000000000000050       0x51 ./Drivers/STM32WBxx_HAL_Driver/stm32wbxx_hal_dma.o
 .comment       0x0000000000000050       0x51 ./Drivers/STM32WBxx_HAL_Driver/stm32wbxx_hal_gpio.o
 .comment       0x0000000000000050       0x51 ./Drivers/STM32WBxx_HAL_Driver/stm32wbxx_hal_i2c.o
 .comment       0x0000000000000050       0x51 ./Drivers/STM32WBxx_HAL_Driver/stm32wbxx_hal_i2c_ex.o
 .comment       0x0000000000000050       0x51 ./Drivers/STM32WBxx_HAL_Driver/stm32wbxx_hal_pwr.o
 .comment       0x0000000000000050       0x51 ./Drivers/STM32WBxx_HAL_Driver/stm32wbxx_hal_pwr_ex.o
 .comment       0x0000000000000050       0x51 ./Drivers/STM32WBxx_HAL_Driver/stm32wbxx_hal_rcc.o
 .comment       0x0000000000000050       0x51 ./Drivers/STM32WBxx_HAL_Driver/stm32wbxx_hal_rcc_ex.o

.debug_frame    0x0000000000000000     0x4cb4
 .debug_frame   0x0000000000000000      0x184 ./Application/User/main.o
 .debug_frame   0x0000000000000184       0xf4 ./Application/User/stm32wbxx_hal_msp.o
 .debug_frame   0x0000000000000278       0xa4 ./Application/User/stm32wbxx_it.o
 .debug_frame   0x000000000000031c      0x178 ./Drivers/BSP/P-NUCLEO-WB55.Nucleo/stm32wbxx_nucleo.o
 .debug_frame   0x0000000000000494       0x58 ./Drivers/CMSIS/system_stm32wbxx.o
 .debug_frame   0x00000000000004ec      0xa34 ./Drivers/STM32WBxx_HAL_Driver/stm32wbxx_hal.o
 .debug_frame   0x0000000000000f20      0x44c ./Drivers/STM32WBxx_HAL_Driver/stm32wbxx_hal_cortex.o
 .debug_frame   0x000000000000136c      0x24c ./Drivers/STM32WBxx_HAL_Driver/stm32wbxx_hal_dma.o
 .debug_frame   0x00000000000015b8      0x174 ./Drivers/STM32WBxx_HAL_Driver/stm32wbxx_hal_gpio.o
 .debug_frame   0x000000000000172c      0xc38 ./Drivers/STM32WBxx_HAL_Driver/stm32wbxx_hal_i2c.o
 .debug_frame   0x0000000000002364      0x100 ./Drivers/STM32WBxx_HAL_Driver/stm32wbxx_hal_i2c_ex.o
 .debug_frame   0x0000000000002464      0x344 ./Drivers/STM32WBxx_HAL_Driver/stm32wbxx_hal_pwr.o
 .debug_frame   0x00000000000027a8      0xb00 ./Drivers/STM32WBxx_HAL_Driver/stm32wbxx_hal_pwr_ex.o
 .debug_frame   0x00000000000032a8      0xa88 ./Drivers/STM32WBxx_HAL_Driver/stm32wbxx_hal_rcc.o
 .debug_frame   0x0000000000003d30      0xf38 ./Drivers/STM32WBxx_HAL_Driver/stm32wbxx_hal_rcc_ex.o
 .debug_frame   0x0000000000004c68       0x2c c:/st/stm32cubeide_1.4.0/stm32cubeide/plugins/com.st.stm32cube.ide.mcu.externaltools.gnu-tools-for-stm32.10.3-2021.10.win32_1.0.0.202111181127/tools/bin/../lib/gcc/arm-none-eabi/10.3.1/../../../../arm-none-eabi/lib/thumb/v7e-m+fp/hard\libc_nano.a(lib_a-init.o)
 .debug_frame   0x0000000000004c94       0x20 c:/st/stm32cubeide_1.4.0/stm32cubeide/plugins/com.st.stm32cube.ide.mcu.externaltools.gnu-tools-for-stm32.10.3-2021.10.win32_1.0.0.202111181127/tools/bin/../lib/gcc/arm-none-eabi/10.3.1/../../../../arm-none-eabi/lib/thumb/v7e-m+fp/hard\libc_nano.a(lib_a-memset.o)
