Archive member included to satisfy reference by file (symbol)

c:/st/stm32cubeide_1.4.0/stm32cubeide/plugins/com.st.stm32cube.ide.mcu.externaltools.gnu-tools-for-stm32.10.3-2021.10.win32_1.0.0.202111181127/tools/bin/../lib/gcc/arm-none-eabi/10.3.1/../../../../arm-none-eabi/lib/thumb/v7e-m+fp/hard\libc_nano.a(lib_a-errno.o)
                              ./Application/User/Core/syscalls.o (__errno)
c:/st/stm32cubeide_1.4.0/stm32cubeide/plugins/com.st.stm32cube.ide.mcu.externaltools.gnu-tools-for-stm32.10.3-2021.10.win32_1.0.0.202111181127/tools/bin/../lib/gcc/arm-none-eabi/10.3.1/../../../../arm-none-eabi/lib/thumb/v7e-m+fp/hard\libc_nano.a(lib_a-exit.o)
                              c:/st/stm32cubeide_1.4.0/stm32cubeide/plugins/com.st.stm32cube.ide.mcu.externaltools.gnu-tools-for-stm32.10.3-2021.10.win32_1.0.0.202111181127/tools/bin/../lib/gcc/arm-none-eabi/10.3.1/../../../../arm-none-eabi/lib/thumb/v7e-m+fp/hard/crt0.o (exit)
c:/st/stm32cubeide_1.4.0/stm32cubeide/plugins/com.st.stm32cube.ide.mcu.externaltools.gnu-tools-for-stm32.10.3-2021.10.win32_1.0.0.202111181127/tools/bin/../lib/gcc/arm-none-eabi/10.3.1/../../../../arm-none-eabi/lib/thumb/v7e-m+fp/hard\libc_nano.a(lib_a-impure.o)
                              c:/st/stm32cubeide_1.4.0/stm32cubeide/plugins/com.st.stm32cube.ide.mcu.externaltools.gnu-tools-for-stm32.10.3-2021.10.win32_1.0.0.202111181127/tools/bin/../lib/gcc/arm-none-eabi/10.3.1/../../../../arm-none-eabi/lib/thumb/v7e-m+fp/hard\libc_nano.a(lib_a-exit.o) (_global_impure_ptr)
c:/st/stm32cubeide_1.4.0/stm32cubeide/plugins/com.st.stm32cube.ide.mcu.externaltools.gnu-tools-for-stm32.10.3-2021.10.win32_1.0.0.202111181127/tools/bin/../lib/gcc/arm-none-eabi/10.3.1/../../../../arm-none-eabi/lib/thumb/v7e-m+fp/hard\libc_nano.a(lib_a-init.o)
                              c:/st/stm32cubeide_1.4.0/stm32cubeide/plugins/com.st.stm32cube.ide.mcu.externaltools.gnu-tools-for-stm32.10.3-2021.10.win32_1.0.0.202111181127/tools/bin/../lib/gcc/arm-none-eabi/10.3.1/../../../../arm-none-eabi/lib/thumb/v7e-m+fp/hard/crt0.o (__libc_init_array)
c:/st/stm32cubeide_1.4.0/stm32cubeide/plugins/com.st.stm32cube.ide.mcu.externaltools.gnu-tools-for-stm32.10.3-2021.10.win32_1.0.0.202111181127/tools/bin/../lib/gcc/arm-none-eabi/10.3.1/../../../../arm-none-eabi/lib/thumb/v7e-m+fp/hard\libc_nano.a(lib_a-memcmp.o)
                              ./Middlewares/STM32_WPAN/osal.o (memcmp)
c:/st/stm32cubeide_1.4.0/stm32cubeide/plugins/com.st.stm32cube.ide.mcu.externaltools.gnu-tools-for-stm32.10.3-2021.10.win32_1.0.0.202111181127/tools/bin/../lib/gcc/arm-none-eabi/10.3.1/../../../../arm-none-eabi/lib/thumb/v7e-m+fp/hard\libc_nano.a(lib_a-memcpy-stub.o)
                              ./Middlewares/STM32_WPAN/hci_tl.o (memcpy)
c:/st/stm32cubeide_1.4.0/stm32cubeide/plugins/com.st.stm32cube.ide.mcu.externaltools.gnu-tools-for-stm32.10.3-2021.10.win32_1.0.0.202111181127/tools/bin/../lib/gcc/arm-none-eabi/10.3.1/../../../../arm-none-eabi/lib/thumb/v7e-m+fp/hard\libc_nano.a(lib_a-memset.o)
                              c:/st/stm32cubeide_1.4.0/stm32cubeide/plugins/com.st.stm32cube.ide.mcu.externaltools.gnu-tools-for-stm32.10.3-2021.10.win32_1.0.0.202111181127/tools/bin/../lib/gcc/arm-none-eabi/10.3.1/../../../../arm-none-eabi/lib/thumb/v7e-m+fp/hard/crt0.o (memset)
c:/st/stm32cubeide_1.4.0/stm32cubeide/plugins/com.st.stm32cube.ide.mcu.externaltools.gnu-tools-for-stm32.10.3-2021.10.win32_1.0.0.202111181127/tools/bin/../lib/gcc/arm-none-eabi/10.3.1/../../../../arm-none-eabi/lib/thumb/v7e-m+fp/hard\libc_nano.a(lib_a-printf.o)
                              ./Application/User/Core/app_entry.o (printf)
c:/st/stm32cubeide_1.4.0/stm32cubeide/plugins/com.st.stm32cube.ide.mcu.externaltools.gnu-tools-for-stm32.10.3-2021.10.win32_1.0.0.202111181127/tools/bin/../lib/gcc/arm-none-eabi/10.3.1/../../../../arm-none-eabi/lib/thumb/v7e-m+fp/hard\libc_nano.a(lib_a-putchar.o)
                              ./Application/User/STM32_WPAN/App/app_ble.o (putchar)
c:/st/stm32cubeide_1.4.0/stm32cubeide/plugins/com.st.stm32cube.ide.mcu.externaltools.gnu-tools-for-stm32.10.3-2021.10.win32_1.0.0.202111181127/tools/bin/../lib/gcc/arm-none-eabi/10.3.1/../../../../arm-none-eabi/lib/thumb/v7e-m+fp/hard\libc_nano.a(lib_a-puts.o)
                              ./Application/User/Core/app_entry.o (puts)
c:/st/stm32cubeide_1.4.0/stm32cubeide/plugins/com.st.stm32cube.ide.mcu.externaltools.gnu-tools-for-stm32.10.3-2021.10.win32_1.0.0.202111181127/tools/bin/../lib/gcc/arm-none-eabi/10.3.1/../../../../arm-none-eabi/lib/thumb/v7e-m+fp/hard\libc_nano.a(lib_a-strlen.o)
                              ./Application/User/STM32_WPAN/App/app_ble.o (strlen)
c:/st/stm32cubeide_1.4.0/stm32cubeide/plugins/com.st.stm32cube.ide.mcu.externaltools.gnu-tools-for-stm32.10.3-2021.10.win32_1.0.0.202111181127/tools/bin/../lib/gcc/arm-none-eabi/10.3.1/../../../../arm-none-eabi/lib/thumb/v7e-m+fp/hard\libc_nano.a(lib_a-strrchr.o)
                              ./Middlewares/STM32_WPAN/dbg_trace.o (strrchr)
[...]
Memory Configuration

Name             Origin             Length             Attributes
FLASH            0x0000000008000000 0x0000000000080000 xr
RAM1             0x0000000020000008 0x000000000002fff8 xrw
RAM_SHARED       0x0000000020030000 0x0000000000002800 xrw
*default*        0x0000000000000000 0xffffffffffffffff

Linker script and memory map

LOAD c:/st/stm32cubeide_1.4.0/stm32cubeide/plugins/com.st.stm32cube.ide.mcu.externaltools.gnu-tools-for-stm32.10.3-2021.10.win32_1.0.0.202111181127/tools/bin/../lib/gcc/arm-none-eabi/10.3.1/thumb/v7e-m+fp/hard/crti.o
LOAD c:/st/stm32cubeide_1.4.0/stm32cubeide/plugins/com.st.stm32cube.ide.mcu.externaltools.gnu-tools-for-stm32.10.3-2021.10.win32_1.0.0.202111181127/tools/bin/../lib/gcc/arm-none-eabi/10.3.1/thumb/v7e-m+fp/hard/crtbegin.o
LOAD c:/st/stm32cubeide_1.4.0/stm32cubeide/plugins/com.st.stm32cube.ide.mcu.externaltools.gnu-tools-for-stm32.10.3-2021.10.win32_1.0.0.202111181127/tools/bin/../lib/gcc/arm-none-eabi/10.3.1/../../../../arm-none-eabi/lib/thumb/v7e-m+fp/hard/crt0.o
LOAD ./Application/User/Core/app_debug.o
LOAD ./Application/User/Core/app_entry.o
LOAD ./Application/User/Core/hw_timerserver.o
LOAD ./Application/User/Core/hw_uart.o
LOAD ./Application/User/Core/main.o
LOAD ./Application/User/Core/stm32_lpm_if.o
LOAD ./Application/User/Core/stm32wbxx_hal_msp.o
LOAD ./Application/User/Core/stm32wbxx_it.o
LOAD ./Application/User/Core/syscalls.o
LOAD ./Application/User/Core/sysmem.o
LOAD ./Application/User/STM32_WPAN/App/app_ble.o
LOAD ./Application/User/STM32_WPAN/App/p2p_client_app.o
LOAD ./Application/User/STM32_WPAN/Target/hw_ipcc.o
LOAD ./Application/User/Startup/startup_stm32wb55rgvx.o
LOAD ./Drivers/BSP/P-NUCLEO-WB55.Nucleo/stm32wbxx_nucleo.o
LOAD ./Drivers/CMSIS/system_stm32wbxx.o
LOAD ./Drivers/STM32WBxx_HAL_Driver/stm32wbxx_hal.o
LOAD ./Drivers/STM32WBxx_HAL_Driver/stm32wbxx_hal_cortex.o
LOAD ./Drivers/STM32WBxx_HAL_Driver/stm32wbxx_hal_dma.o
LOAD ./Drivers/STM32WBxx_HAL_Driver/stm32wbxx_hal_dma_ex.o
LOAD ./Drivers/STM32WBxx_HAL_Driver/stm32wbxx_hal_exti.o
LOAD ./Drivers/STM32WBxx_HAL_Driver/stm32wbxx_hal_flash.o
LOAD ./Drivers/STM32WBxx_HAL_Driver/stm32wbxx_hal_flash_ex.o
LOAD ./Drivers/STM32WBxx_HAL_Driver/stm32wbxx_hal_gpio.o
LOAD ./Drivers/STM32WBxx_HAL_Driver/stm32wbxx_hal_hsem.o
LOAD ./Drivers/STM32WBxx_HAL_Driver/stm32wbxx_hal_ipcc.o
LOAD ./Drivers/STM32WBxx_HAL_Driver/stm32wbxx_hal_pwr.o
LOAD ./Drivers/STM32WBxx_HAL_Driver/stm32wbxx_hal_pwr_ex.o
LOAD ./Drivers/STM32WBxx_HAL_Driver/stm32wbxx_hal_rcc.o
LOAD ./Drivers/STM32WBxx_HAL_Driver/stm32wbxx_hal_rcc_ex.o
LOAD ./Drivers/STM32WBxx_HAL_Driver/stm32wbxx_hal_rtc.o
LOAD ./Drivers/STM32WBxx_HAL_Driver/stm32wbxx_hal_rtc_ex.o
LOAD ./Drivers/STM32WBxx_HAL_Driver/stm32wbxx_hal_tim.o
LOAD ./Drivers/STM32WBxx_HAL_Driver/stm32wbxx_hal_tim_ex.o
LOAD ./Drivers/STM32WBxx_HAL_Driver/stm32wbxx_hal_uart.o
LOAD ./Drivers/STM32WBxx_HAL_Driver/stm32wbxx_hal_uart_ex.o
LOAD ./Middlewares/STM32_WPAN/ble_gap_aci.o
LOAD ./Middlewares/STM32_WPAN/ble_gatt_aci.o
LOAD ./Middlewares/STM32_WPAN/ble_hal_aci.o
LOAD ./Middlewares/STM32_WPAN/ble_hci_le.o
LOAD ./Middlewares/STM32_WPAN/ble_l2cap_aci.o
LOAD ./Middlewares/STM32_WPAN/dbg_trace.o
LOAD ./Middlewares/STM32_WPAN/hci_tl.o
LOAD ./Middlewares/STM32_WPAN/hci_tl_if.o
LOAD ./Middlewares/STM32_WPAN/osal.o
LOAD ./Middlewares/STM32_WPAN/otp.o
LOAD ./Middlewares/STM32_WPAN/shci.o
LOAD ./Middlewares/STM32_WPAN/shci_tl.o
LOAD ./Middlewares/STM32_WPAN/shci_tl_if.o
LOAD ./Middlewares/STM32_WPAN/stm_list.o
LOAD ./Middlewares/STM32_WPAN/stm_queue.o
LOAD ./Middlewares/STM32_WPAN/svc_ctl.o
LOAD ./Middlewares/STM32_WPAN/tl_mbox.o
LOAD ./Utilities/stm32_lpm.o
LOAD ./Utilities/stm32_seq.o
START GROUP
LOAD c:/st/stm32cubeide_1.4.0/stm32cubeide/plugins/com.st.stm32cube.ide.mcu.externaltools.gnu-tools-for-stm32.10.3-2021.10.win32_1.0.0.202111181127/tools/bin/../lib/gcc/arm-none-eabi/10.3.1/../../../../arm-none-eabi/lib/thumb/v7e-m+fp/hard\libc_nano.a
LOAD c:/st/stm32cubeide_1.4.0/stm32cubeide/plugins/com.st.stm32cube.ide.mcu.externaltools.gnu-tools-for-stm32.10.3-2021.10.win32_1.0.0.202111181127/tools/bin/../lib/gcc/arm-none-eabi/10.3.1/../../../../arm-none-eabi/lib/thumb/v7e-m+fp/hard\libm.a
END GROUP
START GROUP
LOAD c:/st/stm32cubeide_1.4.0/stm32cubeide/plugins/com.st.stm32cube.ide.mcu.externaltools.gnu-tools-for-stm32.10.3-2021.10.win32_1.0.0.202111181127/tools/bin/../lib/gcc/arm-none-eabi/10.3.1/thumb/v7e-m+fp/hard\libgcc.a
LOAD c:/st/stm32cubeide_1.4.0/stm32cubeide/plugins/com.st.stm32cube.ide.mcu.externaltools.gnu-tools-for-stm32.10.3-2021.10.win32_1.0.0.202111181127/tools/bin/../lib/gcc/arm-none-eabi/10.3.1/../../../../arm-none-eabi/lib/thumb/v7e-m+fp/hard\libc_nano.a
END GROUP
START GROUP
LOAD c:/st/stm32cubeide_1.4.0/stm32cubeide/plugins/com.st.stm32cube.ide.mcu.externaltools.gnu-tools-for-stm32.10.3-2021.10.win32_1.0.0.202111181127/tools/bin/../lib/gcc/arm-none-eabi/10.3.1/thumb/v7e-m+fp/hard\libgcc.a
LOAD c:/st/stm32cubeide_1.4.0/stm32cubeide/plugins/com.st.stm32cube.ide.mcu.externaltools.gnu-tools-for-stm32.10.3-2021.10.win32_1.0.0.202111181127/tools/bin/../lib/gcc/arm-none-eabi/10.3.1/../../../../arm-none-eabi/lib/thumb/v7e-m+fp/hard\libc_nano.a
LOAD c:/st/stm32cubeide_1.4.0/stm32cubeide/plugins/com.st.stm32cube.ide.mcu.externaltools.gnu-tools-for-stm32.10.3-2021.10.win32_1.0.0.202111181127/tools/bin/../lib/gcc/arm-none-eabi/10.3.1/../../../../arm-none-eabi/lib/thumb/v7e-m+fp/hard\libnosys.a
END GROUP
START GROUP
LOAD c:/st/stm32cubeide_1.4.0/stm32cubeide/plugins/com.st.stm32cube.ide.mcu.externaltools.gnu-tools-for-stm32.10.3-2021.10.win32_1.0.0.202111181127/tools/bin/../lib/gcc/arm-none-eabi/10.3.1/thumb/v7e-m+fp/hard\libgcc.a
LOAD c:/st/stm32cubeide_1.4.0/stm32cubeide/plugins/com.st.stm32cube.ide.mcu.externaltools.gnu-tools-for-stm32.10.3-2021.10.win32_1.0.0.202111181127/tools/bin/../lib/gcc/arm-none-eabi/10.3.1/../../../../arm-none-eabi/lib/thumb/v7e-m+fp/hard\libc_nano.a
LOAD c:/st/stm32cubeide_1.4.0/stm32cubeide/plugins/com.st.stm32cube.ide.mcu.externaltools.gnu-tools-for-stm32.10.3-2021.10.win32_1.0.0.202111181127/tools/bin/../lib/gcc/arm-none-eabi/10.3.1/../../../../arm-none-eabi/lib/thumb/v7e-m+fp/hard\libnosys.a
END GROUP
LOAD c:/st/stm32cubeide_1.4.0/stm32cubeide/plugins/com.st.stm32cube.ide.mcu.externaltools.gnu-tools-for-stm32.10.3-2021.10.win32_1.0.0.202111181127/tools/bin/../lib/gcc/arm-none-eabi/10.3.1/thumb/v7e-m+fp/hard/crtend.o
LOAD c:/st/stm32cubeide_1.4.0/stm32cubeide/plugins/com.st.stm32cube.ide.mcu.externaltools.gnu-tools-for-stm32.10.3-2021.10.win32_1.0.0.202111181127/tools/bin/../lib/gcc/arm-none-eabi/10.3.1/thumb/v7e-m+fp/hard/crtn.o
                0x0000000020030000                _estack = 0x20030000
                0x0000000000000400                _Min_Heap_Size = 0x400
                0x0000000000001000                _Min_Stack_Size = 0x1000

.isr_vector     0x0000000008000000      0x13c
                0x0000000008000000                . = ALIGN (0x4)
 *(.isr_vector)
 .isr_vector    0x0000000008000000      0x13c ./Application/User/Startup/startup_stm32wb55rgvx.o
                0x0000000008000000                g_pfnVectors
                0x000000000800013c                . = ALIGN (0x4)

.text           0x0000000008000140     0xc914
                0x0000000008000140                . = ALIGN (0x4)
 *(.text)
 .text          0x0000000008000140       0x40 c:/st/stm32cubeide_1.4.0/stm32cubeide/plugins/com.st.stm32cube.ide.mcu.externaltools.gnu-tools-for-stm32.10.3-2021.10.win32_1.0.0.202111181127/tools/bin/../lib/gcc/arm-none-eabi/10.3.1/thumb/v7e-m+fp/hard/crtbegin.o
 .text          0x0000000008000180       0x10 c:/st/stm32cubeide_1.4.0/stm32cubeide/plugins/com.st.stm32cube.ide.mcu.externaltools.gnu-tools-for-stm32.10.3-2021.10.win32_1.0.0.202111181127/tools/bin/../lib/gcc/arm-none-eabi/10.3.1/../../../../arm-none-eabi/lib/thumb/v7e-m+fp/hard\libc_nano.a(lib_a-strlen.o)
                0x0000000008000180                strlen
 .text          0x0000000008000190       0xa0 c:/st/stm32cubeide_1.4.0/stm32cubeide/plugins/com.st.stm32cube.ide.mcu.externaltools.gnu-tools-for-stm32.10.3-2021.10.win32_1.0.0.202111181127/tools/bin/../lib/gcc/arm-none-eabi/10.3.1/../../../../arm-none-eabi/lib/thumb/v7e-m+fp/hard\libc_nano.a(lib_a-memchr.o)
                0x0000000008000190                memchr
 .text          0x0000000008000230       0x30 c:/st/stm32cubeide_1.4.0/stm32cubeide/plugins/com.st.stm32cube.ide.mcu.externaltools.gnu-tools-for-stm32.10.3-2021.10.win32_1.0.0.202111181127/tools/bin/../lib/gcc/arm-none-eabi/10.3.1/thumb/v7e-m+fp/hard\libgcc.a(_aeabi_uldivmod.o)
                0x0000000008000230                __aeabi_uldivmod
 .text          0x0000000008000260      0x2d0 c:/st/stm32cubeide_1.4.0/stm32cubeide/plugins/com.st.stm32cube.ide.mcu.externaltools.gnu-tools-for-stm32.10.3-2021.10.win32_1.0.0.202111181127/tools/bin/../lib/gcc/arm-none-eabi/10.3.1/thumb/v7e-m+fp/hard\libgcc.a(_udivmoddi4.o)
                0x0000000008000260                __udivmoddi4
 .text          0x0000000008000530        0x4 c:/st/stm32cubeide_1.4.0/stm32cubeide/plugins/com.st.stm32cube.ide.mcu.externaltools.gnu-tools-for-stm32.10.3-2021.10.win32_1.0.0.202111181127/tools/bin/../lib/gcc/arm-none-eabi/10.3.1/thumb/v7e-m+fp/hard\libgcc.a(_dvmd_tls.o)
                0x0000000008000530                __aeabi_idiv0
                0x0000000008000530                __aeabi_ldiv0
 *(.text*)
 .text.LL_EXTI_EnableIT_32_63
                0x0000000008000534       0x28 ./Application/User/Core/app_debug.o
 .text.LL_AHB2_GRP1_EnableClock
                0x000000000800055c       0x32 ./Application/User/Core/app_debug.o
 .text.LL_C2_AHB2_GRP1_EnableClock
                0x000000000800058e       0x38 ./Application/User/Core/app_debug.o
 .text.APPD_Init
                0x00000000080005c6       0x24 ./Application/User/Core/app_debug.o
                0x00000000080005c6                APPD_Init
 *fill*         0x00000000080005ea        0x2 
 .text.APPD_EnableCPU2
                0x00000000080005ec       0x38 ./Application/User/Core/app_debug.o
                0x00000000080005ec                APPD_EnableCPU2
 .text.APPD_SetCPU2GpioConfig
                0x0000000008000624      0x148 ./Application/User/Core/app_debug.o
 .text.APPD_BleDtbCfg
                0x000000000800076c        0xe ./Application/User/Core/app_debug.o
 .text.DbgOutputInit
                0x000000000800077a        0xc ./Application/User/Core/app_debug.o
                0x000000000800077a                DbgOutputInit
 .text.DbgOutputTraces
                0x0000000008000786       0x22 ./Application/User/Core/app_debug.o
                0x0000000008000786                DbgOutputTraces
 .text.LL_C2_PWR_SetPowerMode
                0x00000000080007a8       0x2c ./Application/User/Core/app_entry.o
 .text.LL_EXTI_EnableIT_32_63
                0x00000000080007d4       0x28 ./Application/User/Core/app_entry.o
 .text.LL_RCC_HSE_SetCapacitorTuning
                0x00000000080007fc       0x3c ./Application/User/Core/app_entry.o
 .text.LL_RCC_SetClkAfterWakeFromStop
                0x0000000008000838       0x28 ./Application/User/Core/app_entry.o
 .text.LL_RCC_ForceBackupDomainReset
                0x0000000008000860       0x22 ./Application/User/Core/app_entry.o
 .text.LL_RCC_ReleaseBackupDomainReset
                0x0000000008000882       0x22 ./Application/User/Core/app_entry.o
 .text.LL_RCC_IsActiveFlag_PINRST
                0x00000000080008a4       0x26 ./Application/User/Core/app_entry.o
 .text.LL_RCC_IsActiveFlag_SFTRST
                0x00000000080008ca       0x26 ./Application/User/Core/app_entry.o
 .text.LL_AHB3_GRP1_EnableClock
                0x00000000080008f0       0x32 ./Application/User/Core/app_entry.o
 *fill*         0x0000000008000922        0x2 
 .text.LL_DBGMCU_GetRevisionID
                0x0000000008000924       0x1c ./Application/User/Core/app_entry.o
 .text.LL_C1_IPCC_DisableTransmitChannel
                0x0000000008000940       0x24 ./Application/User/Core/app_entry.o
 .text.LL_C1_IPCC_DisableReceiveChannel
                0x0000000008000964       0x22 ./Application/User/Core/app_entry.o
 .text.LL_C2_IPCC_DisableTransmitChannel
                0x0000000008000986       0x24 ./Application/User/Core/app_entry.o
 .text.LL_C2_IPCC_DisableReceiveChannel
                0x00000000080009aa       0x22 ./Application/User/Core/app_entry.o
 .text.LL_C1_IPCC_ClearFlag_CHx
                0x00000000080009cc       0x1c ./Application/User/Core/app_entry.o
 .text.LL_C2_IPCC_ClearFlag_CHx
                0x00000000080009e8       0x1c ./Application/User/Core/app_entry.o
 .text.LL_LPM_EnableSleep
                0x0000000008000a04       0x20 ./Application/User/Core/app_entry.o
 .text.LL_RTC_EnableWriteProtection
                0x0000000008000a24       0x1a ./Application/User/Core/app_entry.o
 .text.LL_RTC_DisableWriteProtection
                0x0000000008000a3e       0x20 ./Application/User/Core/app_entry.o
 .text.LL_RTC_WAKEUP_SetClock
                0x0000000008000a5e       0x26 ./Application/User/Core/app_entry.o
 .text.MX_APPE_Config
                0x0000000008000a84       0x1c ./Application/User/Core/app_entry.o
                0x0000000008000a84                MX_APPE_Config
 .text.MX_APPE_Init
                0x0000000008000aa0       0x34 ./Application/User/Core/app_entry.o
                0x0000000008000aa0                MX_APPE_Init
 .text.Init_Smps
                0x0000000008000ad4        0xe ./Application/User/Core/app_entry.o
                0x0000000008000ad4                Init_Smps
 .text.Init_Exti
                0x0000000008000ae2        0xe ./Application/User/Core/app_entry.o
                0x0000000008000ae2                Init_Exti
 .text.Reset_Device
                0x0000000008000af0       0x10 ./Application/User/Core/app_entry.o
 .text.Reset_BackupDomain
                0x0000000008000b00       0x2e ./Application/User/Core/app_entry.o
 *fill*         0x0000000008000b2e        0x2 
 .text.Reset_IPCC
                0x0000000008000b30       0x44 ./Application/User/Core/app_entry.o
 .text.Config_HSE
                0x0000000008000b74       0x28 ./Application/User/Core/app_entry.o
 .text.System_Init
                0x0000000008000b9c       0x14 ./Application/User/Core/app_entry.o
 .text.Init_Rtc
                0x0000000008000bb0       0x20 ./Application/User/Core/app_entry.o
 .text.SystemPower_Config
                0x0000000008000bd0       0x1a ./Application/User/Core/app_entry.o
 *fill*         0x0000000008000bea        0x2 
 .text.appe_Tl_Init
                0x0000000008000bec       0x6c ./Application/User/Core/app_entry.o
 .text.APPE_SysStatusNot
                0x0000000008000c58       0x16 ./Application/User/Core/app_entry.o
 *fill*         0x0000000008000c6e        0x2 
 .text.APPE_SysUserEvtRx
                0x0000000008000c70      0x118 ./Application/User/Core/app_entry.o
 .text.APPE_SysEvtError
                0x0000000008000d88       0x4c ./Application/User/Core/app_entry.o
 .text.APPE_SysEvtReadyProcessing
                0x0000000008000dd4       0xa4 ./Application/User/Core/app_entry.o
 .text.Led_Init
                0x0000000008000e78       0x20 ./Application/User/Core/app_entry.o
 .text.Button_Init
                0x0000000008000e98       0x20 ./Application/User/Core/app_entry.o
 .text.HAL_Delay
                0x0000000008000eb8       0x4a ./Application/User/Core/app_entry.o
                0x0000000008000eb8                HAL_Delay
 .text.MX_APPE_Process
                0x0000000008000f02       0x10 ./Application/User/Core/app_entry.o
                0x0000000008000f02                MX_APPE_Process
 .text.UTIL_SEQ_Idle
                0x0000000008000f12        0xe ./Application/User/Core/app_entry.o
                0x0000000008000f12                UTIL_SEQ_Idle
 .text.UTIL_SEQ_EvtIdle
                0x0000000008000f20       0x1a ./Application/User/Core/app_entry.o
                0x0000000008000f20                UTIL_SEQ_EvtIdle
 .text.shci_notify_asynch_evt
                0x0000000008000f3a       0x1a ./Application/User/Core/app_entry.o
                0x0000000008000f3a                shci_notify_asynch_evt
 .text.shci_cmd_resp_release
                0x0000000008000f54       0x16 ./Application/User/Core/app_entry.o
                0x0000000008000f54                shci_cmd_resp_release
 .text.shci_cmd_resp_wait
                0x0000000008000f6a       0x16 ./Application/User/Core/app_entry.o
                0x0000000008000f6a                shci_cmd_resp_wait
 .text.HAL_GPIO_EXTI_Callback
                0x0000000008000f80       0x3a ./Application/User/Core/app_entry.o
                0x0000000008000f80                HAL_GPIO_EXTI_Callback
 *fill*         0x0000000008000fba        0x2 
 .text.LL_EXTI_EnableIT_0_31
                0x0000000008000fbc       0x28 ./Application/User/Core/hw_timerserver.o
 .text.LL_EXTI_EnableRisingTrig_0_31
                0x0000000008000fe4       0x24 ./Application/User/Core/hw_timerserver.o
 .text.ReadRtcSsrValue
                0x0000000008001008       0x40 ./Application/User/Core/hw_timerserver.o
 .text.LinkTimerAfter
                0x0000000008001048       0x8c ./Application/User/Core/hw_timerserver.o
 .text.LinkTimerBefore
                0x00000000080010d4       0xc0 ./Application/User/Core/hw_timerserver.o
 .text.linkTimer
                0x0000000008001194      0x154 ./Application/User/Core/hw_timerserver.o
 .text.UnlinkTimer
                0x00000000080012e8      0x108 ./Application/User/Core/hw_timerserver.o
 .text.ReturnTimeElapsed
                0x00000000080013f0       0x80 ./Application/User/Core/hw_timerserver.o
 .text.RestartWakeupCounter
                0x0000000008001470       0xbc ./Application/User/Core/hw_timerserver.o
 .text.RescheduleTimerList
                0x000000000800152c      0x13c ./Application/User/Core/hw_timerserver.o
 .text.HW_TS_RTC_Wakeup_Handler
                0x0000000008001668      0x1a8 ./Application/User/Core/hw_timerserver.o
                0x0000000008001668                HW_TS_RTC_Wakeup_Handler
 .text.HW_TS_Init
                0x0000000008001810      0x1cc ./Application/User/Core/hw_timerserver.o
                0x0000000008001810                HW_TS_Init
 .text.HW_TS_Create
                0x00000000080019dc       0xf4 ./Application/User/Core/hw_timerserver.o
                0x00000000080019dc                HW_TS_Create
 .text.HW_TS_Stop
                0x0000000008001ad0      0x118 ./Application/User/Core/hw_timerserver.o
                0x0000000008001ad0                HW_TS_Stop
 .text.HW_TS_Start
                0x0000000008001be8      0x110 ./Application/User/Core/hw_timerserver.o
                0x0000000008001be8                HW_TS_Start
 .text.HW_TS_RTC_Int_AppNot
                0x0000000008001cf8       0x1a ./Application/User/Core/hw_timerserver.o
                0x0000000008001cf8                HW_TS_RTC_Int_AppNot
 *fill*         0x0000000008001d12        0x2 
 .text.HW_UART_Transmit_DMA
                0x0000000008001d14       0x8c ./Application/User/Core/hw_uart.o
                0x0000000008001d14                HW_UART_Transmit_DMA
 .text.HAL_UART_TxCpltCallback
                0x0000000008001da0       0x3c ./Application/User/Core/hw_uart.o
                0x0000000008001da0                HAL_UART_TxCpltCallback
 .text.LL_RCC_LSE_SetDriveCapability
                0x0000000008001ddc       0x2c ./Application/User/Core/main.o
 .text.LL_AHB1_GRP1_EnableClock
                0x0000000008001e08       0x32 ./Application/User/Core/main.o
 .text.LL_AHB2_GRP1_EnableClock
                0x0000000008001e3a       0x32 ./Application/User/Core/main.o
 .text.main     0x0000000008001e6c       0x32 ./Application/User/Core/main.o
                0x0000000008001e6c                main
 *fill*         0x0000000008001e9e        0x2 
 .text.SystemClock_Config
                0x0000000008001ea0       0xb8 ./Application/User/Core/main.o
                0x0000000008001ea0                SystemClock_Config
 .text.PeriphCommonClock_Config
                0x0000000008001f58       0x40 ./Application/User/Core/main.o
                0x0000000008001f58                PeriphCommonClock_Config
 .text.MX_IPCC_Init
                0x0000000008001f98       0x28 ./Application/User/Core/main.o
 .text.MX_USART1_UART_Init
                0x0000000008001fc0       0x9c ./Application/User/Core/main.o
                0x0000000008001fc0                MX_USART1_UART_Init
 .text.MX_RF_Init
                0x000000000800205c        0xe ./Application/User/Core/main.o
 *fill*         0x000000000800206a        0x2 
 .text.MX_RTC_Init
                0x000000000800206c       0x68 ./Application/User/Core/main.o
 .text.MX_DMA_Init
                0x00000000080020d4       0x3a ./Application/User/Core/main.o
 .text.MX_GPIO_Init
                0x000000000800210e       0x1a ./Application/User/Core/main.o
 .text.Error_Handler
                0x0000000008002128        0xe ./Application/User/Core/main.o
                0x0000000008002128                Error_Handler
 .text.LL_RCC_EnableRTC
                0x0000000008002136       0x22 ./Application/User/Core/stm32wbxx_hal_msp.o
 .text.LL_AHB2_GRP1_EnableClock
                0x0000000008002158       0x32 ./Application/User/Core/stm32wbxx_hal_msp.o
 .text.LL_AHB3_GRP1_EnableClock
                0x000000000800218a       0x32 ./Application/User/Core/stm32wbxx_hal_msp.o
 .text.LL_APB1_GRP1_EnableClock
                0x00000000080021bc       0x32 ./Application/User/Core/stm32wbxx_hal_msp.o
 .text.LL_APB1_GRP2_EnableClock
                0x00000000080021ee       0x32 ./Application/User/Core/stm32wbxx_hal_msp.o
 .text.LL_APB2_GRP1_EnableClock
                0x0000000008002220       0x32 ./Application/User/Core/stm32wbxx_hal_msp.o
 .text.HAL_MspInit
                0x0000000008002252       0x20 ./Application/User/Core/stm32wbxx_hal_msp.o
                0x0000000008002252                HAL_MspInit
 *fill*         0x0000000008002272        0x2 
 .text.HAL_IPCC_MspInit
                0x0000000008002274       0x48 ./Application/User/Core/stm32wbxx_hal_msp.o
                0x0000000008002274                HAL_IPCC_MspInit
 .text.HAL_UART_MspInit
                0x00000000080022bc      0x1e8 ./Application/User/Core/stm32wbxx_hal_msp.o
                0x00000000080022bc                HAL_UART_MspInit
 .text.HAL_RTC_MspInit
                0x00000000080024a4       0x70 ./Application/User/Core/stm32wbxx_hal_msp.o
                0x00000000080024a4                HAL_RTC_MspInit
 .text.NMI_Handler
                0x0000000008002514        0xe ./Application/User/Core/stm32wbxx_it.o
                0x0000000008002514                NMI_Handler
 .text.HardFault_Handler
                0x0000000008002522        0x6 ./Application/User/Core/stm32wbxx_it.o
                0x0000000008002522                HardFault_Handler
 .text.MemManage_Handler
                0x0000000008002528        0x6 ./Application/User/Core/stm32wbxx_it.o
                0x0000000008002528                MemManage_Handler
 .text.BusFault_Handler
                0x000000000800252e        0x6 ./Application/User/Core/stm32wbxx_it.o
                0x000000000800252e                BusFault_Handler
 .text.UsageFault_Handler
                0x0000000008002534        0x6 ./Application/User/Core/stm32wbxx_it.o
                0x0000000008002534                UsageFault_Handler
 .text.SVC_Handler
                0x000000000800253a        0xe ./Application/User/Core/stm32wbxx_it.o
                0x000000000800253a                SVC_Handler
 .text.DebugMon_Handler
                0x0000000008002548        0xe ./Application/User/Core/stm32wbxx_it.o
                0x0000000008002548                DebugMon_Handler
 .text.PendSV_Handler
                0x0000000008002556        0xe ./Application/User/Core/stm32wbxx_it.o
                0x0000000008002556                PendSV_Handler
 .text.SysTick_Handler
                0x0000000008002564        0xc ./Application/User/Core/stm32wbxx_it.o
                0x0000000008002564                SysTick_Handler
 .text.RTC_WKUP_IRQHandler
                0x0000000008002570        0xc ./Application/User/Core/stm32wbxx_it.o
                0x0000000008002570                RTC_WKUP_IRQHandler
 .text.DMA1_Channel4_IRQHandler
                0x000000000800257c       0x14 ./Application/User/Core/stm32wbxx_it.o
                0x000000000800257c                DMA1_Channel4_IRQHandler
 .text.USART1_IRQHandler
                0x0000000008002590       0x14 ./Application/User/Core/stm32wbxx_it.o
                0x0000000008002590                USART1_IRQHandler
 .text.LPUART1_IRQHandler
                0x00000000080025a4       0x14 ./Application/User/Core/stm32wbxx_it.o
                0x00000000080025a4                LPUART1_IRQHandler
 .text.IPCC_C1_RX_IRQHandler
                0x00000000080025b8        0xc ./Application/User/Core/stm32wbxx_it.o
                0x00000000080025b8                IPCC_C1_RX_IRQHandler
 .text.IPCC_C1_TX_IRQHandler
                0x00000000080025c4        0xc ./Application/User/Core/stm32wbxx_it.o
                0x00000000080025c4                IPCC_C1_TX_IRQHandler
 .text.HSEM_IRQHandler
                0x00000000080025d0        0xc ./Application/User/Core/stm32wbxx_it.o
                0x00000000080025d0                HSEM_IRQHandler
 .text.DMA2_Channel4_IRQHandler
                0x00000000080025dc       0x14 ./Application/User/Core/stm32wbxx_it.o
                0x00000000080025dc                DMA2_Channel4_IRQHandler
 .text.EXTI4_IRQHandler
                0x00000000080025f0        0xe ./Application/User/Core/stm32wbxx_it.o
                0x00000000080025f0                EXTI4_IRQHandler
 .text.EXTI0_IRQHandler
                0x00000000080025fe        0xe ./Application/User/Core/stm32wbxx_it.o
                0x00000000080025fe                EXTI0_IRQHandler
 .text.EXTI1_IRQHandler
                0x000000000800260c        0xe ./Application/User/Core/stm32wbxx_it.o
                0x000000000800260c                EXTI1_IRQHandler
 .text._read    0x000000000800261a       0x3a ./Application/User/Core/syscalls.o
                0x000000000800261a                _read
 .text._close   0x0000000008002654       0x18 ./Application/User/Core/syscalls.o
                0x0000000008002654                _close
 .text._fstat   0x000000000800266c       0x20 ./Application/User/Core/syscalls.o
                0x000000000800266c                _fstat
 .text._isatty  0x000000000800268c       0x16 ./Application/User/Core/syscalls.o
                0x000000000800268c                _isatty
 .text._lseek   0x00000000080026a2       0x1a ./Application/User/Core/syscalls.o
                0x00000000080026a2                _lseek
 .text._sbrk    0x00000000080026bc       0x6c ./Application/User/Core/sysmem.o
                0x00000000080026bc                _sbrk
 .text.LL_FLASH_GetUDN
                0x0000000008002728       0x18 ./Application/User/STM32_WPAN/App/app_ble.o
 .text.LL_FLASH_GetDeviceID
                0x0000000008002740       0x18 ./Application/User/STM32_WPAN/App/app_ble.o
 .text.LL_FLASH_GetSTCompanyID
                0x0000000008002758       0x18 ./Application/User/STM32_WPAN/App/app_ble.o
 .text.APP_BLE_Init
                0x0000000008002770      0x100 ./Application/User/STM32_WPAN/App/app_ble.o
                0x0000000008002770                APP_BLE_Init
 .text.SVCCTL_App_Notification
                0x0000000008002870      0x3b0 ./Application/User/STM32_WPAN/App/app_ble.o
                0x0000000008002870                SVCCTL_App_Notification
 .text.APP_BLE_Get_Client_Connection_Status
                0x0000000008002c20       0x30 ./Application/User/STM32_WPAN/App/app_ble.o
                0x0000000008002c20                APP_BLE_Get_Client_Connection_Status
 .text.APP_BLE_Key_Button1_Action
                0x0000000008002c50       0x20 ./Application/User/STM32_WPAN/App/app_ble.o
                0x0000000008002c50                APP_BLE_Key_Button1_Action
 .text.APP_BLE_Key_Button2_Action
                0x0000000008002c70        0xe ./Application/User/STM32_WPAN/App/app_ble.o
                0x0000000008002c70                APP_BLE_Key_Button2_Action
 .text.APP_BLE_Key_Button3_Action
                0x0000000008002c7e        0xe ./Application/User/STM32_WPAN/App/app_ble.o
                0x0000000008002c7e                APP_BLE_Key_Button3_Action
 .text.Ble_Tl_Init
                0x0000000008002c8c       0x2c ./Application/User/STM32_WPAN/App/app_ble.o
 .text.Ble_Hci_Gap_Gatt_Init
                0x0000000008002cb8      0x30c ./Application/User/STM32_WPAN/App/app_ble.o
 .text.Scan_Request
                0x0000000008002fc4       0x5c ./Application/User/STM32_WPAN/App/app_ble.o
 .text.Connect_Request
                0x0000000008003020       0x7c ./Application/User/STM32_WPAN/App/app_ble.o
 .text.Switch_OFF_GPIO
                0x000000000800309c        0xe ./Application/User/STM32_WPAN/App/app_ble.o
 *fill*         0x00000000080030aa        0x2 
 .text.BleGetBdAddress
                0x00000000080030ac       0x88 ./Application/User/STM32_WPAN/App/app_ble.o
 .text.hci_notify_asynch_evt
                0x0000000008003134       0x18 ./Application/User/STM32_WPAN/App/app_ble.o
                0x0000000008003134                hci_notify_asynch_evt
 .text.hci_cmd_resp_release
                0x000000000800314c       0x16 ./Application/User/STM32_WPAN/App/app_ble.o
                0x000000000800314c                hci_cmd_resp_release
 .text.hci_cmd_resp_wait
                0x0000000008003162       0x16 ./Application/User/STM32_WPAN/App/app_ble.o
                0x0000000008003162                hci_cmd_resp_wait
 .text.BLE_UserEvtRx
                0x0000000008003178       0x38 ./Application/User/STM32_WPAN/App/app_ble.o
 .text.BLE_StatusNot
                0x00000000080031b0       0x36 ./Application/User/STM32_WPAN/App/app_ble.o
 *fill*         0x00000000080031e6        0x2 
 .text.P2PC_APP_Init
                0x00000000080031e8       0x8c ./Application/User/STM32_WPAN/App/p2p_client_app.o
                0x00000000080031e8                P2PC_APP_Init
 .text.P2PC_APP_Notification
                0x0000000008003274       0x64 ./Application/User/STM32_WPAN/App/p2p_client_app.o
                0x0000000008003274                P2PC_APP_Notification
 .text.P2PC_APP_SW1_Button_Action
                0x00000000080032d8       0x10 ./Application/User/STM32_WPAN/App/p2p_client_app.o
                0x00000000080032d8                P2PC_APP_SW1_Button_Action
 .text.Event_Handler
                0x00000000080032e8      0x5ac ./Application/User/STM32_WPAN/App/p2p_client_app.o
 .text.Gatt_Notification
                0x0000000008003894       0x8c ./Application/User/STM32_WPAN/App/p2p_client_app.o
 .text.P2P_Client_APP_Get_State
                0x0000000008003920       0x18 ./Application/User/STM32_WPAN/App/p2p_client_app.o
                0x0000000008003920                P2P_Client_APP_Get_State
 .text.Write_Char
                0x0000000008003938       0x74 ./Application/User/STM32_WPAN/App/p2p_client_app.o
 .text.Button_Trigger_Received
                0x00000000080039ac       0x48 ./Application/User/STM32_WPAN/App/p2p_client_app.o
 .text.Update_Service
                0x00000000080039f4      0x19c ./Application/User/STM32_WPAN/App/p2p_client_app.o
 .text.LL_PWR_EnableBootC2
                0x0000000008003b90       0x20 ./Application/User/STM32_WPAN/Target/hw_ipcc.o
 .text.LL_C2_EXTI_EnableEvent_32_63
                0x0000000008003bb0       0x28 ./Application/User/STM32_WPAN/Target/hw_ipcc.o
 .text.LL_EXTI_EnableRisingTrig_32_63
                0x0000000008003bd8       0x24 ./Application/User/STM32_WPAN/Target/hw_ipcc.o
 .text.LL_AHB3_GRP1_EnableClock
                0x0000000008003bfc       0x32 ./Application/User/STM32_WPAN/Target/hw_ipcc.o
 .text.LL_C2_AHB3_GRP1_EnableClock
                0x0000000008003c2e       0x38 ./Application/User/STM32_WPAN/Target/hw_ipcc.o
 .text.LL_C1_IPCC_EnableIT_TXF
                0x0000000008003c66       0x20 ./Application/User/STM32_WPAN/Target/hw_ipcc.o
 .text.LL_C1_IPCC_EnableIT_RXO
                0x0000000008003c86       0x20 ./Application/User/STM32_WPAN/Target/hw_ipcc.o
 .text.LL_C1_IPCC_EnableTransmitChannel
                0x0000000008003ca6       0x26 ./Application/User/STM32_WPAN/Target/hw_ipcc.o
 .text.LL_C1_IPCC_DisableTransmitChannel
                0x0000000008003ccc       0x24 ./Application/User/STM32_WPAN/Target/hw_ipcc.o
 .text.LL_C1_IPCC_EnableReceiveChannel
                0x0000000008003cf0       0x24 ./Application/User/STM32_WPAN/Target/hw_ipcc.o
 .text.LL_C1_IPCC_ClearFlag_CHx
                0x0000000008003d14       0x1c ./Application/User/STM32_WPAN/Target/hw_ipcc.o
 .text.LL_C1_IPCC_SetFlag_CHx
                0x0000000008003d30       0x1e ./Application/User/STM32_WPAN/Target/hw_ipcc.o
 .text.LL_C1_IPCC_IsActiveFlag_CHx
                0x0000000008003d4e       0x2a ./Application/User/STM32_WPAN/Target/hw_ipcc.o
 .text.LL_C2_IPCC_IsActiveFlag_CHx
                0x0000000008003d78       0x2a ./Application/User/STM32_WPAN/Target/hw_ipcc.o
 *fill*         0x0000000008003da2        0x2 
 .text.HW_IPCC_Rx_Handler
                0x0000000008003da4       0x70 ./Application/User/STM32_WPAN/Target/hw_ipcc.o
                0x0000000008003da4                HW_IPCC_Rx_Handler
 .text.HW_IPCC_Tx_Handler
                0x0000000008003e14       0x74 ./Application/User/STM32_WPAN/Target/hw_ipcc.o
                0x0000000008003e14                HW_IPCC_Tx_Handler
 .text.HW_IPCC_Enable
                0x0000000008003e88       0x28 ./Application/User/STM32_WPAN/Target/hw_ipcc.o
                0x0000000008003e88                HW_IPCC_Enable
 .text.HW_IPCC_Init
                0x0000000008003eb0       0x2c ./Application/User/STM32_WPAN/Target/hw_ipcc.o
                0x0000000008003eb0                HW_IPCC_Init
 .text.HW_IPCC_BLE_Init
                0x0000000008003edc       0x14 ./Application/User/STM32_WPAN/Target/hw_ipcc.o
                0x0000000008003edc                HW_IPCC_BLE_Init
 .text.HW_IPCC_BLE_SendCmd
                0x0000000008003ef0       0x14 ./Application/User/STM32_WPAN/Target/hw_ipcc.o
                0x0000000008003ef0                HW_IPCC_BLE_SendCmd
 .text.HW_IPCC_BLE_EvtHandler
                0x0000000008003f04       0x18 ./Application/User/STM32_WPAN/Target/hw_ipcc.o
 .text.HW_IPCC_BLE_AclDataEvtHandler
                0x0000000008003f1c       0x18 ./Application/User/STM32_WPAN/Target/hw_ipcc.o
 .text.HW_IPCC_SYS_Init
                0x0000000008003f34       0x14 ./Application/User/STM32_WPAN/Target/hw_ipcc.o
                0x0000000008003f34                HW_IPCC_SYS_Init
 .text.HW_IPCC_SYS_SendCmd
                0x0000000008003f48       0x1c ./Application/User/STM32_WPAN/Target/hw_ipcc.o
                0x0000000008003f48                HW_IPCC_SYS_SendCmd
 .text.HW_IPCC_SYS_CmdEvtHandler
                0x0000000008003f64       0x18 ./Application/User/STM32_WPAN/Target/hw_ipcc.o
 .text.HW_IPCC_SYS_EvtHandler
                0x0000000008003f7c       0x18 ./Application/User/STM32_WPAN/Target/hw_ipcc.o
 .text.HW_IPCC_MM_SendFreeBuf
                0x0000000008003f94       0x44 ./Application/User/STM32_WPAN/Target/hw_ipcc.o
                0x0000000008003f94                HW_IPCC_MM_SendFreeBuf
 .text.HW_IPCC_MM_FreeBufHandler
                0x0000000008003fd8       0x28 ./Application/User/STM32_WPAN/Target/hw_ipcc.o
 .text.HW_IPCC_TRACES_Init
                0x0000000008004000       0x14 ./Application/User/STM32_WPAN/Target/hw_ipcc.o
                0x0000000008004000                HW_IPCC_TRACES_Init
 .text.HW_IPCC_TRACES_EvtHandler
                0x0000000008004014       0x18 ./Application/User/STM32_WPAN/Target/hw_ipcc.o
 .text.data_initializers
                0x000000000800402c       0x18 ./Application/User/Startup/startup_stm32wb55rgvx.o
 .text.Reset_Handler
                0x0000000008004044       0x54 ./Application/User/Startup/startup_stm32wb55rgvx.o
                0x0000000008004044                Reset_Handler
 .text.Default_Handler
                0x0000000008004098        0x2 ./Application/User/Startup/startup_stm32wb55rgvx.o
                0x0000000008004098                RTC_Alarm_IRQHandler
                0x0000000008004098                EXTI2_IRQHandler
                0x0000000008004098                TIM1_CC_IRQHandler
                0x0000000008004098                TSC_IRQHandler
                0x0000000008004098                USB_HP_IRQHandler
                0x0000000008004098                EXTI3_IRQHandler
                0x0000000008004098                LPTIM2_IRQHandler
                0x0000000008004098                I2C3_ER_IRQHandler
                0x0000000008004098                FPU_IRQHandler
                0x0000000008004098                TIM1_UP_TIM16_IRQHandler
                0x0000000008004098                AES1_IRQHandler
                0x0000000008004098                SPI1_IRQHandler
                0x0000000008004098                PWR_SOTF_BLEACT_802ACT_RFPHASE_IRQHandler
                0x0000000008004098                DMA2_Channel2_IRQHandler
                0x0000000008004098                ADC1_IRQHandler
                0x0000000008004098                PKA_IRQHandler
                0x0000000008004098                DMA1_Channel7_IRQHandler
                0x0000000008004098                LCD_IRQHandler
                0x0000000008004098                DMA2_Channel1_IRQHandler
                0x0000000008004098                QUADSPI_IRQHandler
                0x0000000008004098                I2C1_EV_IRQHandler
                0x0000000008004098                DMAMUX1_OVR_IRQHandler
                0x0000000008004098                DMA1_Channel6_IRQHandler
                0x0000000008004098                RCC_IRQHandler
                0x0000000008004098                DMA1_Channel1_IRQHandler
                0x0000000008004098                Default_Handler
                0x0000000008004098                DMA2_Channel7_IRQHandler
                0x0000000008004098                EXTI15_10_IRQHandler
                0x0000000008004098                C2SEV_PWR_C2H_IRQHandler
                0x0000000008004098                AES2_IRQHandler
                0x0000000008004098                I2C3_EV_IRQHandler
                0x0000000008004098                EXTI9_5_IRQHandler
                0x0000000008004098                PVD_PVM_IRQHandler
                0x0000000008004098                SPI2_IRQHandler
                0x0000000008004098                DMA2_Channel5_IRQHandler
                0x0000000008004098                CRS_IRQHandler
                0x0000000008004098                DMA1_Channel5_IRQHandler
                0x0000000008004098                USB_LP_IRQHandler
                0x0000000008004098                RNG_IRQHandler
                0x0000000008004098                TIM1_TRG_COM_TIM17_IRQHandler
                0x0000000008004098                TAMP_STAMP_LSECSS_IRQHandler
                0x0000000008004098                DMA1_Channel3_IRQHandler
                0x0000000008004098                COMP_IRQHandler
                0x0000000008004098                WWDG_IRQHandler
                0x0000000008004098                DMA2_Channel6_IRQHandler
                0x0000000008004098                TIM2_IRQHandler
                0x0000000008004098                TIM1_BRK_IRQHandler
                0x0000000008004098                DMA1_Channel2_IRQHandler
                0x0000000008004098                FLASH_IRQHandler
                0x0000000008004098                I2C1_ER_IRQHandler
                0x0000000008004098                LPTIM1_IRQHandler
                0x0000000008004098                SAI1_IRQHandler
                0x0000000008004098                DMA2_Channel3_IRQHandler
 .text.LL_AHB2_GRP1_EnableClock
                0x000000000800409a       0x32 ./Drivers/BSP/P-NUCLEO-WB55.Nucleo/stm32wbxx_nucleo.o
 .text.BSP_LED_Init
                0x00000000080040cc       0x74 ./Drivers/BSP/P-NUCLEO-WB55.Nucleo/stm32wbxx_nucleo.o
                0x00000000080040cc                BSP_LED_Init
 .text.BSP_LED_On
                0x0000000008004140       0x34 ./Drivers/BSP/P-NUCLEO-WB55.Nucleo/stm32wbxx_nucleo.o
                0x0000000008004140                BSP_LED_On
 .text.BSP_LED_Off
                0x0000000008004174       0x34 ./Drivers/BSP/P-NUCLEO-WB55.Nucleo/stm32wbxx_nucleo.o
                0x0000000008004174                BSP_LED_Off
 .text.BSP_PB_Init
                0x00000000080041a8       0xe0 ./Drivers/BSP/P-NUCLEO-WB55.Nucleo/stm32wbxx_nucleo.o
                0x00000000080041a8                BSP_PB_Init
 .text.SystemInit
                0x0000000008004288       0xac ./Drivers/CMSIS/system_stm32wbxx.o
                0x0000000008004288                SystemInit
 .text.LL_DBGMCU_EnableDBGSleepMode
                0x0000000008004334       0x20 ./Drivers/STM32WBxx_HAL_Driver/stm32wbxx_hal.o
 .text.LL_DBGMCU_EnableDBGStopMode
                0x0000000008004354       0x20 ./Drivers/STM32WBxx_HAL_Driver/stm32wbxx_hal.o
 .text.HAL_Init
                0x0000000008004374       0x40 ./Drivers/STM32WBxx_HAL_Driver/stm32wbxx_hal.o
                0x0000000008004374                HAL_Init
 .text.HAL_InitTick
                0x00000000080043b4       0x74 ./Drivers/STM32WBxx_HAL_Driver/stm32wbxx_hal.o
                0x00000000080043b4                HAL_InitTick
 .text.HAL_IncTick
                0x0000000008004428       0x28 ./Drivers/STM32WBxx_HAL_Driver/stm32wbxx_hal.o
                0x0000000008004428                HAL_IncTick
 .text.HAL_GetTick
                0x0000000008004450       0x18 ./Drivers/STM32WBxx_HAL_Driver/stm32wbxx_hal.o
                0x0000000008004450                HAL_GetTick
 .text.HAL_GetTickPrio
                0x0000000008004468       0x18 ./Drivers/STM32WBxx_HAL_Driver/stm32wbxx_hal.o
                0x0000000008004468                HAL_GetTickPrio
 .text.HAL_GetTickFreq
                0x0000000008004480       0x18 ./Drivers/STM32WBxx_HAL_Driver/stm32wbxx_hal.o
                0x0000000008004480                HAL_GetTickFreq
 .text.HAL_DBGMCU_EnableDBGSleepMode
                0x0000000008004498        0xc ./Drivers/STM32WBxx_HAL_Driver/stm32wbxx_hal.o
                0x0000000008004498                HAL_DBGMCU_EnableDBGSleepMode
 .text.HAL_DBGMCU_EnableDBGStopMode
                0x00000000080044a4        0xc ./Drivers/STM32WBxx_HAL_Driver/stm32wbxx_hal.o
                0x00000000080044a4                HAL_DBGMCU_EnableDBGStopMode
 .text.__NVIC_SetPriorityGrouping
                0x00000000080044b0       0x48 ./Drivers/STM32WBxx_HAL_Driver/stm32wbxx_hal_cortex.o
 .text.__NVIC_GetPriorityGrouping
                0x00000000080044f8       0x1c ./Drivers/STM32WBxx_HAL_Driver/stm32wbxx_hal_cortex.o
 .text.__NVIC_EnableIRQ
                0x0000000008004514       0x3c ./Drivers/STM32WBxx_HAL_Driver/stm32wbxx_hal_cortex.o
 .text.__NVIC_DisableIRQ
                0x0000000008004550       0x48 ./Drivers/STM32WBxx_HAL_Driver/stm32wbxx_hal_cortex.o
 .text.__NVIC_SetPendingIRQ
                0x0000000008004598       0x3c ./Drivers/STM32WBxx_HAL_Driver/stm32wbxx_hal_cortex.o
 .text.__NVIC_ClearPendingIRQ
                0x00000000080045d4       0x3c ./Drivers/STM32WBxx_HAL_Driver/stm32wbxx_hal_cortex.o
 .text.__NVIC_SetPriority
                0x0000000008004610       0x54 ./Drivers/STM32WBxx_HAL_Driver/stm32wbxx_hal_cortex.o
 .text.NVIC_EncodePriority
                0x0000000008004664       0x66 ./Drivers/STM32WBxx_HAL_Driver/stm32wbxx_hal_cortex.o
 *fill*         0x00000000080046ca        0x2 
 .text.SysTick_Config
                0x00000000080046cc       0x44 ./Drivers/STM32WBxx_HAL_Driver/stm32wbxx_hal_cortex.o
 .text.HAL_NVIC_SetPriorityGrouping
                0x0000000008004710       0x16 ./Drivers/STM32WBxx_HAL_Driver/stm32wbxx_hal_cortex.o
                0x0000000008004710                HAL_NVIC_SetPriorityGrouping
 .text.HAL_NVIC_SetPriority
                0x0000000008004726       0x34 ./Drivers/STM32WBxx_HAL_Driver/stm32wbxx_hal_cortex.o
                0x0000000008004726                HAL_NVIC_SetPriority
 .text.HAL_NVIC_EnableIRQ
                0x000000000800475a       0x1c ./Drivers/STM32WBxx_HAL_Driver/stm32wbxx_hal_cortex.o
                0x000000000800475a                HAL_NVIC_EnableIRQ
 .text.HAL_NVIC_DisableIRQ
                0x0000000008004776       0x1c ./Drivers/STM32WBxx_HAL_Driver/stm32wbxx_hal_cortex.o
                0x0000000008004776                HAL_NVIC_DisableIRQ
 .text.HAL_SYSTICK_Config
                0x0000000008004792       0x18 ./Drivers/STM32WBxx_HAL_Driver/stm32wbxx_hal_cortex.o
                0x0000000008004792                HAL_SYSTICK_Config
 .text.HAL_NVIC_SetPendingIRQ
                0x00000000080047aa       0x1c ./Drivers/STM32WBxx_HAL_Driver/stm32wbxx_hal_cortex.o
                0x00000000080047aa                HAL_NVIC_SetPendingIRQ
 .text.HAL_NVIC_ClearPendingIRQ
                0x00000000080047c6       0x1c ./Drivers/STM32WBxx_HAL_Driver/stm32wbxx_hal_cortex.o
                0x00000000080047c6                HAL_NVIC_ClearPendingIRQ
 *fill*         0x00000000080047e2        0x2 
 .text.HAL_DMA_Init
                0x00000000080047e4      0x150 ./Drivers/STM32WBxx_HAL_Driver/stm32wbxx_hal_dma.o
                0x00000000080047e4                HAL_DMA_Init
 .text.HAL_DMA_Start_IT
                0x0000000008004934       0xf6 ./Drivers/STM32WBxx_HAL_Driver/stm32wbxx_hal_dma.o
                0x0000000008004934                HAL_DMA_Start_IT
 .text.HAL_DMA_Abort
                0x0000000008004a2a       0xbe ./Drivers/STM32WBxx_HAL_Driver/stm32wbxx_hal_dma.o
                0x0000000008004a2a                HAL_DMA_Abort
 .text.HAL_DMA_Abort_IT
                0x0000000008004ae8       0xbe ./Drivers/STM32WBxx_HAL_Driver/stm32wbxx_hal_dma.o
                0x0000000008004ae8                HAL_DMA_Abort_IT
 .text.HAL_DMA_IRQHandler
                0x0000000008004ba6      0x15e ./Drivers/STM32WBxx_HAL_Driver/stm32wbxx_hal_dma.o
                0x0000000008004ba6                HAL_DMA_IRQHandler
 .text.DMA_SetConfig
                0x0000000008004d04       0x7c ./Drivers/STM32WBxx_HAL_Driver/stm32wbxx_hal_dma.o
 .text.DMA_CalcDMAMUXChannelBaseAndMask
                0x0000000008004d80       0x7c ./Drivers/STM32WBxx_HAL_Driver/stm32wbxx_hal_dma.o
 .text.DMA_CalcDMAMUXRequestGenBaseAndMask
                0x0000000008004dfc       0x4c ./Drivers/STM32WBxx_HAL_Driver/stm32wbxx_hal_dma.o
 .text.HAL_DMAEx_ConfigMuxSync
                0x0000000008004e48       0x80 ./Drivers/STM32WBxx_HAL_Driver/stm32wbxx_hal_dma_ex.o
                0x0000000008004e48                HAL_DMAEx_ConfigMuxSync
 .text.HAL_GPIO_Init
                0x0000000008004ec8      0x2e0 ./Drivers/STM32WBxx_HAL_Driver/stm32wbxx_hal_gpio.o
                0x0000000008004ec8                HAL_GPIO_Init
 .text.HAL_GPIO_WritePin
                0x00000000080051a8       0x30 ./Drivers/STM32WBxx_HAL_Driver/stm32wbxx_hal_gpio.o
                0x00000000080051a8                HAL_GPIO_WritePin
 .text.HAL_GPIO_EXTI_IRQHandler
                0x00000000080051d8       0x30 ./Drivers/STM32WBxx_HAL_Driver/stm32wbxx_hal_gpio.o
                0x00000000080051d8                HAL_GPIO_EXTI_IRQHandler
 .text.HAL_HSEM_IRQHandler
                0x0000000008005208       0x34 ./Drivers/STM32WBxx_HAL_Driver/stm32wbxx_hal_hsem.o
                0x0000000008005208                HAL_HSEM_IRQHandler
 .text.HAL_HSEM_FreeCallback
                0x000000000800523c       0x14 ./Drivers/STM32WBxx_HAL_Driver/stm32wbxx_hal_hsem.o
                0x000000000800523c                HAL_HSEM_FreeCallback
 .text.HAL_IPCC_Init
                0x0000000008005250       0x64 ./Drivers/STM32WBxx_HAL_Driver/stm32wbxx_hal_ipcc.o
                0x0000000008005250                HAL_IPCC_Init
 .text.HAL_IPCC_RxCallback
                0x00000000080052b4       0x1a ./Drivers/STM32WBxx_HAL_Driver/stm32wbxx_hal_ipcc.o
                0x00000000080052b4                HAL_IPCC_RxCallback
 .text.HAL_IPCC_TxCallback
                0x00000000080052ce       0x1a ./Drivers/STM32WBxx_HAL_Driver/stm32wbxx_hal_ipcc.o
                0x00000000080052ce                HAL_IPCC_TxCallback
 .text.IPCC_SetDefaultCallbacks
                0x00000000080052e8       0x4c ./Drivers/STM32WBxx_HAL_Driver/stm32wbxx_hal_ipcc.o
                0x00000000080052e8                IPCC_SetDefaultCallbacks
 .text.IPCC_Reset_Register
                0x0000000008005334       0x28 ./Drivers/STM32WBxx_HAL_Driver/stm32wbxx_hal_ipcc.o
                0x0000000008005334                IPCC_Reset_Register
 .text.HAL_PWR_EnableBkUpAccess
                0x000000000800535c       0x20 ./Drivers/STM32WBxx_HAL_Driver/stm32wbxx_hal_pwr.o
                0x000000000800535c                HAL_PWR_EnableBkUpAccess
 .text.HAL_PWREx_GetVoltageRange
                0x000000000800537c       0x1c ./Drivers/STM32WBxx_HAL_Driver/stm32wbxx_hal_pwr_ex.o
                0x000000000800537c                HAL_PWREx_GetVoltageRange
 .text.LL_RCC_HSE_IsEnabledDiv2
                0x0000000008005398       0x24 ./Drivers/STM32WBxx_HAL_Driver/stm32wbxx_hal_rcc.o
 .text.LL_RCC_HSE_Enable
                0x00000000080053bc       0x1e ./Drivers/STM32WBxx_HAL_Driver/stm32wbxx_hal_rcc.o
 .text.LL_RCC_HSE_Disable
                0x00000000080053da       0x1e ./Drivers/STM32WBxx_HAL_Driver/stm32wbxx_hal_rcc.o
 .text.LL_RCC_HSE_IsReady
                0x00000000080053f8       0x24 ./Drivers/STM32WBxx_HAL_Driver/stm32wbxx_hal_rcc.o
 .text.LL_RCC_HSI_Enable
                0x000000000800541c       0x1e ./Drivers/STM32WBxx_HAL_Driver/stm32wbxx_hal_rcc.o
 .text.LL_RCC_HSI_Disable
                0x000000000800543a       0x1e ./Drivers/STM32WBxx_HAL_Driver/stm32wbxx_hal_rcc.o
 .text.LL_RCC_HSI_IsReady
                0x0000000008005458       0x24 ./Drivers/STM32WBxx_HAL_Driver/stm32wbxx_hal_rcc.o
 .text.LL_RCC_HSI_SetCalibTrimming
                0x000000000800547c       0x2a ./Drivers/STM32WBxx_HAL_Driver/stm32wbxx_hal_rcc.o
 .text.LL_RCC_HSI48_Enable
                0x00000000080054a6       0x22 ./Drivers/STM32WBxx_HAL_Driver/stm32wbxx_hal_rcc.o
 .text.LL_RCC_HSI48_Disable
                0x00000000080054c8       0x22 ./Drivers/STM32WBxx_HAL_Driver/stm32wbxx_hal_rcc.o
 .text.LL_RCC_HSI48_IsReady
                0x00000000080054ea       0x24 ./Drivers/STM32WBxx_HAL_Driver/stm32wbxx_hal_rcc.o
 .text.LL_RCC_LSE_Enable
                0x000000000800550e       0x22 ./Drivers/STM32WBxx_HAL_Driver/stm32wbxx_hal_rcc.o
 .text.LL_RCC_LSE_Disable
                0x0000000008005530       0x22 ./Drivers/STM32WBxx_HAL_Driver/stm32wbxx_hal_rcc.o
 .text.LL_RCC_LSE_EnableBypass
                0x0000000008005552       0x22 ./Drivers/STM32WBxx_HAL_Driver/stm32wbxx_hal_rcc.o
 .text.LL_RCC_LSE_DisableBypass
                0x0000000008005574       0x22 ./Drivers/STM32WBxx_HAL_Driver/stm32wbxx_hal_rcc.o
 .text.LL_RCC_LSE_IsReady
                0x0000000008005596       0x24 ./Drivers/STM32WBxx_HAL_Driver/stm32wbxx_hal_rcc.o
 .text.LL_RCC_LSI1_Enable
                0x00000000080055ba       0x22 ./Drivers/STM32WBxx_HAL_Driver/stm32wbxx_hal_rcc.o
 .text.LL_RCC_LSI1_Disable
                0x00000000080055dc       0x22 ./Drivers/STM32WBxx_HAL_Driver/stm32wbxx_hal_rcc.o
 .text.LL_RCC_LSI1_IsReady
                0x00000000080055fe       0x24 ./Drivers/STM32WBxx_HAL_Driver/stm32wbxx_hal_rcc.o
 .text.LL_RCC_LSI2_Enable
                0x0000000008005622       0x22 ./Drivers/STM32WBxx_HAL_Driver/stm32wbxx_hal_rcc.o
 .text.LL_RCC_LSI2_Disable
                0x0000000008005644       0x22 ./Drivers/STM32WBxx_HAL_Driver/stm32wbxx_hal_rcc.o
 .text.LL_RCC_LSI2_IsReady
                0x0000000008005666       0x24 ./Drivers/STM32WBxx_HAL_Driver/stm32wbxx_hal_rcc.o
 .text.LL_RCC_LSI2_SetTrimming
                0x000000000800568a       0x2e ./Drivers/STM32WBxx_HAL_Driver/stm32wbxx_hal_rcc.o
 .text.LL_RCC_MSI_Enable
                0x00000000080056b8       0x1e ./Drivers/STM32WBxx_HAL_Driver/stm32wbxx_hal_rcc.o
 .text.LL_RCC_MSI_Disable
                0x00000000080056d6       0x1e ./Drivers/STM32WBxx_HAL_Driver/stm32wbxx_hal_rcc.o
 .text.LL_RCC_MSI_IsReady
                0x00000000080056f4       0x22 ./Drivers/STM32WBxx_HAL_Driver/stm32wbxx_hal_rcc.o
 .text.LL_RCC_MSI_SetRange
                0x0000000008005716       0x28 ./Drivers/STM32WBxx_HAL_Driver/stm32wbxx_hal_rcc.o
 .text.LL_RCC_MSI_GetRange
                0x000000000800573e       0x2a ./Drivers/STM32WBxx_HAL_Driver/stm32wbxx_hal_rcc.o
 .text.LL_RCC_MSI_SetCalibTrimming
                0x0000000008005768       0x2a ./Drivers/STM32WBxx_HAL_Driver/stm32wbxx_hal_rcc.o
 .text.LL_RCC_SetSysClkSource
                0x0000000008005792       0x28 ./Drivers/STM32WBxx_HAL_Driver/stm32wbxx_hal_rcc.o
 .text.LL_RCC_GetSysClkSource
                0x00000000080057ba       0x18 ./Drivers/STM32WBxx_HAL_Driver/stm32wbxx_hal_rcc.o
 .text.LL_RCC_SetAHBPrescaler
                0x00000000080057d2       0x28 ./Drivers/STM32WBxx_HAL_Driver/stm32wbxx_hal_rcc.o
 .text.LL_C2_RCC_SetAHBPrescaler
                0x00000000080057fa       0x2c ./Drivers/STM32WBxx_HAL_Driver/stm32wbxx_hal_rcc.o
 .text.LL_RCC_SetAHB4Prescaler
                0x0000000008005826       0x2e ./Drivers/STM32WBxx_HAL_Driver/stm32wbxx_hal_rcc.o
 .text.LL_RCC_SetAPB1Prescaler
                0x0000000008005854       0x28 ./Drivers/STM32WBxx_HAL_Driver/stm32wbxx_hal_rcc.o
 .text.LL_RCC_SetAPB2Prescaler
                0x000000000800587c       0x28 ./Drivers/STM32WBxx_HAL_Driver/stm32wbxx_hal_rcc.o
 .text.LL_RCC_GetAHBPrescaler
                0x00000000080058a4       0x18 ./Drivers/STM32WBxx_HAL_Driver/stm32wbxx_hal_rcc.o
 .text.LL_RCC_GetAHB4Prescaler
                0x00000000080058bc       0x1c ./Drivers/STM32WBxx_HAL_Driver/stm32wbxx_hal_rcc.o
 .text.LL_RCC_GetAPB1Prescaler
                0x00000000080058d8       0x18 ./Drivers/STM32WBxx_HAL_Driver/stm32wbxx_hal_rcc.o
 .text.LL_RCC_GetAPB2Prescaler
                0x00000000080058f0       0x18 ./Drivers/STM32WBxx_HAL_Driver/stm32wbxx_hal_rcc.o
 .text.LL_RCC_PLL_Enable
                0x0000000008005908       0x1e ./Drivers/STM32WBxx_HAL_Driver/stm32wbxx_hal_rcc.o
 .text.LL_RCC_PLL_Disable
                0x0000000008005926       0x1e ./Drivers/STM32WBxx_HAL_Driver/stm32wbxx_hal_rcc.o
 .text.LL_RCC_PLL_IsReady
                0x0000000008005944       0x24 ./Drivers/STM32WBxx_HAL_Driver/stm32wbxx_hal_rcc.o
 .text.LL_RCC_PLL_GetN
                0x0000000008005968       0x1a ./Drivers/STM32WBxx_HAL_Driver/stm32wbxx_hal_rcc.o
 .text.LL_RCC_PLL_GetR
                0x0000000008005982       0x18 ./Drivers/STM32WBxx_HAL_Driver/stm32wbxx_hal_rcc.o
 .text.LL_RCC_PLL_GetDivider
                0x000000000800599a       0x18 ./Drivers/STM32WBxx_HAL_Driver/stm32wbxx_hal_rcc.o
 .text.LL_RCC_PLL_GetMainSource
                0x00000000080059b2       0x18 ./Drivers/STM32WBxx_HAL_Driver/stm32wbxx_hal_rcc.o
 .text.LL_RCC_IsActiveFlag_HPRE
                0x00000000080059ca       0x24 ./Drivers/STM32WBxx_HAL_Driver/stm32wbxx_hal_rcc.o
 .text.LL_RCC_IsActiveFlag_C2HPRE
                0x00000000080059ee       0x26 ./Drivers/STM32WBxx_HAL_Driver/stm32wbxx_hal_rcc.o
 .text.LL_RCC_IsActiveFlag_SHDHPRE
                0x0000000008005a14       0x26 ./Drivers/STM32WBxx_HAL_Driver/stm32wbxx_hal_rcc.o
 .text.LL_RCC_IsActiveFlag_PPRE1
                0x0000000008005a3a       0x24 ./Drivers/STM32WBxx_HAL_Driver/stm32wbxx_hal_rcc.o
 .text.LL_RCC_IsActiveFlag_PPRE2
                0x0000000008005a5e       0x24 ./Drivers/STM32WBxx_HAL_Driver/stm32wbxx_hal_rcc.o
 *fill*         0x0000000008005a82        0x2 
 .text.HAL_RCC_OscConfig
                0x0000000008005a84      0x6e8 ./Drivers/STM32WBxx_HAL_Driver/stm32wbxx_hal_rcc.o
                0x0000000008005a84                HAL_RCC_OscConfig
 .text.HAL_RCC_ClockConfig
                0x000000000800616c      0x280 ./Drivers/STM32WBxx_HAL_Driver/stm32wbxx_hal_rcc.o
                0x000000000800616c                HAL_RCC_ClockConfig
 .text.HAL_RCC_GetSysClockFreq
                0x00000000080063ec       0xd8 ./Drivers/STM32WBxx_HAL_Driver/stm32wbxx_hal_rcc.o
                0x00000000080063ec                HAL_RCC_GetSysClockFreq
 .text.HAL_RCC_GetHCLKFreq
                0x00000000080064c4       0x28 ./Drivers/STM32WBxx_HAL_Driver/stm32wbxx_hal_rcc.o
                0x00000000080064c4                HAL_RCC_GetHCLKFreq
 .text.HAL_RCC_GetPCLK1Freq
                0x00000000080064ec       0x2c ./Drivers/STM32WBxx_HAL_Driver/stm32wbxx_hal_rcc.o
                0x00000000080064ec                HAL_RCC_GetPCLK1Freq
 .text.HAL_RCC_GetPCLK2Freq
                0x0000000008006518       0x2c ./Drivers/STM32WBxx_HAL_Driver/stm32wbxx_hal_rcc.o
                0x0000000008006518                HAL_RCC_GetPCLK2Freq
 .text.RCC_SetFlashLatencyFromMSIRange
                0x0000000008006544       0x70 ./Drivers/STM32WBxx_HAL_Driver/stm32wbxx_hal_rcc.o
 .text.RCC_SetFlashLatency
                0x00000000080065b4       0xf8 ./Drivers/STM32WBxx_HAL_Driver/stm32wbxx_hal_rcc.o
 .text.LL_RCC_LSE_IsEnabled
                0x00000000080066ac       0x24 ./Drivers/STM32WBxx_HAL_Driver/stm32wbxx_hal_rcc_ex.o
 .text.LL_RCC_LSE_IsReady
                0x00000000080066d0       0x24 ./Drivers/STM32WBxx_HAL_Driver/stm32wbxx_hal_rcc_ex.o
 .text.LL_RCC_SetRFWKPClockSource
                0x00000000080066f4       0x2c ./Drivers/STM32WBxx_HAL_Driver/stm32wbxx_hal_rcc_ex.o
 .text.LL_RCC_SetSMPSClockSource
                0x0000000008006720       0x28 ./Drivers/STM32WBxx_HAL_Driver/stm32wbxx_hal_rcc_ex.o
 .text.LL_RCC_SetSMPSPrescaler
                0x0000000008006748       0x28 ./Drivers/STM32WBxx_HAL_Driver/stm32wbxx_hal_rcc_ex.o
 .text.LL_RCC_SetUSARTClockSource
                0x0000000008006770       0x2c ./Drivers/STM32WBxx_HAL_Driver/stm32wbxx_hal_rcc_ex.o
 .text.LL_RCC_SetLPUARTClockSource
                0x000000000800679c       0x2c ./Drivers/STM32WBxx_HAL_Driver/stm32wbxx_hal_rcc_ex.o
 .text.LL_RCC_SetI2CClockSource
                0x00000000080067c8       0x3a ./Drivers/STM32WBxx_HAL_Driver/stm32wbxx_hal_rcc_ex.o
 .text.LL_RCC_SetLPTIMClockSource
                0x0000000008006802       0x34 ./Drivers/STM32WBxx_HAL_Driver/stm32wbxx_hal_rcc_ex.o
 .text.LL_RCC_SetSAIClockSource
                0x0000000008006836       0x2c ./Drivers/STM32WBxx_HAL_Driver/stm32wbxx_hal_rcc_ex.o
 .text.LL_RCC_SetRNGClockSource
                0x0000000008006862       0x2c ./Drivers/STM32WBxx_HAL_Driver/stm32wbxx_hal_rcc_ex.o
 .text.LL_RCC_SetCLK48ClockSource
                0x000000000800688e       0x2c ./Drivers/STM32WBxx_HAL_Driver/stm32wbxx_hal_rcc_ex.o
 .text.LL_RCC_SetUSBClockSource
                0x00000000080068ba       0x16 ./Drivers/STM32WBxx_HAL_Driver/stm32wbxx_hal_rcc_ex.o
 .text.LL_RCC_SetADCClockSource
                0x00000000080068d0       0x2c ./Drivers/STM32WBxx_HAL_Driver/stm32wbxx_hal_rcc_ex.o
 .text.LL_RCC_SetRTCClockSource
                0x00000000080068fc       0x2c ./Drivers/STM32WBxx_HAL_Driver/stm32wbxx_hal_rcc_ex.o
 .text.LL_RCC_GetRTCClockSource
                0x0000000008006928       0x1a ./Drivers/STM32WBxx_HAL_Driver/stm32wbxx_hal_rcc_ex.o
 .text.LL_RCC_ForceBackupDomainReset
                0x0000000008006942       0x22 ./Drivers/STM32WBxx_HAL_Driver/stm32wbxx_hal_rcc_ex.o
 .text.LL_RCC_ReleaseBackupDomainReset
                0x0000000008006964       0x22 ./Drivers/STM32WBxx_HAL_Driver/stm32wbxx_hal_rcc_ex.o
 .text.LL_RCC_PLLSAI1_Enable
                0x0000000008006986       0x1e ./Drivers/STM32WBxx_HAL_Driver/stm32wbxx_hal_rcc_ex.o
 .text.LL_RCC_PLLSAI1_Disable
                0x00000000080069a4       0x1e ./Drivers/STM32WBxx_HAL_Driver/stm32wbxx_hal_rcc_ex.o
 .text.LL_RCC_PLLSAI1_IsReady
                0x00000000080069c2       0x24 ./Drivers/STM32WBxx_HAL_Driver/stm32wbxx_hal_rcc_ex.o
 .text.HAL_RCCEx_PeriphCLKConfig
                0x00000000080069e6      0x2ec ./Drivers/STM32WBxx_HAL_Driver/stm32wbxx_hal_rcc_ex.o
                0x00000000080069e6                HAL_RCCEx_PeriphCLKConfig
 .text.RCCEx_PLLSAI1_ConfigNP
                0x0000000008006cd2       0xb6 ./Drivers/STM32WBxx_HAL_Driver/stm32wbxx_hal_rcc_ex.o
 .text.RCCEx_PLLSAI1_ConfigNQ
                0x0000000008006d88       0xb6 ./Drivers/STM32WBxx_HAL_Driver/stm32wbxx_hal_rcc_ex.o
 .text.RCCEx_PLLSAI1_ConfigNR
                0x0000000008006e3e       0xb6 ./Drivers/STM32WBxx_HAL_Driver/stm32wbxx_hal_rcc_ex.o
 .text.HAL_RTC_Init
                0x0000000008006ef4      0x13c ./Drivers/STM32WBxx_HAL_Driver/stm32wbxx_hal_rtc.o
                0x0000000008006ef4                HAL_RTC_Init
 .text.HAL_RTC_WaitForSynchro
                0x0000000008007030       0x4c ./Drivers/STM32WBxx_HAL_Driver/stm32wbxx_hal_rtc.o
                0x0000000008007030                HAL_RTC_WaitForSynchro
 .text.RTC_EnterInitMode
                0x000000000800707c       0x54 ./Drivers/STM32WBxx_HAL_Driver/stm32wbxx_hal_rtc.o
                0x000000000800707c                RTC_EnterInitMode
 .text.HAL_RTCEx_SetWakeUpTimer_IT
                0x00000000080070d0      0x178 ./Drivers/STM32WBxx_HAL_Driver/stm32wbxx_hal_rtc_ex.o
                0x00000000080070d0                HAL_RTCEx_SetWakeUpTimer_IT
 .text.HAL_RTCEx_EnableBypassShadow
                0x0000000008007248       0x6c ./Drivers/STM32WBxx_HAL_Driver/stm32wbxx_hal_rtc_ex.o
                0x0000000008007248                HAL_RTCEx_EnableBypassShadow
 .text.LL_RCC_GetUSARTClockSource
                0x00000000080072b4       0x20 ./Drivers/STM32WBxx_HAL_Driver/stm32wbxx_hal_uart.o
 .text.LL_RCC_GetLPUARTClockSource
                0x00000000080072d4       0x20 ./Drivers/STM32WBxx_HAL_Driver/stm32wbxx_hal_uart.o
 .text.HAL_UART_Init
                0x00000000080072f4       0xa0 ./Drivers/STM32WBxx_HAL_Driver/stm32wbxx_hal_uart.o
                0x00000000080072f4                HAL_UART_Init
 .text.HAL_UART_Transmit_DMA
                0x0000000008007394      0x124 ./Drivers/STM32WBxx_HAL_Driver/stm32wbxx_hal_uart.o
                0x0000000008007394                HAL_UART_Transmit_DMA
 .text.HAL_UART_IRQHandler
                0x00000000080074b8      0x630 ./Drivers/STM32WBxx_HAL_Driver/stm32wbxx_hal_uart.o
                0x00000000080074b8                HAL_UART_IRQHandler
 .text.HAL_UART_TxHalfCpltCallback
                0x0000000008007ae8       0x14 ./Drivers/STM32WBxx_HAL_Driver/stm32wbxx_hal_uart.o
                0x0000000008007ae8                HAL_UART_TxHalfCpltCallback
 .text.HAL_UART_ErrorCallback
                0x0000000008007afc       0x14 ./Drivers/STM32WBxx_HAL_Driver/stm32wbxx_hal_uart.o
                0x0000000008007afc                HAL_UART_ErrorCallback
 .text.HAL_UARTEx_RxEventCallback
                0x0000000008007b10       0x18 ./Drivers/STM32WBxx_HAL_Driver/stm32wbxx_hal_uart.o
                0x0000000008007b10                HAL_UARTEx_RxEventCallback
 .text.UART_SetConfig
                0x0000000008007b28      0x44c ./Drivers/STM32WBxx_HAL_Driver/stm32wbxx_hal_uart.o
                0x0000000008007b28                UART_SetConfig
 .text.UART_AdvFeatureConfig
                0x0000000008007f74      0x144 ./Drivers/STM32WBxx_HAL_Driver/stm32wbxx_hal_uart.o
                0x0000000008007f74                UART_AdvFeatureConfig
 .text.UART_CheckIdleState
                0x00000000080080b8       0x96 ./Drivers/STM32WBxx_HAL_Driver/stm32wbxx_hal_uart.o
                0x00000000080080b8                UART_CheckIdleState
 .text.UART_WaitOnFlagUntilTimeout
                0x000000000800814e      0x190 ./Drivers/STM32WBxx_HAL_Driver/stm32wbxx_hal_uart.o
                0x000000000800814e                UART_WaitOnFlagUntilTimeout
 .text.UART_EndTxTransfer
                0x00000000080082de       0x82 ./Drivers/STM32WBxx_HAL_Driver/stm32wbxx_hal_uart.o
 .text.UART_EndRxTransfer
                0x0000000008008360       0xcc ./Drivers/STM32WBxx_HAL_Driver/stm32wbxx_hal_uart.o
 .text.UART_DMATransmitCplt
                0x000000000800842c       0x9a ./Drivers/STM32WBxx_HAL_Driver/stm32wbxx_hal_uart.o
 .text.UART_DMATxHalfCplt
                0x00000000080084c6       0x1c ./Drivers/STM32WBxx_HAL_Driver/stm32wbxx_hal_uart.o
 .text.UART_DMAError
                0x00000000080084e2       0x80 ./Drivers/STM32WBxx_HAL_Driver/stm32wbxx_hal_uart.o
 .text.UART_DMAAbortOnError
                0x0000000008008562       0x2c ./Drivers/STM32WBxx_HAL_Driver/stm32wbxx_hal_uart.o
 .text.UART_EndTransmit_IT
                0x000000000800858e       0x56 ./Drivers/STM32WBxx_HAL_Driver/stm32wbxx_hal_uart.o
 .text.HAL_UARTEx_WakeupCallback
                0x00000000080085e4       0x14 ./Drivers/STM32WBxx_HAL_Driver/stm32wbxx_hal_uart_ex.o
                0x00000000080085e4                HAL_UARTEx_WakeupCallback
 .text.HAL_UARTEx_RxFifoFullCallback
                0x00000000080085f8       0x14 ./Drivers/STM32WBxx_HAL_Driver/stm32wbxx_hal_uart_ex.o
                0x00000000080085f8                HAL_UARTEx_RxFifoFullCallback
 .text.HAL_UARTEx_TxFifoEmptyCallback
                0x000000000800860c       0x14 ./Drivers/STM32WBxx_HAL_Driver/stm32wbxx_hal_uart_ex.o
                0x000000000800860c                HAL_UARTEx_TxFifoEmptyCallback
 .text.HAL_UARTEx_DisableFifoMode
                0x0000000008008620       0x72 ./Drivers/STM32WBxx_HAL_Driver/stm32wbxx_hal_uart_ex.o
                0x0000000008008620                HAL_UARTEx_DisableFifoMode
 .text.HAL_UARTEx_SetTxFifoThreshold
                0x0000000008008692       0x7c ./Drivers/STM32WBxx_HAL_Driver/stm32wbxx_hal_uart_ex.o
                0x0000000008008692                HAL_UARTEx_SetTxFifoThreshold
 .text.HAL_UARTEx_SetRxFifoThreshold
                0x000000000800870e       0x7c ./Drivers/STM32WBxx_HAL_Driver/stm32wbxx_hal_uart_ex.o
                0x000000000800870e                HAL_UARTEx_SetRxFifoThreshold
 *fill*         0x000000000800878a        0x2 
 .text.UARTEx_SetNbDataToProcess
                0x000000000800878c       0x9c ./Drivers/STM32WBxx_HAL_Driver/stm32wbxx_hal_uart_ex.o
 .text.aci_gap_set_io_capability
                0x0000000008008828       0xa8 ./Middlewares/STM32_WPAN/ble_gap_aci.o
                0x0000000008008828                aci_gap_set_io_capability
 .text.aci_gap_set_authentication_requirement
                0x00000000080088d0      0x188 ./Middlewares/STM32_WPAN/ble_gap_aci.o
                0x00000000080088d0                aci_gap_set_authentication_requirement
 .text.aci_gap_init
                0x0000000008008a58      0x15a ./Middlewares/STM32_WPAN/ble_gap_aci.o
                0x0000000008008a58                aci_gap_init
 .text.aci_gap_configure_whitelist
                0x0000000008008bb2       0x48 ./Middlewares/STM32_WPAN/ble_gap_aci.o
                0x0000000008008bb2                aci_gap_configure_whitelist
 .text.aci_gap_start_general_discovery_proc
                0x0000000008008bfa      0x128 ./Middlewares/STM32_WPAN/ble_gap_aci.o
                0x0000000008008bfa                aci_gap_start_general_discovery_proc
 .text.aci_gap_create_connection
                0x0000000008008d22      0x1b6 ./Middlewares/STM32_WPAN/ble_gap_aci.o
                0x0000000008008d22                aci_gap_create_connection
 .text.aci_gatt_init
                0x0000000008008ed8       0x4a ./Middlewares/STM32_WPAN/ble_gatt_aci.o
                0x0000000008008ed8                aci_gatt_init
 .text.aci_gatt_update_char_value
                0x0000000008008f22      0x152 ./Middlewares/STM32_WPAN/ble_gatt_aci.o
                0x0000000008008f22                aci_gatt_update_char_value
 .text.aci_gatt_disc_all_primary_services
                0x0000000008009074       0xb0 ./Middlewares/STM32_WPAN/ble_gatt_aci.o
                0x0000000008009074                aci_gatt_disc_all_primary_services
 .text.aci_gatt_disc_all_char_of_service
                0x0000000008009124      0x102 ./Middlewares/STM32_WPAN/ble_gatt_aci.o
                0x0000000008009124                aci_gatt_disc_all_char_of_service
 .text.aci_gatt_disc_all_char_desc
                0x0000000008009226      0x102 ./Middlewares/STM32_WPAN/ble_gatt_aci.o
                0x0000000008009226                aci_gatt_disc_all_char_desc
 .text.aci_gatt_write_char_desc
                0x0000000008009328      0x13e ./Middlewares/STM32_WPAN/ble_gatt_aci.o
                0x0000000008009328                aci_gatt_write_char_desc
 .text.aci_gatt_write_without_resp
                0x0000000008009466      0x138 ./Middlewares/STM32_WPAN/ble_gatt_aci.o
                0x0000000008009466                aci_gatt_write_without_resp
 .text.aci_hal_write_config_data
                0x000000000800959e      0x10a ./Middlewares/STM32_WPAN/ble_hal_aci.o
                0x000000000800959e                aci_hal_write_config_data
 .text.aci_hal_set_tx_power_level
                0x00000000080096a8       0xce ./Middlewares/STM32_WPAN/ble_hal_aci.o
                0x00000000080096a8                aci_hal_set_tx_power_level
 .text.aci_hal_set_radio_activity_mask
                0x0000000008009776       0xa8 ./Middlewares/STM32_WPAN/ble_hal_aci.o
                0x0000000008009776                aci_hal_set_radio_activity_mask
 .text.hci_reset
                0x000000000800981e       0x48 ./Middlewares/STM32_WPAN/ble_hci_le.o
                0x000000000800981e                hci_reset
 .text.aci_l2cap_connection_parameter_update_resp
                0x0000000008009866      0x188 ./Middlewares/STM32_WPAN/ble_l2cap_aci.o
                0x0000000008009866                aci_l2cap_connection_parameter_update_resp
 *fill*         0x00000000080099ee        0x2 
 .text.DbgTrace_TxCpltCallback
                0x00000000080099f0       0x70 ./Middlewares/STM32_WPAN/dbg_trace.o
 .text.DbgTraceInit
                0x0000000008009a60       0x2c ./Middlewares/STM32_WPAN/dbg_trace.o
                0x0000000008009a60                DbgTraceInit
 .text._write   0x0000000008009a8c       0x20 ./Middlewares/STM32_WPAN/dbg_trace.o
                0x0000000008009a8c                _write
 .text.DbgTraceWrite
                0x0000000008009aac       0xb0 ./Middlewares/STM32_WPAN/dbg_trace.o
                0x0000000008009aac                DbgTraceWrite
 .text.hci_init
                0x0000000008009b5c       0x38 ./Middlewares/STM32_WPAN/hci_tl.o
                0x0000000008009b5c                hci_init
 .text.hci_user_evt_proc
                0x0000000008009b94       0x9c ./Middlewares/STM32_WPAN/hci_tl.o
                0x0000000008009b94                hci_user_evt_proc
 .text.hci_send_req
                0x0000000008009c30       0xfc ./Middlewares/STM32_WPAN/hci_tl.o
                0x0000000008009c30                hci_send_req
 .text.TlInit   0x0000000008009d2c       0x60 ./Middlewares/STM32_WPAN/hci_tl.o
 .text.SendCmd  0x0000000008009d8c       0x4c ./Middlewares/STM32_WPAN/hci_tl.o
 .text.NotifyCmdStatus
                0x0000000008009dd8       0x40 ./Middlewares/STM32_WPAN/hci_tl.o
 .text.TlEvtReceived
                0x0000000008009e18       0x48 ./Middlewares/STM32_WPAN/hci_tl.o
 .text.hci_register_io_bus
                0x0000000008009e60       0x28 ./Middlewares/STM32_WPAN/hci_tl_if.o
                0x0000000008009e60                hci_register_io_bus
 .text.Osal_MemCpy
                0x0000000008009e88       0x20 ./Middlewares/STM32_WPAN/osal.o
                0x0000000008009e88                Osal_MemCpy
 .text.Osal_MemSet
                0x0000000008009ea8       0x20 ./Middlewares/STM32_WPAN/osal.o
                0x0000000008009ea8                Osal_MemSet
 .text.OTP_Read
                0x0000000008009ec8       0x50 ./Middlewares/STM32_WPAN/otp.o
                0x0000000008009ec8                OTP_Read
 .text.SHCI_C2_BLE_Init
                0x0000000008009f18       0x2e ./Middlewares/STM32_WPAN/shci.o
                0x0000000008009f18                SHCI_C2_BLE_Init
 .text.SHCI_C2_DEBUG_Init
                0x0000000008009f46       0x2e ./Middlewares/STM32_WPAN/shci.o
                0x0000000008009f46                SHCI_C2_DEBUG_Init
 .text.SHCI_C2_Config
                0x0000000008009f74       0x2a ./Middlewares/STM32_WPAN/shci.o
                0x0000000008009f74                SHCI_C2_Config
 *fill*         0x0000000008009f9e        0x2 
 .text.SHCI_GetWirelessFwInfo
                0x0000000008009fa0      0x15c ./Middlewares/STM32_WPAN/shci.o
                0x0000000008009fa0                SHCI_GetWirelessFwInfo
 .text.shci_init
                0x000000000800a0fc       0x38 ./Middlewares/STM32_WPAN/shci_tl.o
                0x000000000800a0fc                shci_init
 .text.shci_user_evt_proc
                0x000000000800a134       0x9c ./Middlewares/STM32_WPAN/shci_tl.o
                0x000000000800a134                shci_user_evt_proc
 .text.shci_send
                0x000000000800a1d0       0x7c ./Middlewares/STM32_WPAN/shci_tl.o
                0x000000000800a1d0                shci_send
 .text.TlInit   0x000000000800a24c       0x64 ./Middlewares/STM32_WPAN/shci_tl.o
 .text.Cmd_SetStatus
                0x000000000800a2b0       0x50 ./Middlewares/STM32_WPAN/shci_tl.o
 .text.TlCmdEvtReceived
                0x000000000800a300       0x16 ./Middlewares/STM32_WPAN/shci_tl.o
 *fill*         0x000000000800a316        0x2 
 .text.TlUserEvtReceived
                0x000000000800a318       0x24 ./Middlewares/STM32_WPAN/shci_tl.o
 .text.shci_register_io_bus
                0x000000000800a33c       0x28 ./Middlewares/STM32_WPAN/shci_tl_if.o
                0x000000000800a33c                shci_register_io_bus
 .text.LST_init_head
                0x000000000800a364       0x20 ./Middlewares/STM32_WPAN/stm_list.o
                0x000000000800a364                LST_init_head
 .text.LST_is_empty
                0x000000000800a384       0x44 ./Middlewares/STM32_WPAN/stm_list.o
                0x000000000800a384                LST_is_empty
 .text.LST_insert_head
                0x000000000800a3c8       0x4c ./Middlewares/STM32_WPAN/stm_list.o
                0x000000000800a3c8                LST_insert_head
 .text.LST_insert_tail
                0x000000000800a414       0x4c ./Middlewares/STM32_WPAN/stm_list.o
                0x000000000800a414                LST_insert_tail
 .text.LST_remove_node
                0x000000000800a460       0x42 ./Middlewares/STM32_WPAN/stm_list.o
                0x000000000800a460                LST_remove_node
 .text.LST_remove_head
                0x000000000800a4a2       0x3e ./Middlewares/STM32_WPAN/stm_list.o
                0x000000000800a4a2                LST_remove_head
 .text.CircularQueue_Init
                0x000000000800a4e0       0x64 ./Middlewares/STM32_WPAN/stm_queue.o
                0x000000000800a4e0                CircularQueue_Init
 .text.CircularQueue_Add
                0x000000000800a544      0x44e ./Middlewares/STM32_WPAN/stm_queue.o
                0x000000000800a544                CircularQueue_Add
 .text.CircularQueue_Remove
                0x000000000800a992      0x1e2 ./Middlewares/STM32_WPAN/stm_queue.o
                0x000000000800a992                CircularQueue_Remove
 .text.CircularQueue_Sense
                0x000000000800ab74      0x16e ./Middlewares/STM32_WPAN/stm_queue.o
                0x000000000800ab74                CircularQueue_Sense
 .text.BAS_Init
                0x000000000800ace2        0xe ./Middlewares/STM32_WPAN/svc_ctl.o
                0x000000000800ace2                BAS_Init
 .text.BLS_Init
                0x000000000800acf0        0xe ./Middlewares/STM32_WPAN/svc_ctl.o
                0x000000000800acf0                BLS_Init
 .text.CRS_STM_Init
                0x000000000800acfe        0xe ./Middlewares/STM32_WPAN/svc_ctl.o
                0x000000000800acfe                CRS_STM_Init
 .text.DIS_Init
                0x000000000800ad0c        0xe ./Middlewares/STM32_WPAN/svc_ctl.o
                0x000000000800ad0c                DIS_Init
 .text.EDS_STM_Init
                0x000000000800ad1a        0xe ./Middlewares/STM32_WPAN/svc_ctl.o
                0x000000000800ad1a                EDS_STM_Init
 .text.HIDS_Init
                0x000000000800ad28        0xe ./Middlewares/STM32_WPAN/svc_ctl.o
                0x000000000800ad28                HIDS_Init
 .text.HRS_Init
                0x000000000800ad36        0xe ./Middlewares/STM32_WPAN/svc_ctl.o
                0x000000000800ad36                HRS_Init
 .text.HTS_Init
                0x000000000800ad44        0xe ./Middlewares/STM32_WPAN/svc_ctl.o
                0x000000000800ad44                HTS_Init
 .text.IAS_Init
                0x000000000800ad52        0xe ./Middlewares/STM32_WPAN/svc_ctl.o
                0x000000000800ad52                IAS_Init
 .text.LLS_Init
                0x000000000800ad60        0xe ./Middlewares/STM32_WPAN/svc_ctl.o
                0x000000000800ad60                LLS_Init
 .text.TPS_Init
                0x000000000800ad6e        0xe ./Middlewares/STM32_WPAN/svc_ctl.o
                0x000000000800ad6e                TPS_Init
 .text.MOTENV_STM_Init
                0x000000000800ad7c        0xe ./Middlewares/STM32_WPAN/svc_ctl.o
                0x000000000800ad7c                MOTENV_STM_Init
 .text.P2PS_STM_Init
                0x000000000800ad8a        0xe ./Middlewares/STM32_WPAN/svc_ctl.o
                0x000000000800ad8a                P2PS_STM_Init
 .text.ZDD_STM_Init
                0x000000000800ad98        0xe ./Middlewares/STM32_WPAN/svc_ctl.o
                0x000000000800ad98                ZDD_STM_Init
 .text.OTAS_STM_Init
                0x000000000800ada6        0xe ./Middlewares/STM32_WPAN/svc_ctl.o
                0x000000000800ada6                OTAS_STM_Init
 .text.MESH_Init
                0x000000000800adb4        0xe ./Middlewares/STM32_WPAN/svc_ctl.o
                0x000000000800adb4                MESH_Init
 .text.BVOPUS_STM_Init
                0x000000000800adc2        0xe ./Middlewares/STM32_WPAN/svc_ctl.o
                0x000000000800adc2                BVOPUS_STM_Init
 .text.SVCCTL_InitCustomSvc
                0x000000000800add0        0xe ./Middlewares/STM32_WPAN/svc_ctl.o
                0x000000000800add0                SVCCTL_InitCustomSvc
 *fill*         0x000000000800adde        0x2 
 .text.SVCCTL_Init
                0x000000000800ade0       0x20 ./Middlewares/STM32_WPAN/svc_ctl.o
                0x000000000800ade0                SVCCTL_Init
 .text.SVCCTL_SvcInit
                0x000000000800ae00       0x50 ./Middlewares/STM32_WPAN/svc_ctl.o
                0x000000000800ae00                SVCCTL_SvcInit
 .text.SVCCTL_RegisterCltHandler
                0x000000000800ae50       0x34 ./Middlewares/STM32_WPAN/svc_ctl.o
                0x000000000800ae50                SVCCTL_RegisterCltHandler
 .text.SVCCTL_UserEvtRx
                0x000000000800ae84       0xe0 ./Middlewares/STM32_WPAN/svc_ctl.o
                0x000000000800ae84                SVCCTL_UserEvtRx
 .text.TL_Enable
                0x000000000800af64        0xc ./Middlewares/STM32_WPAN/tl_mbox.o
                0x000000000800af64                TL_Enable
 .text.TL_Init  0x000000000800af70       0x74 ./Middlewares/STM32_WPAN/tl_mbox.o
                0x000000000800af70                TL_Init
 .text.TL_BLE_Init
                0x000000000800afe4       0x68 ./Middlewares/STM32_WPAN/tl_mbox.o
                0x000000000800afe4                TL_BLE_Init
 .text.TL_BLE_SendCmd
                0x000000000800b04c       0x38 ./Middlewares/STM32_WPAN/tl_mbox.o
                0x000000000800b04c                TL_BLE_SendCmd
 .text.HW_IPCC_BLE_RxEvtNot
                0x000000000800b084       0x60 ./Middlewares/STM32_WPAN/tl_mbox.o
                0x000000000800b084                HW_IPCC_BLE_RxEvtNot
 .text.HW_IPCC_BLE_AclDataAckNot
                0x000000000800b0e4       0x14 ./Middlewares/STM32_WPAN/tl_mbox.o
                0x000000000800b0e4                HW_IPCC_BLE_AclDataAckNot
 .text.TL_SYS_Init
                0x000000000800b0f8       0x54 ./Middlewares/STM32_WPAN/tl_mbox.o
                0x000000000800b0f8                TL_SYS_Init
 .text.TL_SYS_SendCmd
                0x000000000800b14c       0x38 ./Middlewares/STM32_WPAN/tl_mbox.o
                0x000000000800b14c                TL_SYS_SendCmd
 .text.HW_IPCC_SYS_CmdEvtNot
                0x000000000800b184       0x2c ./Middlewares/STM32_WPAN/tl_mbox.o
                0x000000000800b184                HW_IPCC_SYS_CmdEvtNot
 .text.HW_IPCC_SYS_EvtNot
                0x000000000800b1b0       0x44 ./Middlewares/STM32_WPAN/tl_mbox.o
                0x000000000800b1b0                HW_IPCC_SYS_EvtNot
 .text.TL_MM_Init
                0x000000000800b1f4       0x78 ./Middlewares/STM32_WPAN/tl_mbox.o
                0x000000000800b1f4                TL_MM_Init
 .text.TL_MM_EvtDone
                0x000000000800b26c       0x30 ./Middlewares/STM32_WPAN/tl_mbox.o
                0x000000000800b26c                TL_MM_EvtDone
 .text.SendFreeBuf
                0x000000000800b29c       0x40 ./Middlewares/STM32_WPAN/tl_mbox.o
 .text.TL_TRACES_Init
                0x000000000800b2dc       0x24 ./Middlewares/STM32_WPAN/tl_mbox.o
                0x000000000800b2dc                TL_TRACES_Init
 .text.HW_IPCC_TRACES_EvtNot
                0x000000000800b300       0x34 ./Middlewares/STM32_WPAN/tl_mbox.o
                0x000000000800b300                HW_IPCC_TRACES_EvtNot
 .text.TL_TRACES_EvtReceived
                0x000000000800b334       0x14 ./Middlewares/STM32_WPAN/tl_mbox.o
                0x000000000800b334                TL_TRACES_EvtReceived
 .text.OutputDbgTrace
                0x000000000800b348       0xac ./Middlewares/STM32_WPAN/tl_mbox.o
 .text.UTIL_LPM_Init
                0x000000000800b3f4       0x24 ./Utilities/stm32_lpm.o
                0x000000000800b3f4                UTIL_LPM_Init
 .text.UTIL_LPM_SetOffMode
                0x000000000800b418       0x60 ./Utilities/stm32_lpm.o
                0x000000000800b418                UTIL_LPM_SetOffMode
 .text.UTIL_SEQ_Run
                0x000000000800b478      0x1fc ./Utilities/stm32_seq.o
                0x000000000800b478                UTIL_SEQ_Run
 .text.UTIL_SEQ_RegTask
                0x000000000800b674       0x44 ./Utilities/stm32_seq.o
                0x000000000800b674                UTIL_SEQ_RegTask
 .text.UTIL_SEQ_SetTask
                0x000000000800b6b8       0x58 ./Utilities/stm32_seq.o
                0x000000000800b6b8                UTIL_SEQ_SetTask
 .text.UTIL_SEQ_PauseTask
                0x000000000800b710       0x40 ./Utilities/stm32_seq.o
                0x000000000800b710                UTIL_SEQ_PauseTask
 .text.UTIL_SEQ_ResumeTask
                0x000000000800b750       0x40 ./Utilities/stm32_seq.o
                0x000000000800b750                UTIL_SEQ_ResumeTask
 .text.UTIL_SEQ_SetEvt
                0x000000000800b790       0x40 ./Utilities/stm32_seq.o
                0x000000000800b790                UTIL_SEQ_SetEvt
 .text.UTIL_SEQ_WaitEvt
                0x000000000800b7d0       0x94 ./Utilities/stm32_seq.o
                0x000000000800b7d0                UTIL_SEQ_WaitEvt
 .text.UTIL_SEQ_PreIdle
                0x000000000800b864        0xe ./Utilities/stm32_seq.o
                0x000000000800b864                UTIL_SEQ_PreIdle
 .text.UTIL_SEQ_PostIdle
                0x000000000800b872        0xe ./Utilities/stm32_seq.o
                0x000000000800b872                UTIL_SEQ_PostIdle
 .text.SEQ_BitPosition
                0x000000000800b880       0x78 ./Utilities/stm32_seq.o
                0x000000000800b880                SEQ_BitPosition
 .text.__errno  0x000000000800b8f8        0xc c:/st/stm32cubeide_1.4.0/stm32cubeide/plugins/com.st.stm32cube.ide.mcu.externaltools.gnu-tools-for-stm32.10.3-2021.10.win32_1.0.0.202111181127/tools/bin/../lib/gcc/arm-none-eabi/10.3.1/../../../../arm-none-eabi/lib/thumb/v7e-m+fp/hard\libc_nano.a(lib_a-errno.o)
                0x000000000800b8f8                __errno
 .text.__libc_init_array
                0x000000000800b904       0x48 c:/st/stm32cubeide_1.4.0/stm32cubeide/plugins/com.st.stm32cube.ide.mcu.externaltools.gnu-tools-for-stm32.10.3-2021.10.win32_1.0.0.202111181127/tools/bin/../lib/gcc/arm-none-eabi/10.3.1/../../../../arm-none-eabi/lib/thumb/v7e-m+fp/hard\libc_nano.a(lib_a-init.o)
                0x000000000800b904                __libc_init_array
 .text.memcpy   0x000000000800b94c       0x1c c:/st/stm32cubeide_1.4.0/stm32cubeide/plugins/com.st.stm32cube.ide.mcu.externaltools.gnu-tools-for-stm32.10.3-2021.10.win32_1.0.0.202111181127/tools/bin/../lib/gcc/arm-none-eabi/10.3.1/../../../../arm-none-eabi/lib/thumb/v7e-m+fp/hard\libc_nano.a(lib_a-memcpy-stub.o)
                0x000000000800b94c                memcpy
 .text.memset   0x000000000800b968       0x10 c:/st/stm32cubeide_1.4.0/stm32cubeide/plugins/com.st.stm32cube.ide.mcu.externaltools.gnu-tools-for-stm32.10.3-2021.10.win32_1.0.0.202111181127/tools/bin/../lib/gcc/arm-none-eabi/10.3.1/../../../../arm-none-eabi/lib/thumb/v7e-m+fp/hard\libc_nano.a(lib_a-memset.o)
                0x000000000800b968                memset
 .text.printf   0x000000000800b978       0x30 c:/st/stm32cubeide_1.4.0/stm32cubeide/plugins/com.st.stm32cube.ide.mcu.externaltools.gnu-tools-for-stm32.10.3-2021.10.win32_1.0.0.202111181127/tools/bin/../lib/gcc/arm-none-eabi/10.3.1/../../../../arm-none-eabi/lib/thumb/v7e-m+fp/hard\libc_nano.a(lib_a-printf.o)
                0x000000000800b978                iprintf
                0x000000000800b978                printf
 .text.putchar  0x000000000800b9a8       0x2c c:/st/stm32cubeide_1.4.0/stm32cubeide/plugins/com.st.stm32cube.ide.mcu.externaltools.gnu-tools-for-stm32.10.3-2021.10.win32_1.0.0.202111181127/tools/bin/../lib/gcc/arm-none-eabi/10.3.1/../../../../arm-none-eabi/lib/thumb/v7e-m+fp/hard\libc_nano.a(lib_a-putchar.o)
                0x000000000800b9a8                putchar
 .text._puts_r  0x000000000800b9d4       0xdc c:/st/stm32cubeide_1.4.0/stm32cubeide/plugins/com.st.stm32cube.ide.mcu.externaltools.gnu-tools-for-stm32.10.3-2021.10.win32_1.0.0.202111181127/tools/bin/../lib/gcc/arm-none-eabi/10.3.1/../../../../arm-none-eabi/lib/thumb/v7e-m+fp/hard\libc_nano.a(lib_a-puts.o)
                0x000000000800b9d4                _puts_r
 .text.puts     0x000000000800bab0       0x10 c:/st/stm32cubeide_1.4.0/stm32cubeide/plugins/com.st.stm32cube.ide.mcu.externaltools.gnu-tools-for-stm32.10.3-2021.10.win32_1.0.0.202111181127/tools/bin/../lib/gcc/arm-none-eabi/10.3.1/../../../../arm-none-eabi/lib/thumb/v7e-m+fp/hard\libc_nano.a(lib_a-puts.o)
                0x000000000800bab0                puts
 .text.__swbuf_r
                0x000000000800bac0       0xa4 c:/st/stm32cubeide_1.4.0/stm32cubeide/plugins/com.st.stm32cube.ide.mcu.externaltools.gnu-tools-for-stm32.10.3-2021.10.win32_1.0.0.202111181127/tools/bin/../lib/gcc/arm-none-eabi/10.3.1/../../../../arm-none-eabi/lib/thumb/v7e-m+fp/hard\libc_nano.a(lib_a-wbuf.o)
                0x000000000800bac0                __swbuf_r
 .text.__swsetup_r
                0x000000000800bb64       0xdc c:/st/stm32cubeide_1.4.0/stm32cubeide/plugins/com.st.stm32cube.ide.mcu.externaltools.gnu-tools-for-stm32.10.3-2021.10.win32_1.0.0.202111181127/tools/bin/../lib/gcc/arm-none-eabi/10.3.1/../../../../arm-none-eabi/lib/thumb/v7e-m+fp/hard\libc_nano.a(lib_a-wsetup.o)
                0x000000000800bb64                __swsetup_r
 .text.__sflush_r
                0x000000000800bc40      0x10c c:/st/stm32cubeide_1.4.0/stm32cubeide/plugins/com.st.stm32cube.ide.mcu.externaltools.gnu-tools-for-stm32.10.3-2021.10.win32_1.0.0.202111181127/tools/bin/../lib/gcc/arm-none-eabi/10.3.1/../../../../arm-none-eabi/lib/thumb/v7e-m+fp/hard\libc_nano.a(lib_a-fflush.o)
                0x000000000800bc40                __sflush_r
 .text._fflush_r
                0x000000000800bd4c       0x78 c:/st/stm32cubeide_1.4.0/stm32cubeide/plugins/com.st.stm32cube.ide.mcu.externaltools.gnu-tools-for-stm32.10.3-2021.10.win32_1.0.0.202111181127/tools/bin/../lib/gcc/arm-none-eabi/10.3.1/../../../../arm-none-eabi/lib/thumb/v7e-m+fp/hard\libc_nano.a(lib_a-fflush.o)
                0x000000000800bd4c                _fflush_r
 .text.std      0x000000000800bdc4       0x48 c:/st/stm32cubeide_1.4.0/stm32cubeide/plugins/com.st.stm32cube.ide.mcu.externaltools.gnu-tools-for-stm32.10.3-2021.10.win32_1.0.0.202111181127/tools/bin/../lib/gcc/arm-none-eabi/10.3.1/../../../../arm-none-eabi/lib/thumb/v7e-m+fp/hard\libc_nano.a(lib_a-findfp.o)
 .text._cleanup_r
                0x000000000800be0c        0xc c:/st/stm32cubeide_1.4.0/stm32cubeide/plugins/com.st.stm32cube.ide.mcu.externaltools.gnu-tools-for-stm32.10.3-2021.10.win32_1.0.0.202111181127/tools/bin/../lib/gcc/arm-none-eabi/10.3.1/../../../../arm-none-eabi/lib/thumb/v7e-m+fp/hard\libc_nano.a(lib_a-findfp.o)
                0x000000000800be0c                _cleanup_r
 .text.__sfmoreglue
                0x000000000800be18       0x2c c:/st/stm32cubeide_1.4.0/stm32cubeide/plugins/com.st.stm32cube.ide.mcu.externaltools.gnu-tools-for-stm32.10.3-2021.10.win32_1.0.0.202111181127/tools/bin/../lib/gcc/arm-none-eabi/10.3.1/../../../../arm-none-eabi/lib/thumb/v7e-m+fp/hard\libc_nano.a(lib_a-findfp.o)
                0x000000000800be18                __sfmoreglue
 .text.__sfp_lock_acquire
                0x000000000800be44        0xc c:/st/stm32cubeide_1.4.0/stm32cubeide/plugins/com.st.stm32cube.ide.mcu.externaltools.gnu-tools-for-stm32.10.3-2021.10.win32_1.0.0.202111181127/tools/bin/../lib/gcc/arm-none-eabi/10.3.1/../../../../arm-none-eabi/lib/thumb/v7e-m+fp/hard\libc_nano.a(lib_a-findfp.o)
                0x000000000800be44                __sfp_lock_acquire
 .text.__sfp_lock_release
                0x000000000800be50        0xc c:/st/stm32cubeide_1.4.0/stm32cubeide/plugins/com.st.stm32cube.ide.mcu.externaltools.gnu-tools-for-stm32.10.3-2021.10.win32_1.0.0.202111181127/tools/bin/../lib/gcc/arm-none-eabi/10.3.1/../../../../arm-none-eabi/lib/thumb/v7e-m+fp/hard\libc_nano.a(lib_a-findfp.o)
                0x000000000800be50                __sfp_lock_release
 .text.__sinit_lock_acquire
                0x000000000800be5c        0xc c:/st/stm32cubeide_1.4.0/stm32cubeide/plugins/com.st.stm32cube.ide.mcu.externaltools.gnu-tools-for-stm32.10.3-2021.10.win32_1.0.0.202111181127/tools/bin/../lib/gcc/arm-none-eabi/10.3.1/../../../../arm-none-eabi/lib/thumb/v7e-m+fp/hard\libc_nano.a(lib_a-findfp.o)
                0x000000000800be5c                __sinit_lock_acquire
 .text.__sinit_lock_release
                0x000000000800be68        0xc c:/st/stm32cubeide_1.4.0/stm32cubeide/plugins/com.st.stm32cube.ide.mcu.externaltools.gnu-tools-for-stm32.10.3-2021.10.win32_1.0.0.202111181127/tools/bin/../lib/gcc/arm-none-eabi/10.3.1/../../../../arm-none-eabi/lib/thumb/v7e-m+fp/hard\libc_nano.a(lib_a-findfp.o)
                0x000000000800be68                __sinit_lock_release
 .text.__sinit  0x000000000800be74       0x70 c:/st/stm32cubeide_1.4.0/stm32cubeide/plugins/com.st.stm32cube.ide.mcu.externaltools.gnu-tools-for-stm32.10.3-2021.10.win32_1.0.0.202111181127/tools/bin/../lib/gcc/arm-none-eabi/10.3.1/../../../../arm-none-eabi/lib/thumb/v7e-m+fp/hard\libc_nano.a(lib_a-findfp.o)
                0x000000000800be74                __sinit
 .text.__sfp    0x000000000800bee4       0x8c c:/st/stm32cubeide_1.4.0/stm32cubeide/plugins/com.st.stm32cube.ide.mcu.externaltools.gnu-tools-for-stm32.10.3-2021.10.win32_1.0.0.202111181127/tools/bin/../lib/gcc/arm-none-eabi/10.3.1/../../../../arm-none-eabi/lib/thumb/v7e-m+fp/hard\libc_nano.a(lib_a-findfp.o)
                0x000000000800bee4                __sfp
 .text._fwalk_reent
                0x000000000800bf70       0x3e c:/st/stm32cubeide_1.4.0/stm32cubeide/plugins/com.st.stm32cube.ide.mcu.externaltools.gnu-tools-for-stm32.10.3-2021.10.win32_1.0.0.202111181127/tools/bin/../lib/gcc/arm-none-eabi/10.3.1/../../../../arm-none-eabi/lib/thumb/v7e-m+fp/hard\libc_nano.a(lib_a-fwalk.o)
                0x000000000800bf70                _fwalk_reent
 .text.__retarget_lock_init_recursive
                0x000000000800bfae        0x2 c:/st/stm32cubeide_1.4.0/stm32cubeide/plugins/com.st.stm32cube.ide.mcu.externaltools.gnu-tools-for-stm32.10.3-2021.10.win32_1.0.0.202111181127/tools/bin/../lib/gcc/arm-none-eabi/10.3.1/../../../../arm-none-eabi/lib/thumb/v7e-m+fp/hard\libc_nano.a(lib_a-lock.o)
                0x000000000800bfae                __retarget_lock_init_recursive
 .text.__retarget_lock_acquire_recursive
                0x000000000800bfb0        0x2 c:/st/stm32cubeide_1.4.0/stm32cubeide/plugins/com.st.stm32cube.ide.mcu.externaltools.gnu-tools-for-stm32.10.3-2021.10.win32_1.0.0.202111181127/tools/bin/../lib/gcc/arm-none-eabi/10.3.1/../../../../arm-none-eabi/lib/thumb/v7e-m+fp/hard\libc_nano.a(lib_a-lock.o)
                0x000000000800bfb0                __retarget_lock_acquire_recursive
 .text.__retarget_lock_release_recursive
                0x000000000800bfb2        0x2 c:/st/stm32cubeide_1.4.0/stm32cubeide/plugins/com.st.stm32cube.ide.mcu.externaltools.gnu-tools-for-stm32.10.3-2021.10.win32_1.0.0.202111181127/tools/bin/../lib/gcc/arm-none-eabi/10.3.1/../../../../arm-none-eabi/lib/thumb/v7e-m+fp/hard\libc_nano.a(lib_a-lock.o)
                0x000000000800bfb2                __retarget_lock_release_recursive
 .text.__swhatbuf_r
                0x000000000800bfb4       0x4a c:/st/stm32cubeide_1.4.0/stm32cubeide/plugins/com.st.stm32cube.ide.mcu.externaltools.gnu-tools-for-stm32.10.3-2021.10.win32_1.0.0.202111181127/tools/bin/../lib/gcc/arm-none-eabi/10.3.1/../../../../arm-none-eabi/lib/thumb/v7e-m+fp/hard\libc_nano.a(lib_a-makebuf.o)
                0x000000000800bfb4                __swhatbuf_r
 *fill*         0x000000000800bffe        0x2 
 .text.__smakebuf_r
                0x000000000800c000       0x80 c:/st/stm32cubeide_1.4.0/stm32cubeide/plugins/com.st.stm32cube.ide.mcu.externaltools.gnu-tools-for-stm32.10.3-2021.10.win32_1.0.0.202111181127/tools/bin/../lib/gcc/arm-none-eabi/10.3.1/../../../../arm-none-eabi/lib/thumb/v7e-m+fp/hard\libc_nano.a(lib_a-makebuf.o)
                0x000000000800c000                __smakebuf_r
 .text._free_r  0x000000000800c080       0x98 c:/st/stm32cubeide_1.4.0/stm32cubeide/plugins/com.st.stm32cube.ide.mcu.externaltools.gnu-tools-for-stm32.10.3-2021.10.win32_1.0.0.202111181127/tools/bin/../lib/gcc/arm-none-eabi/10.3.1/../../../../arm-none-eabi/lib/thumb/v7e-m+fp/hard\libc_nano.a(lib_a-nano-freer.o)
                0x000000000800c080                _free_r
 .text.sbrk_aligned